ARM Linker, 4.1 [Build 481] [Standard]

==============================================================================

Section Cross References

    application.o(.text) refers to led.o(.text) for rt_hw_led_init
    application.o(.text) refers to gpio.o(.text) for gpio
    application.o(.text) refers to thread.o(.text) for rt_thread_delay
    application.o(.text) refers to i2c.o(.text) for i2c
    application.o(.text) refers to i2c-stm32.o(.text) for rt_i2c_stm32_add_bus
    application.o(.text) refers to kservice.o(.text) for rt_kprintf
    application.o(.text) refers to application.o(.bss) for led_stack
    startup.o(.text) refers to kservice.o(.text) for rt_kprintf
    startup.o(.text) refers to board.o(.text) for rt_hw_board_init
    startup.o(.text) refers to clock.o(.text) for rt_system_tick_init
    startup.o(.text) refers to object.o(.text) for rt_system_object_init
    startup.o(.text) refers to timer.o(.text) for rt_system_timer_init
    startup.o(.text) refers to mem.o(.text) for rt_system_heap_init
    startup.o(.text) refers to scheduler.o(.text) for rt_system_scheduler_init
    startup.o(.text) refers to rtc.o(.text) for rt_hw_rtc_init
    startup.o(.text) refers to device.o(.text) for rt_device_init_all
    startup.o(.text) refers to application.o(.text) for rt_application_init
    startup.o(.text) refers to shell.o(.text) for finsh_system_init
    startup.o(.text) refers to idle.o(.text) for rt_thread_idle_init
    startup.o(.text) refers to context_rvds.o(.text) for rt_hw_interrupt_disable
    startup.o(.text) refers to startup.o(.bss) for ChipUniqueID
    startup.o(.text) refers to startup.o(.data) for ChipFlashSize
    board.o(.text) refers to misc.o(.text) for NVIC_SetVectorTable
    board.o(.text) refers to irq.o(.text) for rt_interrupt_enter
    board.o(.text) refers to clock.o(.text) for rt_tick_increase
    board.o(.text) refers to usart.o(.text) for rt_hw_usart_init
    board.o(.text) refers to kservice.o(.text) for rt_console_set_device
    board.o(.text) refers to system_stm32f10x.o(.data) for SystemCoreClock
    stm32f10x_it.o(.text) refers to board.o(.text) for rt_hw_timer_handler
    stm32f10x_it.o(.text) refers to irq.o(.text) for rt_interrupt_enter
    stm32f10x_it.o(.text) refers to serial.o(.text) for rt_hw_serial_isr
    stm32f10x_it.o(.text) refers to usart.o(.bss) for uart1_device
    rtc.o(.text) refers to kservice.o(.text) for rt_kprintf
    rtc.o(.text) refers to stm32f10x_rtc.o(.text) for RTC_GetCounter
    rtc.o(.text) refers to stm32f10x_rcc.o(.text) for RCC_APB1PeriphClockCmd
    rtc.o(.text) refers to stm32f10x_pwr.o(.text) for PWR_BackupAccessCmd
    rtc.o(.text) refers to stm32f10x_bkp.o(.text) for BKP_WriteBackupRegister
    rtc.o(.text) refers to device.o(.text) for rt_device_register
    rtc.o(.text) refers to localtime.o(.text) for localtime
    rtc.o(.text) refers to mktime.o(.text) for mktime
    rtc.o(.text) refers to ctime.o(.text) for ctime
    rtc.o(.text) refers to rtc.o(.constdata) for __FUNCTION__
    rtc.o(.text) refers to rtc.o(.bss) for rtc
    rtc.o(FSymTab) refers to rtc.o(.constdata) for __fsym_set_date_name
    rtc.o(FSymTab) refers to rtc.o(.text) for set_date
    usart.o(.text) refers to stm32f10x_rcc.o(.text) for RCC_APB2PeriphClockCmd
    usart.o(.text) refers to stm32f10x_gpio.o(.text) for GPIO_Init
    usart.o(.text) refers to misc.o(.text) for NVIC_Init
    usart.o(.text) refers to stm32f10x_usart.o(.text) for USART_Init
    usart.o(.text) refers to serial.o(.text) for rt_hw_serial_register
    usart.o(.text) refers to usart.o(.data) for uart1
    usart.o(.text) refers to usart.o(.bss) for uart1_device
    usart.o(.data) refers to usart.o(.bss) for uart1_int_rx
    serial.o(.text) refers to kservice.o(.text) for rt_memset
    serial.o(.text) refers to mempool.o(.text) for rt_mp_init
    serial.o(.text) refers to stm32f10x_usart.o(.text) for USART_Cmd
    serial.o(.text) refers to context_rvds.o(.text) for rt_hw_interrupt_disable
    serial.o(.text) refers to stm32f10x_dma.o(.text) for DMA_Cmd
    serial.o(.text) refers to device.o(.text) for rt_device_register
    serial.o(.text) refers to serial.o(.constdata) for __FUNCTION__
    led.o(.text) refers to stm32f10x_rcc.o(.text) for RCC_APB2PeriphClockCmd
    led.o(.text) refers to stm32f10x_gpio.o(.text) for GPIO_Init
    led.o(.text) refers to led.o(.data) for led_inited
    led.o(FSymTab) refers to led.o(.constdata) for __fsym_led_name
    led.o(FSymTab) refers to led.o(.text) for led
    gpio.o(.text) refers to stm32f10x_rcc.o(.text) for RCC_APB2PeriphClockCmd
    gpio.o(.text) refers to stm32f10x_gpio.o(.text) for GPIO_Init
    gpio.o(.text) refers to gpio.o(.data) for RCC_ports
    gpio.o(FSymTab) refers to gpio.o(.constdata) for __fsym_gpio_name
    gpio.o(FSymTab) refers to gpio.o(.text) for gpio
    i2c-stm32.o(.text) refers to thread.o(.text) for rt_thread_delay
    i2c-stm32.o(.text) refers to stm32f10x_i2c.o(.text) for I2C_CheckEvent
[...]
    rt_mb_recv                               0x08002ea3   Thumb Code   402  ipc.o(.text)
    rt_mb_control                            0x08003035   Thumb Code    96  ipc.o(.text)
    rt_mq_init                               0x08003095   Thumb Code   138  ipc.o(.text)
    rt_mq_detach                             0x0800311f   Thumb Code    50  ipc.o(.text)
    rt_mq_delete                             0x08003151   Thumb Code   116  ipc.o(.text)
    rt_mq_create                             0x080031c5   Thumb Code   192  ipc.o(.text)
    rt_mq_send                               0x08003285   Thumb Code   310  ipc.o(.text)
    rt_mq_urgent                             0x080033bb   Thumb Code   248  ipc.o(.text)
    rt_mq_recv                               0x080034b3   Thumb Code   450  ipc.o(.text)
    rt_mq_control                            0x08003675   Thumb Code   176  ipc.o(.text)
    rt_interrupt_enter                       0x08003765   Thumb Code    30  irq.o(.text)
    rt_interrupt_leave                       0x08003783   Thumb Code    30  irq.o(.text)
    rt_interrupt_get_nest                    0x080037a1   Thumb Code     6  irq.o(.text)
    rt_get_errno                             0x080037ad   Thumb Code    32  kservice.o(.text)
    rt_set_errno                             0x080037cd   Thumb Code    36  kservice.o(.text)
    _rt_errno                                0x080037f1   Thumb Code    30  kservice.o(.text)
    rt_memset                                0x0800380f   Thumb Code    72  kservice.o(.text)
    rt_memcpy                                0x08003857   Thumb Code   120  kservice.o(.text)
    rt_memmove                               0x080038cf   Thumb Code    66  kservice.o(.text)
    rt_memcmp                                0x08003911   Thumb Code    38  kservice.o(.text)
    rt_strlen                                0x08003937   Thumb Code    18  kservice.o(.text)
    rt_strstr                                0x08003949   Thumb Code    58  kservice.o(.text)
    rt_strcasecmp                            0x08003983   Thumb Code    48  kservice.o(.text)
    rt_strncpy                               0x080039b3   Thumb Code    52  kservice.o(.text)
    rt_strncmp                               0x080039e7   Thumb Code    40  kservice.o(.text)
    rt_strcmp                                0x08003a0f   Thumb Code    28  kservice.o(.text)
    rt_strdup                                0x08003a2b   Thumb Code    40  kservice.o(.text)
    rt_hw_console_output                     0x08003a53   Thumb Code     2  kservice.o(.text)
    rt_kprintf                               0x08003ef7   Thumb Code    62  kservice.o(.text)
    rt_show_version                          0x08003f35   Thumb Code    38  kservice.o(.text)
    rt_snprintf                              0x08003f5b   Thumb Code    34  kservice.o(.text)
    rt_vsprintf                              0x08003f7d   Thumb Code    22  kservice.o(.text)
    rt_sprintf                               0x08003f93   Thumb Code    30  kservice.o(.text)
    rt_console_get_device                    0x08003fb1   Thumb Code     6  kservice.o(.text)
    rt_console_set_device                    0x08003fb7   Thumb Code    48  kservice.o(.text)
    rt_malloc_align                          0x08003fe7   Thumb Code    66  kservice.o(.text)
    rt_free_align                            0x08004029   Thumb Code    16  kservice.o(.text)
    rt_malloc_sethook                        0x080040d1   Thumb Code     6  mem.o(.text)
    rt_free_sethook                          0x080040d7   Thumb Code     6  mem.o(.text)
    rt_system_heap_init                      0x080041a5   Thumb Code   220  mem.o(.text)
    rt_malloc                                0x08004281   Thumb Code   968  mem.o(.text)
    rt_free                                  0x08004649   Thumb Code   322  mem.o(.text)
    rt_realloc                               0x0800478b   Thumb Code   330  mem.o(.text)
    rt_calloc                                0x080048d5   Thumb Code    98  mem.o(.text)
    rt_memory_info                           0x08004937   Thumb Code    26  mem.o(.text)
    list_mem                                 0x08004951   Thumb Code    34  mem.o(.text)
    rt_mp_alloc_sethook                      0x08004a49   Thumb Code     6  mempool.o(.text)
    rt_mp_free_sethook                       0x08004a4f   Thumb Code     6  mempool.o(.text)
    rt_mp_init                               0x08004a55   Thumb Code   144  mempool.o(.text)
    rt_mp_detach                             0x08004ae5   Thumb Code    92  mempool.o(.text)
    rt_mp_create                             0x08004b41   Thumb Code   190  mempool.o(.text)
    rt_mp_delete                             0x08004bff   Thumb Code   152  mempool.o(.text)
    rt_mp_alloc                              0x08004c97   Thumb Code   240  mempool.o(.text)
    rt_mp_free                               0x08004d87   Thumb Code    98  mempool.o(.text)
    rt_object_attach_sethook                 0x08004e95   Thumb Code     6  object.o(.text)
    rt_object_detach_sethook                 0x08004e9b   Thumb Code     6  object.o(.text)
    rt_object_trytake_sethook                0x08004ea1   Thumb Code     6  object.o(.text)
    rt_object_take_sethook                   0x08004ea7   Thumb Code     6  object.o(.text)
    rt_object_put_sethook                    0x08004ead   Thumb Code     6  object.o(.text)
    rt_system_object_init                    0x08004eb3   Thumb Code     2  object.o(.text)
    rt_object_get_information                0x08004eb5   Thumb Code    10  object.o(.text)
    rt_object_init                           0x08004ebf   Thumb Code    76  object.o(.text)
    rt_object_detach                         0x08004f0b   Thumb Code    68  object.o(.text)
    rt_object_allocate                       0x08004f4f   Thumb Code   148  object.o(.text)
    rt_object_delete                         0x08004fe3   Thumb Code   108  object.o(.text)
    rt_object_is_systemobject                0x0800504f   Thumb Code    46  object.o(.text)
    rt_object_find                           0x0800507d   Thumb Code   110  object.o(.text)
    rt_scheduler_sethook                     0x080051a5   Thumb Code     6  scheduler.o(.text)
    rt_system_scheduler_init                 0x08005209   Thumb Code    56  scheduler.o(.text)
    rt_system_scheduler_start                0x08005241   Thumb Code   120  scheduler.o(.text)
    rt_schedule                              0x080052b9   Thumb Code   220  scheduler.o(.text)
    rt_schedule_insert_thread                0x08005395   Thumb Code    94  scheduler.o(.text)
    rt_schedule_remove_thread                0x080053f3   Thumb Code   106  scheduler.o(.text)
    rt_enter_critical                        0x0800545d   Thumb Code    28  scheduler.o(.text)
    rt_exit_critical                         0x08005479   Thumb Code    54  scheduler.o(.text)
    rt_thread_timeout                        0x080055e1   Thumb Code    90  thread.o(.text)
    rt_thread_init                           0x080056dd   Thumb Code   112  thread.o(.text)
    rt_thread_self                           0x0800574d   Thumb Code     6  thread.o(.text)
    rt_thread_resume                         0x08005753   Thumb Code   102  thread.o(.text)
    rt_thread_startup                        0x080057b9   Thumb Code   112  thread.o(.text)
    rt_thread_detach                         0x08005829   Thumb Code    84  thread.o(.text)
    rt_thread_create                         0x0800587d   Thumb Code    84  thread.o(.text)
    rt_thread_delete                         0x080058d1   Thumb Code    76  thread.o(.text)
    rt_thread_yield                          0x0800591d   Thumb Code   312  thread.o(.text)
    rt_thread_suspend                        0x08005a55   Thumb Code    84  thread.o(.text)
    rt_thread_sleep                          0x08005aa9   Thumb Code    90  thread.o(.text)
    rt_thread_delay                          0x08005b03   Thumb Code    12  thread.o(.text)
    rt_thread_control                        0x08005b0f   Thumb Code   144  thread.o(.text)
    rt_thread_find                           0x08005b9f   Thumb Code    76  thread.o(.text)
    rt_timer_timeout_sethook                 0x08005c21   Thumb Code     6  timer.o(.text)
    rt_timer_init                            0x08005c69   Thumb Code    74  timer.o(.text)
    rt_timer_detach                          0x08005cb3   Thumb Code    58  timer.o(.text)
    rt_timer_create                          0x08005ced   Thumb Code    54  timer.o(.text)
    rt_timer_delete                          0x08005d23   Thumb Code    58  timer.o(.text)
    rt_timer_start                           0x08005d5d   Thumb Code   196  timer.o(.text)
    rt_timer_stop                            0x08005e21   Thumb Code    94  timer.o(.text)
    rt_timer_control                         0x08005e7f   Thumb Code    92  timer.o(.text)
    rt_timer_check                           0x08005edb   Thumb Code   150  timer.o(.text)
    rt_timer_next_timeout_tick               0x08005f71   Thumb Code    10  timer.o(.text)
    rt_system_timer_init                     0x08005f7b   Thumb Code     2  timer.o(.text)
    rt_system_timer_thread_init              0x08005f7d   Thumb Code     2  timer.o(.text)
    rt_hw_stack_init                         0x08006011   Thumb Code    70  cpuport.o(.text)
    rt_hw_exception_install                  0x08006057   Thumb Code     6  cpuport.o(.text)
    rt_hw_hard_fault_exception               0x0800605d   Thumb Code   112  cpuport.o(.text)
    rt_hw_cpu_shutdown                       0x080060cd   Thumb Code    30  cpuport.o(.text)
    rt_hw_interrupt_disable                  0x080061c9   Thumb Code     8  context_rvds.o(.text)
    rt_hw_interrupt_enable                   0x080061d1   Thumb Code     6  context_rvds.o(.text)
    rt_hw_context_switch                     0x080061d7   Thumb Code    32  context_rvds.o(.text)
    rt_hw_context_switch_interrupt           0x080061d7   Thumb Code     0  context_rvds.o(.text)
    PendSV_Handler                           0x080061f7   Thumb Code    60  context_rvds.o(.text)
    rt_hw_context_switch_to                  0x08006233   Thumb Code    46  context_rvds.o(.text)
    rt_hw_interrupt_thread_switch            0x08006261   Thumb Code     4  context_rvds.o(.text)
    HardFault_Handler                        0x08006265   Thumb Code    20  context_rvds.o(.text)
    hello                                    0x080062a1   Thumb Code    12  cmd.o(.text)
    version                                  0x080062ad   Thumb Code    10  cmd.o(.text)
    list_thread                              0x08006365   Thumb Code    10  cmd.o(.text)
    list_sem                                 0x08006403   Thumb Code    12  cmd.o(.text)
    list_event                               0x0800646f   Thumb Code    12  cmd.o(.text)
    list_mutex                               0x080064bd   Thumb Code    12  cmd.o(.text)
    list_mailbox                             0x08006541   Thumb Code    12  cmd.o(.text)
    list_msgqueue                            0x080065b9   Thumb Code    12  cmd.o(.text)
    list_mempool                             0x08006627   Thumb Code    12  cmd.o(.text)
    list_timer                               0x08006a65   Thumb Code    10  cmd.o(.text)
    list_device                              0x08006abb   Thumb Code    12  cmd.o(.text)
    list                                     0x08006ac7   Thumb Code   110  cmd.o(.text)
    list_prefix                              0x08006b77   Thumb Code   424  cmd.o(.text)
    finsh_compiler_run                       0x080085bd   Thumb Code    88  finsh_compiler.o(.text)
    finsh_error_init                         0x08008625   Thumb Code     8  finsh_error.o(.text)
    finsh_error_set                          0x0800862d   Thumb Code    10  finsh_error.o(.text)
    finsh_errno                              0x08008637   Thumb Code     6  finsh_error.o(.text)
    finsh_error_string                       0x0800863d   Thumb Code    10  finsh_error.o(.text)
    finsh_heap_init                          0x08008651   Thumb Code    36  finsh_heap.o(.text)
    finsh_heap_free                          0x08008775   Thumb Code    34  finsh_heap.o(.text)
    finsh_heap_allocate                      0x080087e5   Thumb Code   106  finsh_heap.o(.text)
    finsh_init                               0x08008861   Thumb Code    30  finsh_init.o(.text)
    finsh_stack_bottom                       0x0800887f   Thumb Code     6  finsh_init.o(.text)
    finsh_flush                              0x08008885   Thumb Code    22  finsh_init.o(.text)
    finsh_reset                              0x0800889b   Thumb Code    24  finsh_init.o(.text)
    finsh_node_init                          0x080088b9   Thumb Code    16  finsh_node.o(.text)
    finsh_node_allocate                      0x080088c9   Thumb Code    56  finsh_node.o(.text)
    finsh_node_new_id                        0x08008901   Thumb Code   118  finsh_node.o(.text)
    finsh_node_new_char                      0x08008977   Thumb Code    30  finsh_node.o(.text)
    finsh_node_new_int                       0x08008995   Thumb Code    30  finsh_node.o(.text)
    finsh_node_new_long                      0x080089b3   Thumb Code    30  finsh_node.o(.text)
    finsh_node_new_string                    0x080089d1   Thumb Code    74  finsh_node.o(.text)
    finsh_node_new_ptr                       0x08008a1b   Thumb Code    30  finsh_node.o(.text)
    OP_no_op                                 0x08008a3d   Thumb Code     2  finsh_ops.o(.text)
    OP_add_byte                              0x08008a3f   Thumb Code    42  finsh_ops.o(.text)
    OP_add_word                              0x08008a69   Thumb Code    44  finsh_ops.o(.text)
    OP_add_dword                             0x08008a95   Thumb Code    42  finsh_ops.o(.text)
    OP_sub_byte                              0x08008abf   Thumb Code    42  finsh_ops.o(.text)
    OP_sub_word                              0x08008ae9   Thumb Code    44  finsh_ops.o(.text)
    OP_sub_dword                             0x08008b15   Thumb Code    42  finsh_ops.o(.text)
    OP_div_byte                              0x08008b3f   Thumb Code    44  finsh_ops.o(.text)
    OP_div_word                              0x08008b6b   Thumb Code    46  finsh_ops.o(.text)
    OP_div_dword                             0x08008b99   Thumb Code    44  finsh_ops.o(.text)
    OP_mod_byte                              0x08008bc5   Thumb Code    48  finsh_ops.o(.text)
    OP_mod_word                              0x08008bf5   Thumb Code    50  finsh_ops.o(.text)
    OP_mod_dword                             0x08008c27   Thumb Code    48  finsh_ops.o(.text)
    OP_mul_byte                              0x08008c57   Thumb Code    42  finsh_ops.o(.text)
    OP_mul_word                              0x08008c81   Thumb Code    44  finsh_ops.o(.text)
    OP_mul_dword                             0x08008cad   Thumb Code    42  finsh_ops.o(.text)
    OP_and_byte                              0x08008cd7   Thumb Code    42  finsh_ops.o(.text)
    OP_and_word                              0x08008d01   Thumb Code    42  finsh_ops.o(.text)
    OP_and_dword                             0x08008d2b   Thumb Code    42  finsh_ops.o(.text)
    OP_or_byte                               0x08008d55   Thumb Code    42  finsh_ops.o(.text)
    OP_or_word                               0x08008d7f   Thumb Code    42  finsh_ops.o(.text)
    OP_or_dword                              0x08008da9   Thumb Code    42  finsh_ops.o(.text)
    OP_xor_byte                              0x08008dd3   Thumb Code    42  finsh_ops.o(.text)
    OP_xor_word                              0x08008dfd   Thumb Code    48  finsh_ops.o(.text)
    OP_xor_dword                             0x08008e2d   Thumb Code    42  finsh_ops.o(.text)
    OP_bw_byte                               0x08008e57   Thumb Code    20  finsh_ops.o(.text)
    OP_bw_word                               0x08008e6b   Thumb Code    20  finsh_ops.o(.text)
    OP_bw_dword                              0x08008e7f   Thumb Code    20  finsh_ops.o(.text)
    OP_shl_byte                              0x08008e93   Thumb Code    42  finsh_ops.o(.text)
    OP_shl_word                              0x08008ebd   Thumb Code    44  finsh_ops.o(.text)
    OP_shl_dword                             0x08008ee9   Thumb Code    42  finsh_ops.o(.text)
    OP_shr_byte                              0x08008f13   Thumb Code    42  finsh_ops.o(.text)
    OP_shr_word                              0x08008f3d   Thumb Code    44  finsh_ops.o(.text)
    OP_shr_dword                             0x08008f69   Thumb Code    42  finsh_ops.o(.text)
    OP_ld_byte                               0x08008f93   Thumb Code    34  finsh_ops.o(.text)
    OP_ld_word                               0x08008fb5   Thumb Code    46  finsh_ops.o(.text)
    OP_ld_dword                              0x08008fe3   Thumb Code    64  finsh_ops.o(.text)
    OP_ld_value_byte                         0x08009023   Thumb Code    66  finsh_ops.o(.text)
    OP_ld_value_byte_stack                   0x08009065   Thumb Code    20  finsh_ops.o(.text)
    OP_ld_value_word                         0x08009079   Thumb Code    66  finsh_ops.o(.text)
    OP_ld_value_word_stack                   0x080090bb   Thumb Code    20  finsh_ops.o(.text)
    OP_ld_value_dword                        0x080090cf   Thumb Code    66  finsh_ops.o(.text)
    OP_ld_value_dword_stack                  0x08009111   Thumb Code    20  finsh_ops.o(.text)
    OP_st_byte                               0x08009125   Thumb Code    30  finsh_ops.o(.text)
    OP_st_word                               0x08009143   Thumb Code    30  finsh_ops.o(.text)
    OP_st_dword                              0x08009161   Thumb Code    30  finsh_ops.o(.text)
    OP_pop                                   0x0800917f   Thumb Code    12  finsh_ops.o(.text)
    OP_call                                  0x0800918b   Thumb Code   774  finsh_ops.o(.text)
    finsh_parser_run                         0x08009d25   Thumb Code   210  finsh_parser.o(.text)
    finsh_parser_init                        0x08009df7   Thumb Code    16  finsh_parser.o(.text)
    finsh_token_init                         0x08009e09   Thumb Code    20  finsh_token.o(.text)
    token_get_string                         0x0800a1e7   Thumb Code   120  finsh_token.o(.text)
    finsh_token_token                        0x0800a419   Thumb Code    24  finsh_token.o(.text)
    finsh_token_get_token                    0x0800a431   Thumb Code    20  finsh_token.o(.text)
    finsh_var_init                           0x0800a449   Thumb Code    14  finsh_var.o(.text)
    finsh_var_insert                         0x0800a457   Thumb Code   112  finsh_var.o(.text)
    finsh_var_delete                         0x0800a4c7   Thumb Code    68  finsh_var.o(.text)
    finsh_var_lookup                         0x0800a50b   Thumb Code    58  finsh_var.o(.text)
    finsh_sysvar_append                      0x0800a545   Thumb Code    62  finsh_var.o(.text)
    finsh_sysvar_lookup                      0x0800a583   Thumb Code    78  finsh_var.o(.text)
    finsh_vm_run                             0x0800a5e1   Thumb Code    62  finsh_vm.o(.text)
    finsh_syscall_append                     0x0800a61f   Thumb Code    54  finsh_vm.o(.text)
    finsh_syscall_lookup                     0x0800a655   Thumb Code    78  finsh_vm.o(.text)
    strcmp                                   0x0800a6c5   Thumb Code    28  shell.o(.text)
    strdup                                   0x0800a6e1   Thumb Code    40  shell.o(.text)
    finsh_set_device                         0x0800a737   Thumb Code   104  shell.o(.text)
    finsh_get_device                         0x0800a79f   Thumb Code    40  shell.o(.text)
    finsh_set_echo                           0x0800a7c7   Thumb Code    54  shell.o(.text)
    finsh_get_echo                           0x0800a7fd   Thumb Code    44  shell.o(.text)
    finsh_auto_complete                      0x0800a829   Thumb Code    28  shell.o(.text)
    finsh_run_line                           0x0800a845   Thumb Code   150  shell.o(.text)
    finsh_handle_history                     0x0800a8db   Thumb Code   264  shell.o(.text)
    finsh_push_history                       0x0800a9e3   Thumb Code   170  shell.o(.text)
    finsh_thread_entry                       0x0800aa8d   Thumb Code   720  shell.o(.text)
    finsh_system_function_init               0x0800ad5d   Thumb Code    10  shell.o(.text)
    finsh_system_var_init                    0x0800ad67   Thumb Code    10  shell.o(.text)
    finsh_system_init                        0x0800ad71   Thumb Code   112  shell.o(.text)
    SystemInit                               0x0800af09   Thumb Code    78  system_stm32f10x.o(.text)
    SystemCoreClockUpdate                    0x0800af57   Thumb Code   142  system_stm32f10x.o(.text)
    RCC_DeInit                               0x0800b009   Thumb Code    64  stm32f10x_rcc.o(.text)
    RCC_HSEConfig                            0x0800b049   Thumb Code   100  stm32f10x_rcc.o(.text)
    RCC_GetFlagStatus                        0x0800b0ad   Thumb Code   118  stm32f10x_rcc.o(.text)
    RCC_WaitForHSEStartUp                    0x0800b123   Thumb Code    48  stm32f10x_rcc.o(.text)
    RCC_AdjustHSICalibrationValue            0x0800b153   Thumb Code    38  stm32f10x_rcc.o(.text)
    RCC_HSICmd                               0x0800b179   Thumb Code    28  stm32f10x_rcc.o(.text)
    RCC_PLLConfig                            0x0800b195   Thumb Code   152  stm32f10x_rcc.o(.text)
    RCC_PLLCmd                               0x0800b22d   Thumb Code    28  stm32f10x_rcc.o(.text)
    RCC_SYSCLKConfig                         0x0800b249   Thumb Code    42  stm32f10x_rcc.o(.text)
    RCC_GetSYSCLKSource                      0x0800b273   Thumb Code    10  stm32f10x_rcc.o(.text)
    RCC_HCLKConfig                           0x0800b27d   Thumb Code    66  stm32f10x_rcc.o(.text)
    RCC_PCLK1Config                          0x0800b2bf   Thumb Code    58  stm32f10x_rcc.o(.text)
    RCC_PCLK2Config                          0x0800b2f9   Thumb Code    60  stm32f10x_rcc.o(.text)
    RCC_ITConfig                             0x0800b335   Thumb Code    74  stm32f10x_rcc.o(.text)
    RCC_USBCLKConfig                         0x0800b37f   Thumb Code    28  stm32f10x_rcc.o(.text)
    RCC_ADCCLKConfig                         0x0800b39b   Thumb Code    52  stm32f10x_rcc.o(.text)
    RCC_LSEConfig                            0x0800b3cf   Thumb Code   156  stm32f10x_rcc.o(.text)
    RCC_LSICmd                               0x0800b46b   Thumb Code    30  stm32f10x_rcc.o(.text)
    RCC_RTCCLKConfig                         0x0800b489   Thumb Code    52  stm32f10x_rcc.o(.text)
    RCC_RTCCLKCmd                            0x0800b4bd   Thumb Code    30  stm32f10x_rcc.o(.text)
    RCC_GetClocksFreq                        0x0800b4db   Thumb Code   208  stm32f10x_rcc.o(.text)
    RCC_AHBPeriphClockCmd                    0x0800b5ab   Thumb Code    86  stm32f10x_rcc.o(.text)
    RCC_APB2PeriphClockCmd                   0x0800b601   Thumb Code    82  stm32f10x_rcc.o(.text)
    RCC_APB1PeriphClockCmd                   0x0800b653   Thumb Code    82  stm32f10x_rcc.o(.text)
    RCC_APB2PeriphResetCmd                   0x0800b6a5   Thumb Code    82  stm32f10x_rcc.o(.text)
    RCC_APB1PeriphResetCmd                   0x0800b6f7   Thumb Code    82  stm32f10x_rcc.o(.text)
    RCC_BackupResetCmd                       0x0800b749   Thumb Code    30  stm32f10x_rcc.o(.text)
    RCC_ClockSecuritySystemCmd               0x0800b767   Thumb Code    30  stm32f10x_rcc.o(.text)
    RCC_MCOConfig                            0x0800b785   Thumb Code    44  stm32f10x_rcc.o(.text)
    RCC_ClearFlag                            0x0800b7b1   Thumb Code    18  stm32f10x_rcc.o(.text)
    RCC_GetITStatus                          0x0800b7c3   Thumb Code    64  stm32f10x_rcc.o(.text)
    RCC_ClearITPendingBit                    0x0800b803   Thumb Code    34  stm32f10x_rcc.o(.text)
    PWR_DeInit                               0x0800b851   Thumb Code    22  stm32f10x_pwr.o(.text)
    PWR_BackupAccessCmd                      0x0800b867   Thumb Code    26  stm32f10x_pwr.o(.text)
    PWR_PVDCmd                               0x0800b881   Thumb Code    26  stm32f10x_pwr.o(.text)
    PWR_PVDLevelConfig                       0x0800b89b   Thumb Code    60  stm32f10x_pwr.o(.text)
    PWR_WakeUpPinCmd                         0x0800b8d7   Thumb Code    26  stm32f10x_pwr.o(.text)
    PWR_EnterSTOPMode                        0x0800b8f1   Thumb Code    98  stm32f10x_pwr.o(.text)
    PWR_EnterSTANDBYMode                     0x0800b953   Thumb Code    46  stm32f10x_pwr.o(.text)
    PWR_GetFlagStatus                        0x0800b981   Thumb Code    48  stm32f10x_pwr.o(.text)
    PWR_ClearFlag                            0x0800b9b1   Thumb Code    38  stm32f10x_pwr.o(.text)
    BKP_DeInit                               0x0800ba25   Thumb Code    16  stm32f10x_bkp.o(.text)
    BKP_TamperPinLevelConfig                 0x0800ba35   Thumb Code    26  stm32f10x_bkp.o(.text)
    BKP_TamperPinCmd                         0x0800ba4f   Thumb Code    26  stm32f10x_bkp.o(.text)
    BKP_ITConfig                             0x0800ba69   Thumb Code    26  stm32f10x_bkp.o(.text)
    BKP_RTCOutputConfig                      0x0800ba83   Thumb Code    58  stm32f10x_bkp.o(.text)
    BKP_SetRTCCalibrationValue               0x0800babd   Thumb Code    44  stm32f10x_bkp.o(.text)
    BKP_WriteBackupRegister                  0x0800bae9   Thumb Code   196  stm32f10x_bkp.o(.text)
    BKP_ReadBackupRegister                   0x0800bbad   Thumb Code   194  stm32f10x_bkp.o(.text)
    BKP_GetFlagStatus                        0x0800bc6f   Thumb Code     8  stm32f10x_bkp.o(.text)
    BKP_ClearFlag                            0x0800bc77   Thumb Code    16  stm32f10x_bkp.o(.text)
    BKP_GetITStatus                          0x0800bc87   Thumb Code     8  stm32f10x_bkp.o(.text)
    BKP_ClearITPendingBit                    0x0800bc8f   Thumb Code    16  stm32f10x_bkp.o(.text)
    I2C_DeInit                               0x0800bcfd   Thumb Code    72  stm32f10x_i2c.o(.text)
    I2C_Init                                 0x0800bd45   Thumb Code   386  stm32f10x_i2c.o(.text)
    I2C_StructInit                           0x0800bec7   Thumb Code    30  stm32f10x_i2c.o(.text)
    I2C_Cmd                                  0x0800bee5   Thumb Code    72  stm32f10x_i2c.o(.text)
    I2C_DMACmd                               0x0800bf2d   Thumb Code    72  stm32f10x_i2c.o(.text)
    I2C_DMALastTransferCmd                   0x0800bf75   Thumb Code    72  stm32f10x_i2c.o(.text)
    I2C_GenerateSTART                        0x0800bfbd   Thumb Code    72  stm32f10x_i2c.o(.text)
    I2C_GenerateSTOP                         0x0800c005   Thumb Code    72  stm32f10x_i2c.o(.text)
    I2C_AcknowledgeConfig                    0x0800c04d   Thumb Code    72  stm32f10x_i2c.o(.text)
    I2C_OwnAddress2Config                    0x0800c095   Thumb Code    50  stm32f10x_i2c.o(.text)
    I2C_DualAddressCmd                       0x0800c0c7   Thumb Code   158  stm32f10x_i2c.o(.text)
    I2C_GeneralCallCmd                       0x0800c165   Thumb Code    76  stm32f10x_i2c.o(.text)
    I2C_ITConfig                             0x0800c1b1   Thumb Code   100  stm32f10x_i2c.o(.text)
    I2C_SendData                             0x0800c215   Thumb Code    36  stm32f10x_i2c.o(.text)
    I2C_ReceiveData                          0x0800c239   Thumb Code    36  stm32f10x_i2c.o(.text)
    I2C_Send7bitAddress                      0x0800c25d   Thumb Code    72  stm32f10x_i2c.o(.text)
    I2C_ReadRegister                         0x0800c2a5   Thumb Code    90  stm32f10x_i2c.o(.text)
    I2C_SoftwareResetCmd                     0x0800c2ff   Thumb Code    74  stm32f10x_i2c.o(.text)
    I2C_NACKPositionConfig                   0x0800c349   Thumb Code    88  stm32f10x_i2c.o(.text)
    I2C_SMBusAlertConfig                     0x0800c3a1   Thumb Code    88  stm32f10x_i2c.o(.text)
    I2C_TransmitPEC                          0x0800c3f9   Thumb Code    76  stm32f10x_i2c.o(.text)
    I2C_PECPositionConfig                    0x0800c445   Thumb Code    88  stm32f10x_i2c.o(.text)
    I2C_CalculatePEC                         0x0800c49d   Thumb Code    76  stm32f10x_i2c.o(.text)
    I2C_GetPEC                               0x0800c4e9   Thumb Code    36  stm32f10x_i2c.o(.text)
    I2C_ARPCmd                               0x0800c50d   Thumb Code    84  stm32f10x_i2c.o(.text)
    I2C_StretchClockCmd                      0x0800c561   Thumb Code    76  stm32f10x_i2c.o(.text)
    I2C_FastModeDutyCycleConfig              0x0800c5ad   Thumb Code    88  stm32f10x_i2c.o(.text)
    I2C_CheckEvent                           0x0800c605   Thumb Code   226  stm32f10x_i2c.o(.text)
    I2C_GetLastEvent                         0x0800c6e7   Thumb Code    58  stm32f10x_i2c.o(.text)
    I2C_GetFlagStatus                        0x0800c721   Thumb Code   216  stm32f10x_i2c.o(.text)
    I2C_ClearFlag                            0x0800c7f9   Thumb Code    68  stm32f10x_i2c.o(.text)
    I2C_GetITStatus                          0x0800c83d   Thumb Code   166  stm32f10x_i2c.o(.text)
    I2C_ClearITPendingBit                    0x0800c8e3   Thumb Code    68  stm32f10x_i2c.o(.text)
    RTC_ITConfig                             0x0800c969   Thumb Code    82  stm32f10x_rtc.o(.text)
    RTC_EnterConfigMode                      0x0800c9bb   Thumb Code    16  stm32f10x_rtc.o(.text)
    RTC_ExitConfigMode                       0x0800c9cb   Thumb Code    20  stm32f10x_rtc.o(.text)
    RTC_GetCounter                           0x0800c9df   Thumb Code    18  stm32f10x_rtc.o(.text)
    RTC_SetCounter                           0x0800c9f1   Thumb Code    26  stm32f10x_rtc.o(.text)
    RTC_SetPrescaler                         0x0800ca0b   Thumb Code    44  stm32f10x_rtc.o(.text)
    RTC_SetAlarm                             0x0800ca37   Thumb Code    26  stm32f10x_rtc.o(.text)
    RTC_GetDivider                           0x0800ca51   Thumb Code    26  stm32f10x_rtc.o(.text)
    RTC_WaitForLastTask                      0x0800ca6b   Thumb Code    14  stm32f10x_rtc.o(.text)
    RTC_WaitForSynchro                       0x0800ca79   Thumb Code    32  stm32f10x_rtc.o(.text)
    RTC_GetFlagStatus                        0x0800ca99   Thumb Code    54  stm32f10x_rtc.o(.text)
    RTC_ClearFlag                            0x0800cacf   Thumb Code    48  stm32f10x_rtc.o(.text)
    RTC_GetITStatus                          0x0800caff   Thumb Code    62  stm32f10x_rtc.o(.text)
    RTC_ClearITPendingBit                    0x0800cb3d   Thumb Code    48  stm32f10x_rtc.o(.text)
    GPIO_DeInit                              0x0800cbc9   Thumb Code   224  stm32f10x_gpio.o(.text)
    GPIO_AFIODeInit                          0x0800cca9   Thumb Code    20  stm32f10x_gpio.o(.text)
    GPIO_Init                                0x0800ccbd   Thumb Code   382  stm32f10x_gpio.o(.text)
    GPIO_StructInit                          0x0800ce3b   Thumb Code    16  stm32f10x_gpio.o(.text)
    GPIO_ReadInputDataBit                    0x0800ce4b   Thumb Code   170  stm32f10x_gpio.o(.text)
    GPIO_ReadInputData                       0x0800cef5   Thumb Code    64  stm32f10x_gpio.o(.text)
    GPIO_ReadOutputDataBit                   0x0800cf35   Thumb Code   260  stm32f10x_gpio.o(.text)
    GPIO_ReadOutputData                      0x0800d039   Thumb Code    66  stm32f10x_gpio.o(.text)
    GPIO_SetBits                             0x0800d07b   Thumb Code    86  stm32f10x_gpio.o(.text)
    GPIO_ResetBits                           0x0800d0d1   Thumb Code    86  stm32f10x_gpio.o(.text)
    GPIO_WriteBit                            0x0800d127   Thumb Code   188  stm32f10x_gpio.o(.text)
    GPIO_Write                               0x0800d1e3   Thumb Code    66  stm32f10x_gpio.o(.text)
    GPIO_PinLockConfig                       0x0800d225   Thumb Code   100  stm32f10x_gpio.o(.text)
    GPIO_EventOutputConfig                   0x0800d289   Thumb Code   138  stm32f10x_gpio.o(.text)
    GPIO_EventOutputCmd                      0x0800d313   Thumb Code    30  stm32f10x_gpio.o(.text)
    GPIO_PinRemapConfig                      0x0800d331   Thumb Code   540  stm32f10x_gpio.o(.text)
    GPIO_EXTILineConfig                      0x0800d54d   Thumb Code   186  stm32f10x_gpio.o(.text)
    GPIO_ETH_MediaInterfaceConfig            0x0800d607   Thumb Code    30  stm32f10x_gpio.o(.text)
    USART_DeInit                             0x0800d635   Thumb Code   174  stm32f10x_usart.o(.text)
    USART_Init                               0x0800d6e3   Thumb Code   450  stm32f10x_usart.o(.text)
    USART_StructInit                         0x0800d8a5   Thumb Code    24  stm32f10x_usart.o(.text)
    USART_ClockInit                          0x0800d8bd   Thumb Code   162  stm32f10x_usart.o(.text)
    USART_ClockStructInit                    0x0800d95f   Thumb Code    12  stm32f10x_usart.o(.text)
    USART_Cmd                                0x0800d96b   Thumb Code    90  stm32f10x_usart.o(.text)
    USART_ITConfig                           0x0800d9c5   Thumb Code   338  stm32f10x_usart.o(.text)
    USART_DMACmd                             0x0800db17   Thumb Code   118  stm32f10x_usart.o(.text)
    USART_SetAddress                         0x0800db8d   Thumb Code    86  stm32f10x_usart.o(.text)
    USART_WakeUpConfig                       0x0800dbe3   Thumb Code    90  stm32f10x_usart.o(.text)
    USART_ReceiverWakeUpCmd                  0x0800dc3d   Thumb Code    94  stm32f10x_usart.o(.text)
    USART_LINBreakDetectLengthConfig         0x0800dc9b   Thumb Code    88  stm32f10x_usart.o(.text)
    USART_LINCmd                             0x0800dcf3   Thumb Code    94  stm32f10x_usart.o(.text)
    USART_SendData                           0x0800dd51   Thumb Code    78  stm32f10x_usart.o(.text)
    USART_ReceiveData                        0x0800dd9f   Thumb Code    56  stm32f10x_usart.o(.text)
    USART_SendBreak                          0x0800ddd7   Thumb Code    58  stm32f10x_usart.o(.text)
    USART_SetGuardTime                       0x0800de11   Thumb Code    54  stm32f10x_usart.o(.text)
    USART_SetPrescaler                       0x0800de47   Thumb Code    66  stm32f10x_usart.o(.text)
    USART_SmartCardCmd                       0x0800de89   Thumb Code   104  stm32f10x_usart.o(.text)
    USART_SmartCardNACKCmd                   0x0800def1   Thumb Code    82  stm32f10x_usart.o(.text)
    USART_HalfDuplexCmd                      0x0800df43   Thumb Code    94  stm32f10x_usart.o(.text)
    USART_OverSampling8Cmd                   0x0800dfa1   Thumb Code    92  stm32f10x_usart.o(.text)
    USART_OneBitMethodCmd                    0x0800dffd   Thumb Code    94  stm32f10x_usart.o(.text)
    USART_IrDAConfig                         0x0800e05b   Thumb Code    88  stm32f10x_usart.o(.text)
    USART_IrDACmd                            0x0800e0b3   Thumb Code    94  stm32f10x_usart.o(.text)
    USART_GetFlagStatus                      0x0800e111   Thumb Code   164  stm32f10x_usart.o(.text)
    USART_ClearFlag                          0x0800e1b5   Thumb Code   122  stm32f10x_usart.o(.text)
    USART_GetITStatus                        0x0800e22f   Thumb Code   276  stm32f10x_usart.o(.text)
    USART_ClearITPendingBit                  0x0800e343   Thumb Code   156  stm32f10x_usart.o(.text)
    DMA_DeInit                               0x0800e3f5   Thumb Code   426  stm32f10x_dma.o(.text)
    DMA_Init                                 0x0800e59f   Thumb Code   388  stm32f10x_dma.o(.text)
    DMA_StructInit                           0x0800e723   Thumb Code    26  stm32f10x_dma.o(.text)
    DMA_Cmd                                  0x0800e73d   Thumb Code   152  stm32f10x_dma.o(.text)
    DMA_ITConfig                             0x0800e7d5   Thumb Code   250  stm32f10x_dma.o(.text)
    DMA_SetCurrDataCounter                   0x0800e8cf   Thumb Code   116  stm32f10x_dma.o(.text)
    DMA_GetCurrDataCounter                   0x0800e943   Thumb Code   116  stm32f10x_dma.o(.text)
    DMA_GetFlagStatus                        0x0800e9b7   Thumb Code   324  stm32f10x_dma.o(.text)
    DMA_ClearFlag                            0x0800eafb   Thumb Code    52  stm32f10x_dma.o(.text)
    DMA_GetITStatus                          0x0800eb2f   Thumb Code   384  stm32f10x_dma.o(.text)
    DMA_ClearITPendingBit                    0x0800ecaf   Thumb Code    50  stm32f10x_dma.o(.text)
    NVIC_PriorityGroupConfig                 0x0800ecf1   Thumb Code    54  misc.o(.text)
    NVIC_Init                                0x0800ed27   Thumb Code   176  misc.o(.text)
    NVIC_SetVectorTable                      0x0800edd7   Thumb Code    58  misc.o(.text)
    NVIC_SystemLPConfig                      0x0800ee11   Thumb Code    82  misc.o(.text)
    SysTick_CLKSourceConfig                  0x0800ee63   Thumb Code    62  misc.o(.text)
    Reset_Handler                            0x0800eef1   Thumb Code     8  startup_stm32f10x_hd.o(.text)
    ADC1_2_IRQHandler                        0x0800ef0b   Thumb Code     0  startup_stm32f10x_hd.o(.text)
    ADC3_IRQHandler                          0x0800ef0b   Thumb Code     0  startup_stm32f10x_hd.o(.text)
    CAN1_RX1_IRQHandler                      0x0800ef0b   Thumb Code     0  startup_stm32f10x_hd.o(.text)
    CAN1_SCE_IRQHandler                      0x0800ef0b   Thumb Code     0  startup_stm32f10x_hd.o(.text)
    DMA1_Channel1_IRQHandler                 0x0800ef0b   Thumb Code     0  startup_stm32f10x_hd.o(.text)
    DMA1_Channel3_IRQHandler                 0x0800ef0b   Thumb Code     0  startup_stm32f10x_hd.o(.text)
    DMA1_Channel4_IRQHandler                 0x0800ef0b   Thumb Code     0  startup_stm32f10x_hd.o(.text)
    DMA1_Channel5_IRQHandler                 0x0800ef0b   Thumb Code     0  startup_stm32f10x_hd.o(.text)
    DMA1_Channel6_IRQHandler                 0x0800ef0b   Thumb Code     0  startup_stm32f10x_hd.o(.text)
    DMA1_Channel7_IRQHandler                 0x0800ef0b   Thumb Code     0  startup_stm32f10x_hd.o(.text)
    DMA2_Channel1_IRQHandler                 0x0800ef0b   Thumb Code     0  startup_stm32f10x_hd.o(.text)
    DMA2_Channel2_IRQHandler                 0x0800ef0b   Thumb Code     0  startup_stm32f10x_hd.o(.text)
    DMA2_Channel3_IRQHandler                 0x0800ef0b   Thumb Code     0  startup_stm32f10x_hd.o(.text)
    DMA2_Channel4_5_IRQHandler               0x0800ef0b   Thumb Code     0  startup_stm32f10x_hd.o(.text)
    EXTI0_IRQHandler                         0x0800ef0b   Thumb Code     0  startup_stm32f10x_hd.o(.text)
    EXTI15_10_IRQHandler                     0x0800ef0b   Thumb Code     0  startup_stm32f10x_hd.o(.text)
    EXTI1_IRQHandler                         0x0800ef0b   Thumb Code     0  startup_stm32f10x_hd.o(.text)
    EXTI2_IRQHandler                         0x0800ef0b   Thumb Code     0  startup_stm32f10x_hd.o(.text)
    EXTI3_IRQHandler                         0x0800ef0b   Thumb Code     0  startup_stm32f10x_hd.o(.text)
    EXTI4_IRQHandler                         0x0800ef0b   Thumb Code     0  startup_stm32f10x_hd.o(.text)
    EXTI9_5_IRQHandler                       0x0800ef0b   Thumb Code     0  startup_stm32f10x_hd.o(.text)
    FLASH_IRQHandler                         0x0800ef0b   Thumb Code     0  startup_stm32f10x_hd.o(.text)
    FSMC_IRQHandler                          0x0800ef0b   Thumb Code     0  startup_stm32f10x_hd.o(.text)
    I2C1_ER_IRQHandler                       0x0800ef0b   Thumb Code     0  startup_stm32f10x_hd.o(.text)
    I2C1_EV_IRQHandler                       0x0800ef0b   Thumb Code     0  startup_stm32f10x_hd.o(.text)
    I2C2_ER_IRQHandler                       0x0800ef0b   Thumb Code     0  startup_stm32f10x_hd.o(.text)
    I2C2_EV_IRQHandler                       0x0800ef0b   Thumb Code     0  startup_stm32f10x_hd.o(.text)
    PVD_IRQHandler                           0x0800ef0b   Thumb Code     0  startup_stm32f10x_hd.o(.text)
    RCC_IRQHandler                           0x0800ef0b   Thumb Code     0  startup_stm32f10x_hd.o(.text)
    RTCAlarm_IRQHandler                      0x0800ef0b   Thumb Code     0  startup_stm32f10x_hd.o(.text)
    RTC_IRQHandler                           0x0800ef0b   Thumb Code     0  startup_stm32f10x_hd.o(.text)
    SDIO_IRQHandler                          0x0800ef0b   Thumb Code     0  startup_stm32f10x_hd.o(.text)
    SPI1_IRQHandler                          0x0800ef0b   Thumb Code     0  startup_stm32f10x_hd.o(.text)
    SPI2_IRQHandler                          0x0800ef0b   Thumb Code     0  startup_stm32f10x_hd.o(.text)
    SPI3_IRQHandler                          0x0800ef0b   Thumb Code     0  startup_stm32f10x_hd.o(.text)
    TAMPER_IRQHandler                        0x0800ef0b   Thumb Code     0  startup_stm32f10x_hd.o(.text)
    TIM1_BRK_IRQHandler                      0x0800ef0b   Thumb Code     0  startup_stm32f10x_hd.o(.text)
    TIM1_CC_IRQHandler                       0x0800ef0b   Thumb Code     0  startup_stm32f10x_hd.o(.text)
    TIM1_TRG_COM_IRQHandler                  0x0800ef0b   Thumb Code     0  startup_stm32f10x_hd.o(.text)
    TIM1_UP_IRQHandler                       0x0800ef0b   Thumb Code     0  startup_stm32f10x_hd.o(.text)
    TIM2_IRQHandler                          0x0800ef0b   Thumb Code     0  startup_stm32f10x_hd.o(.text)
    TIM3_IRQHandler                          0x0800ef0b   Thumb Code     0  startup_stm32f10x_hd.o(.text)
    TIM4_IRQHandler                          0x0800ef0b   Thumb Code     0  startup_stm32f10x_hd.o(.text)
    TIM5_IRQHandler                          0x0800ef0b   Thumb Code     0  startup_stm32f10x_hd.o(.text)
    TIM6_IRQHandler                          0x0800ef0b   Thumb Code     0  startup_stm32f10x_hd.o(.text)
    TIM7_IRQHandler                          0x0800ef0b   Thumb Code     0  startup_stm32f10x_hd.o(.text)
    TIM8_BRK_IRQHandler                      0x0800ef0b   Thumb Code     0  startup_stm32f10x_hd.o(.text)
    TIM8_CC_IRQHandler                       0x0800ef0b   Thumb Code     0  startup_stm32f10x_hd.o(.text)
    TIM8_TRG_COM_IRQHandler                  0x0800ef0b   Thumb Code     0  startup_stm32f10x_hd.o(.text)
    TIM8_UP_IRQHandler                       0x0800ef0b   Thumb Code     0  startup_stm32f10x_hd.o(.text)
    UART4_IRQHandler                         0x0800ef0b   Thumb Code     0  startup_stm32f10x_hd.o(.text)
    UART5_IRQHandler                         0x0800ef0b   Thumb Code     0  startup_stm32f10x_hd.o(.text)
    USBWakeUp_IRQHandler                     0x0800ef0b   Thumb Code     0  startup_stm32f10x_hd.o(.text)
    USB_HP_CAN1_TX_IRQHandler                0x0800ef0b   Thumb Code     0  startup_stm32f10x_hd.o(.text)
    USB_LP_CAN1_RX0_IRQHandler               0x0800ef0b   Thumb Code     0  startup_stm32f10x_hd.o(.text)
    WWDG_IRQHandler                          0x0800ef0b   Thumb Code     0  startup_stm32f10x_hd.o(.text)
    __user_initial_stackheap                 0x0800ef0d   Thumb Code     0  startup_stm32f10x_hd.o(.text)
    rt_i2c_bus_device_register               0x0800ef31   Thumb Code    64  i2c_core.o(.text)
    rt_i2c_bus_device_find                   0x0800ef71   Thumb Code    38  i2c_core.o(.text)
    rt_i2c_transfer                          0x0800ef97   Thumb Code   126  i2c_core.o(.text)
    rt_i2c_master_send                       0x0800f015   Thumb Code    66  i2c_core.o(.text)
    rt_i2c_master_recv                       0x0800f057   Thumb Code   104  i2c_core.o(.text)
    rt_i2c_core_init                         0x0800f0bf   Thumb Code    14  i2c_core.o(.text)
    rt_i2c_bus_device_device_init            0x0800f331   Thumb Code    78  i2c_dev.o(.text)
    __rt_ctype_table                         0x0800f42d   Thumb Code    16  rt_ctype_table.o(.text)
    atoi                                     0x0800f43d   Thumb Code    26  atoi.o(.text)
    strlen                                   0x0800f457   Thumb Code    62  strlen.o(.text)
    strncmp                                  0x0800f495   Thumb Code   140  strncmp.o(.text)
    __aeabi_memcpy                           0x0800f521   Thumb Code     0  rt_memcpy_v6.o(.text)
    __rt_memcpy                              0x0800f521   Thumb Code   138  rt_memcpy_v6.o(.text)
    _memcpy_lastbytes                        0x0800f587   Thumb Code     0  rt_memcpy_v6.o(.text)
    __aeabi_memcpy4                          0x0800f5ab   Thumb Code     0  rt_memcpy_w.o(.text)
    __aeabi_memcpy8                          0x0800f5ab   Thumb Code     0  rt_memcpy_w.o(.text)
    __rt_memcpy_w                            0x0800f5ab   Thumb Code   100  rt_memcpy_w.o(.text)
    _memcpy_lastbytes_aligned                0x0800f5f3   Thumb Code     0  rt_memcpy_w.o(.text)
    __aeabi_memclr                           0x0800f60f   Thumb Code     0  rt_memclr.o(.text)
    __rt_memclr                              0x0800f60f   Thumb Code    68  rt_memclr.o(.text)
    _memset                                  0x0800f613   Thumb Code     0  rt_memclr.o(.text)
    __aeabi_memclr4                          0x0800f653   Thumb Code     0  rt_memclr_w.o(.text)
    __aeabi_memclr8                          0x0800f653   Thumb Code     0  rt_memclr_w.o(.text)
    __rt_memclr_w                            0x0800f653   Thumb Code    78  rt_memclr_w.o(.text)
    _memset_w                                0x0800f657   Thumb Code     0  rt_memclr_w.o(.text)
    strncpy                                  0x0800f6a1   Thumb Code    86  strncpy.o(.text)
    ctime                                    0x0800f6f7   Thumb Code    14  ctime.o(.text)
    localtime                                0x0800f705   Thumb Code     6  localtime.o(.text)
    mktime                                   0x0800f747   Thumb Code   354  mktime.o(.text)
    __use_two_region_memory                  0x0800f8b1   Thumb Code     2  heapauxi.o(.text)
    __rt_heap_escrow$2region                 0x0800f8b3   Thumb Code     2  heapauxi.o(.text)
    __rt_heap_expand$2region                 0x0800f8b5   Thumb Code     2  heapauxi.o(.text)
    __rt_locale                              0x0800f8b9   Thumb Code    12  rt_locale_intlibspace.o(.text)
    __aeabi_errno_addr                       0x0800f8c5   Thumb Code    12  rt_errno_addr_intlibspace.o(.text)
    __errno$intlibspace                      0x0800f8c5   Thumb Code     0  rt_errno_addr_intlibspace.o(.text)
    __rt_errno_addr$intlibspace              0x0800f8c5   Thumb Code     0  rt_errno_addr_intlibspace.o(.text)
    strtol                                   0x0800f8d1   Thumb Code   112  strtol.o(.text)
    asctime                                  0x0800f941   Thumb Code     6  asctime.o(.text)
    _localtime_r                             0x0800f94d   Thumb Code   158  localtime_internal.o(.text)
    _n$localtime_r                           0x0800f94d   Thumb Code     0  localtime_internal.o(.text)
    __user_libspace                          0x0800f9f1   Thumb Code     8  libspace.o(.text)
    __user_perproc_libspace                  0x0800f9f1   Thumb Code     0  libspace.o(.text)
    __user_perthread_libspace                0x0800f9f1   Thumb Code     0  libspace.o(.text)
    _strtoul                                 0x0800f9f9   Thumb Code   156  _strtoul.o(.text)
    _asctime_r                               0x0800fa95   Thumb Code    78  asctime_internal.o(.text)
    _n$asctime_r                             0x0800fa95   Thumb Code     0  asctime_internal.o(.text)
    __user_setup_stackheap                   0x0800fb01   Thumb Code    74  sys_stackheap_outer.o(.text)
    __2sprintf                               0x0800fb4d   Thumb Code    34  noretval__2sprintf.o(.text)
    _printf_pre_padding                      0x0800fb75   Thumb Code    44  _printf_pad.o(.text)
    _printf_post_padding                     0x0800fba1   Thumb Code    36  _printf_pad.o(.text)
    _printf_str                              0x0800fbc5   Thumb Code    82  _printf_str.o(.text)
    _printf_int_dec                          0x0800fc19   Thumb Code    98  _printf_dec.o(.text)
    __printf                                 0x0800fc8d   Thumb Code   286  __printf_wp.o(.text)
    _chval                                   0x0800fdab   Thumb Code    32  _chval.o(.text)
    exit                                     0x0800fdcb   Thumb Code    12  exit.o(.text)
    _printf_int_common                       0x0800fdd7   Thumb Code   180  _printf_intcommon.o(.text)
    _printf_char_common                      0x0800fe97   Thumb Code    32  _printf_char_common.o(.text)
    _sputc                                   0x0800febd   Thumb Code    10  _sputc.o(.text)
    _printf_cs_common                        0x0800fec7   Thumb Code    20  _printf_char.o(.text)
    _printf_char                             0x0800fedb   Thumb Code    16  _printf_char.o(.text)
    _printf_string                           0x0800feeb   Thumb Code     8  _printf_char.o(.text)
    __rt_udiv10                              0x0800fef3   Thumb Code    16  rtudiv10.o(.text)
    __rt_fp_status_addr                      0x0800ff05   Thumb Code    12  rt_fp_status_addr_intlibspace.o(.text)
    _sys_exit                                0x0800ff11   Thumb Code     8  sys_exit.o(.text)
    __I$use$semihosting                      0x0800ff1d   Thumb Code     0  use_no_semi.o(.text)
    __use_no_semihosting_swi                 0x0800ff1d   Thumb Code     2  use_no_semi.o(.text)
    _get_lc_ctype                            0x0800ff21   Thumb Code    44  lc_ctype_c.o(locale$$code)
    _get_lc_time                             0x0800ff4d   Thumb Code    44  lc_time_c.o(locale$$code)
    _fp_init                                 0x0800ff79   Thumb Code    14  fpinit.o(x$fpl$fpinit)
    __fplib_config_pureend_doubles           0x0800ff85   Thumb Code     0  fpinit.o(x$fpl$fpinit)
    __fsym_set_date_name                     0x0800ff86   Data           9  rtc.o(.constdata)
    __fsym_set_date_desc                     0x0800ff8f   Data          35  rtc.o(.constdata)
    __fsym_set_time_name                     0x0800ffb2   Data           9  rtc.o(.constdata)
    __fsym_set_time_desc                     0x0800ffbb   Data          34  rtc.o(.constdata)
    __fsym_list_date_name                    0x0800ffdd   Data          10  rtc.o(.constdata)
    __fsym_list_date_desc                    0x0800ffe7   Data          20  rtc.o(.constdata)
    __fsym_led_name                          0x0801008f   Data           4  led.o(.constdata)
    __fsym_led_desc                          0x08010093   Data          32  led.o(.constdata)
    __fsym_gpio_name                         0x080100b3   Data           5  gpio.o(.constdata)
    __fsym_gpio_desc                         0x080100b8   Data          53  gpio.o(.constdata)
    stm32_bus_name                           0x080100fc   Data           4  i2c-stm32.o(.constdata)
    __fsym_i2c_name                          0x08010100   Data           4  i2c.o(.constdata)
    __fsym_i2c_desc                          0x08010104   Data          29  i2c.o(.constdata)
    __fsym_mem_name                          0x08010121   Data           4  mm.o(.constdata)
    __fsym_mem_desc                          0x08010125   Data          27  mm.o(.constdata)
    __fsym_list_mem_name                     0x080103e8   Data           9  mem.o(.constdata)
    __fsym_list_mem_desc                     0x080103f1   Data          30  mem.o(.constdata)
    rt_lowest_bitmap                         0x080105e4   Data         256  scheduler.o(.constdata)
    __fsym_hello_name                        0x0801084c   Data           6  cmd.o(.constdata)
    __fsym_hello_desc                        0x08010852   Data          16  cmd.o(.constdata)
    __fsym_version_name                      0x08010862   Data           8  cmd.o(.constdata)
    __fsym_version_desc                      0x0801086a   Data          35  cmd.o(.constdata)
    __fsym_list_thread_name                  0x0801088d   Data          12  cmd.o(.constdata)
    __fsym_list_thread_desc                  0x08010899   Data          12  cmd.o(.constdata)
    __fsym_list_sem_name                     0x080108a5   Data           9  cmd.o(.constdata)
    __fsym_list_sem_desc                     0x080108ae   Data          25  cmd.o(.constdata)
    __fsym_list_event_name                   0x080108c7   Data          11  cmd.o(.constdata)
    __fsym_list_event_desc                   0x080108d2   Data          21  cmd.o(.constdata)
    __fsym_list_mutex_name                   0x080108e7   Data          11  cmd.o(.constdata)
    __fsym_list_mutex_desc                   0x080108f2   Data          21  cmd.o(.constdata)
    __fsym_list_mailbox_name                 0x08010907   Data          13  cmd.o(.constdata)
    __fsym_list_mailbox_desc                 0x08010914   Data          24  cmd.o(.constdata)
    __fsym_list_msgqueue_name                0x0801092c   Data          14  cmd.o(.constdata)
    __fsym_list_msgqueue_desc                0x0801093a   Data          29  cmd.o(.constdata)
    __fsym_list_mempool_name                 0x08010957   Data          13  cmd.o(.constdata)
    __fsym_list_mempool_desc                 0x08010964   Data          27  cmd.o(.constdata)
    __fsym_list_timer_name                   0x0801097f   Data          11  cmd.o(.constdata)
    __fsym_list_timer_desc                   0x0801098a   Data          21  cmd.o(.constdata)
    __fsym_list_device_name                  0x0801099f   Data          12  cmd.o(.constdata)
    __fsym_list_device_desc                  0x080109ab   Data          22  cmd.o(.constdata)
    __fsym_list_name                         0x080109c1   Data           5  cmd.o(.constdata)
    __fsym_list_desc                         0x080109c6   Data          26  cmd.o(.constdata)
    __vsym_dummy_name                        0x080109e0   Data           6  cmd.o(.constdata)
    __vsym_dummy_desc                        0x080109e6   Data          25  cmd.o(.constdata)
    op_table                                 0x08010ad4   Data         196  finsh_ops.o(.constdata)
    _monlen                                  0x08010caa   Data          12  _monlen.o(.constdata)
    FSymTab$$Base                            0x08010e7c   Number         0  rtc.o(FSymTab)
    __fsym_set_date                          0x08010e7c   Data          12  rtc.o(FSymTab)
    __fsym_set_time                          0x08010e88   Data          12  rtc.o(FSymTab)
    __fsym_list_date                         0x08010e94   Data          12  rtc.o(FSymTab)
    __fsym_led                               0x08010ea0   Data          12  led.o(FSymTab)
    __fsym_gpio                              0x08010eac   Data          12  gpio.o(FSymTab)
    __fsym_i2c                               0x08010eb8   Data          12  i2c.o(FSymTab)
    __fsym_mem                               0x08010ec4   Data          12  mm.o(FSymTab)
    __fsym_list_mem                          0x08010ed0   Data          12  mem.o(FSymTab)
    __fsym_hello                             0x08010edc   Data          12  cmd.o(FSymTab)
    __fsym_version                           0x08010ee8   Data          12  cmd.o(FSymTab)
    __fsym_list_thread                       0x08010ef4   Data          12  cmd.o(FSymTab)
    __fsym_list_sem                          0x08010f00   Data          12  cmd.o(FSymTab)
    __fsym_list_event                        0x08010f0c   Data          12  cmd.o(FSymTab)
    __fsym_list_mutex                        0x08010f18   Data          12  cmd.o(FSymTab)
    __fsym_list_mailbox                      0x08010f24   Data          12  cmd.o(FSymTab)
    __fsym_list_msgqueue                     0x08010f30   Data          12  cmd.o(FSymTab)
    __fsym_list_mempool                      0x08010f3c   Data          12  cmd.o(FSymTab)
    __fsym_list_timer                        0x08010f48   Data          12  cmd.o(FSymTab)
    __fsym_list_device                       0x08010f54   Data          12  cmd.o(FSymTab)
    __fsym_list                              0x08010f60   Data          12  cmd.o(FSymTab)
    FSymTab$$Limit                           0x08010f6c   Number         0  cmd.o(FSymTab)
    Region$$Table$$Base                      0x08010f6c   Number         0  anon$$obj.o(Region$$Table)
    Region$$Table$$Limit                     0x08010f8c   Number         0  anon$$obj.o(Region$$Table)
    VSymTab$$Base                            0x08010f8c   Number         0  cmd.o(VSymTab)
    __vsym_dummy                             0x08010f8c   Data          16  cmd.o(VSymTab)
    VSymTab$$Limit                           0x08010f9c   Number         0  cmd.o(VSymTab)
    __ctype                                  0x08010fa9   Data           0  lc_ctype_c.o(locale$$data)
    ChipFlashSize                            0x20000000   Data           2  startup.o(.data)
    uart1                                    0x20000004   Data          12  usart.o(.data)
    rt_interrupt_nest                        0x20000054   Data           1  irq.o(.data)
    rt_object_container                      0x20000088   Data         144  object.o(.data)
    rt_object_trytake_hook                   0x20000120   Data           4  object.o(.data)
    rt_object_take_hook                      0x20000124   Data           4  object.o(.data)
    rt_object_put_hook                       0x20000128   Data           4  object.o(.data)
    rt_current_thread                        0x20000130   Data           4  scheduler.o(.data)
    rt_current_priority                      0x20000134   Data           1  scheduler.o(.data)
    rt_thread_ready_priority_group           0x20000138   Data           4  scheduler.o(.data)
    rt_thread_defunct                        0x2000013c   Data           8  scheduler.o(.data)
    rt_interrupt_from_thread                 0x20000158   Data           4  cpuport.o(.data)
    rt_interrupt_to_thread                   0x2000015c   Data           4  cpuport.o(.data)
    rt_thread_switch_interrupt_flag          0x20000160   Data           4  cpuport.o(.data)
    finsh_compile_sp                         0x20000168   Data           4  finsh_compiler.o(.data)
    finsh_compile_pc                         0x2000016c   Data           4  finsh_compiler.o(.data)
    global_errno                             0x200001ac   Data           1  finsh_error.o(.data)
    global_sysvar_list                       0x200001b8   Data           4  finsh_var.o(.data)
    global_syscall_list                      0x200001bc   Data           4  finsh_vm.o(.data)
    finsh_sp                                 0x200001c0   Data           4  finsh_vm.o(.data)
    finsh_pc                                 0x200001c4   Data           4  finsh_vm.o(.data)
    shell                                    0x200001c8   Data           4  shell.o(.data)
    _syscall_table_begin                     0x200001cc   Data           4  symbol.o(.data)
    _syscall_table_end                       0x200001d0   Data           4  symbol.o(.data)
    _sysvar_table_begin                      0x200001d4   Data           4  symbol.o(.data)
    _sysvar_table_end                        0x200001d8   Data           4  symbol.o(.data)
    SystemCoreClock                          0x200001dc   Data           4  system_stm32f10x.o(.data)
    AHBPrescTable                            0x200001e0   Data          16  system_stm32f10x.o(.data)
    ChipUniqueID                             0x20000484   Data          12  startup.o(.bss)
    uart1_int_rx                             0x200004d0   Data          72  usart.o(.bss)
    uart1_device                             0x20000518   Data          64  usart.o(.bss)
    stm32_bus                                0x20000558   Data         120  i2c-stm32.o(.bss)
    rt_thread_priority_table                 0x200007f0   Data         256  scheduler.o(.bss)
    finsh_heap                               0x200008f0   Data         128  finsh_heap.o(.bss)
    global_node_table                        0x20000970   Data         320  finsh_node.o(.bss)
    global_variable                          0x20000ab0   Data         192  finsh_var.o(.bss)
    finsh_vm_stack                           0x20000b70   Data         256  finsh_vm.o(.bss)
    text_segment                             0x20000c70   Data         128  finsh_vm.o(.bss)
    __libspace_start                         0x20001604   Data          96  libspace.o(.bss)
    __temporary_stack_top$libspace           0x20001664   Data           0  libspace.o(.bss)
    Image$$RW_IRAM1$$ZI$$Limit               0x20001c68   Number         0  startup_stm32f10x_hd.o(STACK)



==============================================================================

Memory Map of the image

  Image Entry point : 0x08000131

  Load Region LR_IROM1 (Base: 0x08000000, Size: 0x00011428, Max: 0x00020000, ABSOLUTE, COMPRESSED[0x000112f4])

    Execution Region ER_IROM1 (Base: 0x08000000, Size: 0x00011224, Max: 0x00020000, ABSOLUTE)

    Base Addr    Size         Type   Attr      Idx    E Section Name        Object

    0x08000000   0x00000130   Data   RO         1192    RESET               startup_stm32f10x_hd.o
    0x08000130   0x00000008   Code   RO         1254  * !!!main             c_w.l(__main.o)(c_w.l)
    0x08000138   0x00000034   Code   RO         1494    !!!scatter          c_w.l(__scatter.o)(c_w.l)
    0x0800016c   0x0000005a   Code   RO         1492    !!dczerorl2         c_w.l(__dczerorl2.o)(c_w.l)
    0x080001c6   0x00000002   PAD
    0x080001c8   0x0000001c   Code   RO         1496    !!handler_zi        c_w.l(__scatter_zi.o)(c_w.l)
    0x080001e4   0x00000000   Code   RO         1379    .ARM.Collect$$_printf_percent$$00000000  c_w.l(_printf_percent.o)(c_w.l)
    0x080001e4   0x00000006   Code   RO         1378    .ARM.Collect$$_printf_percent$$00000009  c_w.l(_printf_d.o)(c_w.l)
    0x080001ea   0x00000006   Code   RO         1377    .ARM.Collect$$_printf_percent$$00000014  c_w.l(_printf_s.o)(c_w.l)
    0x080001f0   0x00000004   Code   RO         1406    .ARM.Collect$$_printf_percent$$00000017  c_w.l(_printf_percent_end.o)(c_w.l)
    0x080001f4   0x00000006   Code   RO         1395    .ARM.Collect$$libinit$$00000000  c_w.l(libinit.o)(c_w.l)
    0x080001fa   0x00000000   Code   RO         1306    .ARM.Collect$$libinit$$00000006  c_w.l(libinit2.o)(c_w.l)
    0x080001fa   0x00000000   Code   RO         1308    .ARM.Collect$$libinit$$00000008  c_w.l(libinit2.o)(c_w.l)
    0x080001fa   0x00000000   Code   RO         1310    .ARM.Collect$$libinit$$0000000A  c_w.l(libinit2.o)(c_w.l)
    0x080001fa   0x00000006   Code   RO         1311    .ARM.Collect$$libinit$$0000000B  c_w.l(libinit2.o)(c_w.l)
    0x08000200   0x00000000   Code   RO         1313    .ARM.Collect$$libinit$$0000000D  c_w.l(libinit2.o)(c_w.l)
    0x08000200   0x0000000c   Code   RO         1314    .ARM.Collect$$libinit$$0000000E  c_w.l(libinit2.o)(c_w.l)
    0x0800020c   0x00000000   Code   RO         1315    .ARM.Collect$$libinit$$0000000F  c_w.l(libinit2.o)(c_w.l)
    0x0800020c   0x00000000   Code   RO         1317    .ARM.Collect$$libinit$$00000011  c_w.l(libinit2.o)(c_w.l)
    0x0800020c   0x00000000   Code   RO         1319    .ARM.Collect$$libinit$$00000013  c_w.l(libinit2.o)(c_w.l)
    0x0800020c   0x0000000a   Code   RO         1320    .ARM.Collect$$libinit$$00000014  c_w.l(libinit2.o)(c_w.l)
    0x08000216   0x00000000   Code   RO         1321    .ARM.Collect$$libinit$$00000015  c_w.l(libinit2.o)(c_w.l)
    0x08000216   0x00000000   Code   RO         1323    .ARM.Collect$$libinit$$00000017  c_w.l(libinit2.o)(c_w.l)
    0x08000216   0x00000000   Code   RO         1325    .ARM.Collect$$libinit$$00000019  c_w.l(libinit2.o)(c_w.l)
    0x08000216   0x00000000   Code   RO         1327    .ARM.Collect$$libinit$$0000001B  c_w.l(libinit2.o)(c_w.l)
    0x08000216   0x00000000   Code   RO         1329    .ARM.Collect$$libinit$$0000001D  c_w.l(libinit2.o)(c_w.l)
    0x08000216   0x00000000   Code   RO         1331    .ARM.Collect$$libinit$$0000001F  c_w.l(libinit2.o)(c_w.l)
    0x08000216   0x00000000   Code   RO         1333    .ARM.Collect$$libinit$$00000021  c_w.l(libinit2.o)(c_w.l)
    0x08000216   0x00000000   Code   RO         1337    .ARM.Collect$$libinit$$00000028  c_w.l(libinit2.o)(c_w.l)
    0x08000216   0x00000000   Code   RO         1339    .ARM.Collect$$libinit$$0000002A  c_w.l(libinit2.o)(c_w.l)
    0x08000216   0x00000000   Code   RO         1341    .ARM.Collect$$libinit$$0000002C  c_w.l(libinit2.o)(c_w.l)
    0x08000216   0x00000000   Code   RO         1343    .ARM.Collect$$libinit$$0000002E  c_w.l(libinit2.o)(c_w.l)
    0x08000216   0x00000002   Code   RO         1344    .ARM.Collect$$libinit$$0000002F  c_w.l(libinit2.o)(c_w.l)
    0x08000218   0x00000002   Code   RO         1450    .ARM.Collect$$libshutdown$$00000000  c_w.l(libshutdown.o)(c_w.l)
    0x0800021a   0x00000000   Code   RO         1457    .ARM.Collect$$libshutdown$$00000003  c_w.l(libshutdown2.o)(c_w.l)
    0x0800021a   0x00000000   Code   RO         1460    .ARM.Collect$$libshutdown$$00000006  c_w.l(libshutdown2.o)(c_w.l)
    0x0800021a   0x00000000   Code   RO         1463    .ARM.Collect$$libshutdown$$00000009  c_w.l(libshutdown2.o)(c_w.l)
    0x0800021a   0x00000000   Code   RO         1465    .ARM.Collect$$libshutdown$$0000000B  c_w.l(libshutdown2.o)(c_w.l)
    0x0800021a   0x00000000   Code   RO         1468    .ARM.Collect$$libshutdown$$0000000E  c_w.l(libshutdown2.o)(c_w.l)
    0x0800021a   0x00000002   Code   RO         1469    .ARM.Collect$$libshutdown$$0000000F  c_w.l(libshutdown2.o)(c_w.l)
    0x0800021c   0x00000000   Code   RO         1256    .ARM.Collect$$rtentry$$00000000  c_w.l(rtentry.o)(c_w.l)
    0x0800021c   0x00000000   Code   RO         1283    .ARM.Collect$$rtentry$$00000002  c_w.l(rtentry2.o)(c_w.l)
    0x0800021c   0x00000006   Code   RO         1298    .ARM.Collect$$rtentry$$00000004  c_w.l(rtentry4.o)(c_w.l)
    0x08000222   0x00000000   Code   RO         1285    .ARM.Collect$$rtentry$$00000009  c_w.l(rtentry2.o)(c_w.l)
    0x08000222   0x00000004   Code   RO         1286    .ARM.Collect$$rtentry$$0000000A  c_w.l(rtentry2.o)(c_w.l)
    0x08000226   0x00000000   Code   RO         1288    .ARM.Collect$$rtentry$$0000000C  c_w.l(rtentry2.o)(c_w.l)
    0x08000226   0x00000008   Code   RO         1289    .ARM.Collect$$rtentry$$0000000D  c_w.l(rtentry2.o)(c_w.l)
    0x0800022e   0x00000002   Code   RO         1396    .ARM.Collect$$rtexit$$00000000  c_w.l(rtexit.o)(c_w.l)
    0x08000230   0x00000000   Code   RO         1418    .ARM.Collect$$rtexit$$00000002  c_w.l(rtexit2.o)(c_w.l)
    0x08000230   0x00000004   Code   RO         1419    .ARM.Collect$$rtexit$$00000003  c_w.l(rtexit2.o)(c_w.l)
    0x08000234   0x00000006   Code   RO         1420    .ARM.Collect$$rtexit$$00000004  c_w.l(rtexit2.o)(c_w.l)
    0x0800023a   0x00000002   PAD
    0x0800023c   0x00000114   Code   RO            1    .text               application.o
    0x08000350   0x000001b4   Code   RO           44    .text               startup.o
    0x08000504   0x00000090   Code   RO          156    .text               board.o
    0x08000594   0x00000038   Code   RO          172    .text               stm32f10x_it.o
    0x080005cc   0x000002b4   Code   RO          188    .text               rtc.o
    0x08000880   0x000000fc   Code   RO          222    .text               usart.o
    0x0800097c   0x00000610   Code   RO          244    .text               serial.o
    0x08000f8c   0x000000e0   Code   RO          260    .text               led.o
    0x0800106c   0x000000c4   Code   RO          283    .text               gpio.o
    0x08001130   0x000006c0   Code   RO          300    .text               i2c-stm32.o
    0x080017f0   0x000001c4   Code   RO          325    .text               i2c.o
    0x080019b4   0x00000098   Code   RO          341    .text               mm.o
    0x08001a4c   0x00000064   Code   RO          357    .text               clock.o
    0x08001ab0   0x000003a0   Code   RO          371    .text               device.o
    0x08001e50   0x00000160   Code   RO          385    .text               idle.o
    0x08001fb0   0x000017b2   Code   RO          405    .text               ipc.o
    0x08003762   0x00000002   PAD
    0x08003764   0x00000048   Code   RO          422    .text               irq.o
    0x080037ac   0x00000924   Code   RO          437    .text               kservice.o
    0x080040d0   0x00000978   Code   RO          453    .text               mem.o
    0x08004a48   0x0000042c   Code   RO          477    .text               mempool.o
    0x08004e74   0x00000330   Code   RO          495    .text               object.o
    0x080051a4   0x000003c8   Code   RO          515    .text               scheduler.o
    0x0800556c   0x00000694   Code   RO          536    .text               thread.o
    0x08005c00   0x00000410   Code   RO          553    .text               timer.o
    0x08006010   0x000001b8   Code   RO          572    .text               cpuport.o
    0x080061c8   0x000000c4   Code   RO          588    .text               context_rvds.o
    0x0800628c   0x00000b6c   Code   RO          627    .text               cmd.o
    0x08006df8   0x0000182c   Code   RO          650    .text               finsh_compiler.o
    0x08008624   0x0000002c   Code   RO          687    .text               finsh_error.o
    0x08008650   0x00000210   Code   RO          703    .text               finsh_heap.o
    0x08008860   0x00000058   Code   RO          719    .text               finsh_init.o
    0x080088b8   0x00000184   Code   RO          737    .text               finsh_node.o
    0x08008a3c   0x00000a58   Code   RO          752    .text               finsh_ops.o
    0x08009494   0x00000972   Code   RO          770    .text               finsh_parser.o
    0x08009e06   0x00000002   PAD
    0x08009e08   0x00000640   Code   RO          785    .text               finsh_token.o
    0x0800a448   0x00000198   Code   RO          800    .text               finsh_var.o
    0x0800a5e0   0x000000e4   Code   RO          823    .text               finsh_vm.o
    0x0800a6c4   0x0000077c   Code   RO          850    .text               shell.o
    0x0800ae40   0x000001c8   Code   RO          894    .text               system_stm32f10x.o
    0x0800b008   0x00000848   Code   RO          924    .text               stm32f10x_rcc.o
    0x0800b850   0x000001d4   Code   RO          950    .text               stm32f10x_pwr.o
    0x0800ba24   0x000002d8   Code   RO          974    .text               stm32f10x_bkp.o
    0x0800bcfc   0x00000c6c   Code   RO          986    .text               stm32f10x_i2c.o
    0x0800c968   0x00000260   Code   RO         1022    .text               stm32f10x_rtc.o
    0x0800cbc8   0x00000a6c   Code   RO         1106    .text               stm32f10x_gpio.o
    0x0800d634   0x00000dc0   Code   RO         1118    .text               stm32f10x_usart.o
    0x0800e3f4   0x000008fc   Code   RO         1142    .text               stm32f10x_dma.o
    0x0800ecf0   0x00000200   Code   RO         1178    .text               misc.o
    0x0800eef0   0x00000040   Code   RO         1193    .text               startup_stm32f10x_hd.o
    0x0800ef30   0x00000270   Code   RO         1197    .text               i2c_core.o
    0x0800f1a0   0x0000028c   Code   RO         1212    .text               i2c_dev.o
    0x0800f42c   0x00000010   Code   RO         1227    .text               c_w.l(rt_ctype_table.o)(c_w.l)
    0x0800f43c   0x0000001a   Code   RO         1229    .text               c_w.l(atoi.o)(c_w.l)
    0x0800f456   0x0000003e   Code   RO         1231    .text               c_w.l(strlen.o)(c_w.l)
    0x0800f494   0x0000008c   Code   RO         1233    .text               c_w.l(strncmp.o)(c_w.l)
    0x0800f520   0x0000008a   Code   RO         1235    .text               c_w.l(rt_memcpy_v6.o)(c_w.l)
    0x0800f5aa   0x00000064   Code   RO         1237    .text               c_w.l(rt_memcpy_w.o)(c_w.l)
    0x0800f60e   0x00000044   Code   RO         1239    .text               c_w.l(rt_memclr.o)(c_w.l)
    0x0800f652   0x0000004e   Code   RO         1241    .text               c_w.l(rt_memclr_w.o)(c_w.l)
    0x0800f6a0   0x00000056   Code   RO         1243    .text               c_w.l(strncpy.o)(c_w.l)
    0x0800f6f6   0x0000000e   Code   RO         1245    .text               c_w.l(ctime.o)(c_w.l)
    0x0800f704   0x0000000c   Code   RO         1247    .text               c_w.l(localtime.o)(c_w.l)
    0x0800f710   0x000001a0   Code   RO         1250    .text               c_w.l(mktime.o)(c_w.l)
    0x0800f8b0   0x00000006   Code   RO         1252    .text               c_w.l(heapauxi.o)(c_w.l)
    0x0800f8b6   0x00000002   PAD
    0x0800f8b8   0x0000000c   Code   RO         1261    .text               c_w.l(rt_locale_intlibspace.o)(c_w.l)
    0x0800f8c4   0x0000000c   Code   RO         1266    .text               c_w.l(rt_errno_addr_intlibspace.o)(c_w.l)
    0x0800f8d0   0x00000070   Code   RO         1268    .text               c_w.l(strtol.o)(c_w.l)
    0x0800f940   0x0000000c   Code   RO         1273    .text               c_w.l(asctime.o)(c_w.l)
    0x0800f94c   0x000000a4   Code   RO         1277    .text               c_w.l(localtime_internal.o)(c_w.l)
    0x0800f9f0   0x00000008   Code   RO         1279    .text               c_w.l(libspace.o)(c_w.l)
    0x0800f9f8   0x0000009c   Code   RO         1300    .text               c_w.l(_strtoul.o)(c_w.l)
    0x0800fa94   0x0000006c   Code   RO         1302    .text               c_w.l(asctime_internal.o)(c_w.l)
    0x0800fb00   0x0000004a   Code   RO         1345    .text               c_w.l(sys_stackheap_outer.o)(c_w.l)
    0x0800fb4a   0x00000002   PAD
    0x0800fb4c   0x00000028   Code   RO         1349    .text               c_w.l(noretval__2sprintf.o)(c_w.l)
    0x0800fb74   0x00000050   Code   RO         1353    .text               c_w.l(_printf_pad.o)(c_w.l)
    0x0800fbc4   0x00000052   Code   RO         1355    .text               c_w.l(_printf_str.o)(c_w.l)
    0x0800fc16   0x00000002   PAD
    0x0800fc18   0x00000074   Code   RO         1357    .text               c_w.l(_printf_dec.o)(c_w.l)
    0x0800fc8c   0x0000011e   Code   RO         1367    .text               c_w.l(__printf_wp.o)(c_w.l)
    0x0800fdaa   0x00000020   Code   RO         1380    .text               c_w.l(_chval.o)(c_w.l)
    0x0800fdca   0x0000000c   Code   RO         1385    .text               c_w.l(exit.o)(c_w.l)
    0x0800fdd6   0x000000b4   Code   RO         1398    .text               c_w.l(_printf_intcommon.o)(c_w.l)
    0x0800fe8a   0x00000002   PAD
    0x0800fe8c   0x00000030   Code   RO         1400    .text               c_w.l(_printf_char_common.o)(c_w.l)
    0x0800febc   0x0000000a   Code   RO         1402    .text               c_w.l(_sputc.o)(c_w.l)
    0x0800fec6   0x0000002c   Code   RO         1404    .text               c_w.l(_printf_char.o)(c_w.l)
    0x0800fef2   0x00000010   Code   RO         1407    .text               c_w.l(rtudiv10.o)(c_w.l)
    0x0800ff02   0x00000002   PAD
    0x0800ff04   0x0000000c   Code   RO         1428    .text               c_w.l(rt_fp_status_addr_intlibspace.o)(c_w.l)
    0x0800ff10   0x0000000c   Code   RO         1438    .text               c_w.l(sys_exit.o)(c_w.l)
    0x0800ff1c   0x00000002   Code   RO         1440    .text               c_w.l(use_no_semi.o)(c_w.l)
    0x0800ff1e   0x00000002   PAD
    0x0800ff20   0x0000002c   Code   RO         1271    locale$$code        c_w.l(lc_ctype_c.o)(c_w.l)
    0x0800ff4c   0x0000002c   Code   RO         1383    locale$$code        c_w.l(lc_time_c.o)(c_w.l)
    0x0800ff78   0x0000000e   Code   RO         1413    x$fpl$fpinit        fz_ws.l(fpinit.o)(fz_ws.l)
    0x0800ff86   0x00000084   Data   RO          190    .constdata          rtc.o
    0x0801000a   0x00000085   Data   RO          245    .constdata          serial.o
    0x0801008f   0x00000024   Data   RO          261    .constdata          led.o
    0x080100b3   0x0000003a   Data   RO          284    .constdata          gpio.o
    0x080100ed   0x00000003   PAD
    0x080100f0   0x00000010   Data   RO          302    .constdata          i2c-stm32.o
    0x08010100   0x00000021   Data   RO          326    .constdata          i2c.o
    0x08010121   0x0000001f   Data   RO          342    .constdata          mm.o
    0x08010140   0x000000a8   Data   RO          372    .constdata          device.o
    0x080101e8   0x00000016   Data   RO          387    .constdata          idle.o
    0x080101fe   0x000001c6   Data   RO          406    .constdata          ipc.o
    0x080103c4   0x00000022   Data   RO          439    .constdata          kservice.o
    0x080103e6   0x00000002   PAD
    0x080103e8   0x00000160   Data   RO          455    .constdata          mem.o
    0x08010548   0x0000003e   Data   RO          478    .constdata          mempool.o
    0x08010586   0x0000005e   Data   RO          496    .constdata          object.o
    0x080105e4   0x0000014e   Data   RO          517    .constdata          scheduler.o
    0x08010732   0x000000aa   Data   RO          537    .constdata          thread.o
    0x080107dc   0x0000005c   Data   RO          554    .constdata          timer.o
    0x08010838   0x00000013   Data   RO          573    .constdata          cpuport.o
    0x0801084b   0x00000001   PAD
    0x0801084c   0x00000287   Data   RO          628    .constdata          cmd.o
    0x08010ad3   0x00000001   PAD
    0x08010ad4   0x000000c4   Data   RO          753    .constdata          finsh_ops.o
    0x08010b98   0x00000040   Data   RO          786    .constdata          finsh_token.o
    0x08010bd8   0x0000004d   Data   RO          852    .constdata          shell.o
    0x08010c25   0x00000013   Data   RO         1199    .constdata          i2c_core.o
    0x08010c38   0x00000072   Data   RO         1213    .constdata          i2c_dev.o
    0x08010caa   0x0000000c   Data   RO         1276    .constdata          c_w.l(_monlen.o)(c_w.l)
    0x08010cb6   0x000000c1   Data   RO          629    .conststring        cmd.o
    0x08010d77   0x000000d8   Data   RO          688    .conststring        finsh_error.o
    0x08010e4f   0x0000002c   Data   RO          787    .conststring        finsh_token.o
    0x08010e7b   0x00000001   PAD
    0x08010e7c   0x00000024   Data   RO          191    FSymTab             rtc.o
    0x08010ea0   0x0000000c   Data   RO          263    FSymTab             led.o
    0x08010eac   0x0000000c   Data   RO          286    FSymTab             gpio.o
    0x08010eb8   0x0000000c   Data   RO          327    FSymTab             i2c.o
    0x08010ec4   0x0000000c   Data   RO          343    FSymTab             mm.o
    0x08010ed0   0x0000000c   Data   RO          457    FSymTab             mem.o
    0x08010edc   0x00000090   Data   RO          631    FSymTab             cmd.o
    0x08010f6c   0x00000020   Data   RO         1490    Region$$Table       anon$$obj.o
    0x08010f8c   0x00000010   Data   RO          632    VSymTab             cmd.o
    0x08010f9c   0x00000110   Data   RO         1270    locale$$data        c_w.l(lc_ctype_c.o)(c_w.l)
    0x080110ac   0x00000178   Data   RO         1382    locale$$data        c_w.l(lc_time_c.o)(c_w.l)


    Execution Region RW_IRAM1 (Base: 0x20000000, Size: 0x00001c68, Max: 0x00005000, ABSOLUTE, COMPRESSED[0x000000d0])

    Base Addr    Size         Type   Attr      Idx    E Section Name        Object

    0x20000000   0x00000002   Data   RW           46    .data               startup.o
    0x20000002   0x00000002   PAD
    0x20000004   0x0000000c   Data   RW          224    .data               usart.o
    0x20000010   0x00000001   Data   RW          262    .data               led.o
    0x20000011   0x00000003   PAD
    0x20000014   0x00000038   Data   RW          285    .data               gpio.o
    0x2000004c   0x00000004   Data   RW          358    .data               clock.o
    0x20000050   0x00000004   Data   RW          388    .data               idle.o
    0x20000054   0x00000001   Data   RW          423    .data               irq.o
    0x20000055   0x00000003   PAD
    0x20000058   0x00000008   Data   RW          440    .data               kservice.o
    0x20000060   0x00000020   Data   RW          456    .data               mem.o
    0x20000080   0x00000008   Data   RW          479    .data               mempool.o
    0x20000088   0x000000a4   Data   RW          497    .data               object.o
    0x2000012c   0x0000001c   Data   RW          518    .data               scheduler.o
    0x20000148   0x0000000c   Data   RW          555    .data               timer.o
    0x20000154   0x00000010   Data   RW          574    .data               cpuport.o
    0x20000164   0x00000004   Data   RW          630    .data               cmd.o
    0x20000168   0x00000008   Data   RW          651    .data               finsh_compiler.o
    0x20000170   0x0000003d   Data   RW          689    .data               finsh_error.o
    0x200001ad   0x00000003   PAD
    0x200001b0   0x00000008   Data   RW          705    .data               finsh_heap.o
    0x200001b8   0x00000004   Data   RW          802    .data               finsh_var.o
    0x200001bc   0x0000000c   Data   RW          825    .data               finsh_vm.o
    0x200001c8   0x00000004   Data   RW          853    .data               shell.o
    0x200001cc   0x00000010   Data   RW          871    .data               symbol.o
    0x200001dc   0x00000014   Data   RW          895    .data               system_stm32f10x.o
    0x200001f0   0x00000014   Data   RW          925    .data               stm32f10x_rcc.o
    0x20000204   0x00000280   Zero   RW            2    .bss                application.o
    0x20000484   0x0000000c   Zero   RW           45    .bss                startup.o
    0x20000490   0x00000040   Zero   RW          189    .bss                rtc.o
    0x200004d0   0x00000088   Zero   RW          223    .bss                usart.o
    0x20000558   0x00000078   Zero   RW          301    .bss                i2c-stm32.o
    0x200005d0   0x00000180   Zero   RW          386    .bss                idle.o
    0x20000750   0x00000080   Zero   RW          438    .bss                kservice.o
    0x200007d0   0x00000020   Zero   RW          454    .bss                mem.o
    0x200007f0   0x00000100   Zero   RW          516    .bss                scheduler.o
    0x200008f0   0x00000080   Zero   RW          704    .bss                finsh_heap.o
    0x20000970   0x00000140   Zero   RW          738    .bss                finsh_node.o
    0x20000ab0   0x000000c0   Zero   RW          801    .bss                finsh_var.o
    0x20000b70   0x00000180   Zero   RW          824    .bss                finsh_vm.o
    0x20000cf0   0x00000880   Zero   RW          851    .bss                shell.o
    0x20001570   0x00000024   Zero   RW         1198    .bss                i2c_core.o
    0x20001594   0x0000002c   Zero   RW         1248    .bss                c_w.l(localtime.o)(c_w.l)
    0x200015c0   0x00000044   Zero   RW         1274    .bss                c_w.l(asctime.o)(c_w.l)
    0x20001604   0x00000060   Zero   RW         1280    .bss                c_w.l(libspace.o)(c_w.l)
    0x20001664   0x00000004   PAD
    0x20001668   0x00000200   Zero   RW         1191    HEAP                startup_stm32f10x_hd.o
    0x20001868   0x00000400   Zero   RW         1190    STACK               startup_stm32f10x_hd.o


==============================================================================

Image component sizes


      Code (inc. data)   RO Data    RW Data    ZI Data      Debug   Object Name

       276         40          0          0        640          0   application.o
       144         20          0          0          0          0   board.o
       100          6          0          4          0          0   clock.o
      2924       1190       1000          4          0          0   cmd.o
       196         20          0          0          0          0   context_rvds.o
       440        222         19         16          0          0   cpuport.o
       928        144        168          0          0          0   device.o
      6188        120          0          8          0          0   finsh_compiler.o
        44         10        216         61          0          0   finsh_error.o
       528         18          0          8        128          0   finsh_heap.o
        88          6          0          0          0          0   finsh_init.o
       388          4          0          0        320          0   finsh_node.o
      2648         38        196          0          0          0   finsh_ops.o
      2418         32          0          0          0          0   finsh_parser.o
      1600         16        108          0          0          0   finsh_token.o
       408         16          0          4        192          0   finsh_var.o
       228         34          0         12        384          0   finsh_vm.o
       196         10         70         56          0          0   gpio.o
      1728        606         16          0        120          0   i2c-stm32.o
       452        144         45          0          0          0   i2c.o
       624        212         19          0         36          0   i2c_core.o
       652        174        114          0          0          0   i2c_dev.o
       352        104         22          4        384          0   idle.o
      6066        396        454          0          0          0   ipc.o
        72          6          0          1          0          0   irq.o
      2340        164         34          8        128          0   kservice.o
       224         10         48          1          0          0   led.o
      2424        586        364         32         32          0   mem.o
      1068        118         62          8          0          0   mempool.o
       512         80          0          0          0          0   misc.o
       152         38         43          0          0          0   mm.o
       816        186         94        164          0          0   object.o
       692        172        168          0         64          0   rtc.o
       968        184        334         28        256          0   scheduler.o
      1552        298        133          0          0          0   serial.o
      1916        272         77          4       2176          0   shell.o
       436        206          0          2         12          0   startup.o
        64         26        304          0       1536          0   startup_stm32f10x_hd.o
       728         94          0          0          0          0   stm32f10x_bkp.o
      2300        154          0          0          0          0   stm32f10x_dma.o
      2668        200          0          0          0          0   stm32f10x_gpio.o
      3180        158          0          0          0          0   stm32f10x_i2c.o
        56          6          0          0          0          0   stm32f10x_it.o
       468         78          0          0          0          0   stm32f10x_pwr.o
      2120        130          0         20          0          0   stm32f10x_rcc.o
       608         92          0          0          0          0   stm32f10x_rtc.o
      3520        148          0          0          0          0   stm32f10x_usart.o
         0          0          0         16          0          0   symbol.o
       456         36          0         20          0          0   system_stm32f10x.o
      1684        246        170          0          0          0   thread.o
      1040        130         92         12          0          0   timer.o
       252         24          0         12        136          0   usart.o

    ----------------------------------------------------------------------
     61936       7424       4410        516       6544          0   Object Totals
         0          0         32          0          0          0   (incl. Generated)
         4          0          8         11          0          2   (incl. Padding)

    ----------------------------------------------------------------------

      Code (inc. data)   RO Data    RW Data    ZI Data      Debug   Library Member Name

        90          0          0          0          0          0   __dczerorl2.o
         8          0          0          0          0          0   __main.o
       286          0          0          0          0          0   __printf_wp.o
        52          8          0          0          0          0   __scatter.o
        28          0          0          0          0          0   __scatter_zi.o
        32          0          0          0          0          0   _chval.o
         0          0         12          0          0          0   _monlen.o
        44          0          0          0          0          0   _printf_char.o
        48          6          0          0          0          0   _printf_char_common.o
         6          0          0          0          0          0   _printf_d.o
       116         18          0          0          0          0   _printf_dec.o
       180          0          0          0          0          0   _printf_intcommon.o
        80          0          0          0          0          0   _printf_pad.o
         0          0          0          0          0          0   _printf_percent.o
         4          0          0          0          0          0   _printf_percent_end.o
         6          0          0          0          0          0   _printf_s.o
        82          0          0          0          0          0   _printf_str.o
        10          0          0          0          0          0   _sputc.o
       156          0          0          0          0          0   _strtoul.o
        12          6          0          0         68          0   asctime.o
       108         30          0          0          0          0   asctime_internal.o
        26          0          0          0          0          0   atoi.o
        14          0          0          0          0          0   ctime.o
        12          0          0          0          0          0   exit.o
         6          0          0          0          0          0   heapauxi.o
        44         10        272          0          0          0   lc_ctype_c.o
        44         10        376          0          0          0   lc_time_c.o
         6          0          0          0          0          0   libinit.o
        30          0          0          0          0          0   libinit2.o
         2          0          0          0          0          0   libshutdown.o
         2          0          0          0          0          0   libshutdown2.o
         8          4          0          0         96          0   libspace.o
        12          6          0          0         44          0   localtime.o
       164          6          0          0          0          0   localtime_internal.o
       416          8          0          0          0          0   mktime.o
        40          6          0          0          0          0   noretval__2sprintf.o
        16          4          0          0          0          0   rt_ctype_table.o
        12          4          0          0          0          0   rt_errno_addr_intlibspace.o
        12          4          0          0          0          0   rt_fp_status_addr_intlibspace.o
        12          4          0          0          0          0   rt_locale_intlibspace.o
        68          0          0          0          0          0   rt_memclr.o
        78          0          0          0          0          0   rt_memclr_w.o
       138          0          0          0          0          0   rt_memcpy_v6.o
       100          0          0          0          0          0   rt_memcpy_w.o
         0          0          0          0          0          0   rtentry.o
        12          0          0          0          0          0   rtentry2.o
         6          0          0          0          0          0   rtentry4.o
         2          0          0          0          0          0   rtexit.o
        10          0          0          0          0          0   rtexit2.o
        16          0          0          0          0          0   rtudiv10.o
        62          0          0          0          0          0   strlen.o
       140          0          0          0          0          0   strncmp.o
        86          0          0          0          0          0   strncpy.o
       112          0          0          0          0          0   strtol.o
        12          4          0          0          0          0   sys_exit.o
        74          0          0          0          0          0   sys_stackheap_outer.o
         2          0          0          0          0          0   use_no_semi.o
        14          0          0          0          0          0   fpinit.o

    ----------------------------------------------------------------------
      3174        138        660          0        212          0   Library Totals
        16          0          0          0          4          0   (incl. Padding)

    ----------------------------------------------------------------------

      Code (inc. data)   RO Data    RW Data    ZI Data      Debug   Library Name

      3144        138        660          0        208       3260   c_w.l
        14          0          0          0          0         76   fz_ws.l

    ----------------------------------------------------------------------
      3174        138        660          0        212          0   Library Totals

    ----------------------------------------------------------------------

==============================================================================


      Code (inc. data)   RO Data    RW Data    ZI Data      Debug   

     65110       7562       5070        516       6756     532636   Grand Totals
     65110       7562       5070        208       6756     532636   ELF Image Totals (compressed)
     65110       7562       5070        208          0          0   ROM Totals

==============================================================================

    Total RO  Size (Code + RO Data)                70180 (  68.54kB)
    Total RW  Size (RW Data + ZI Data)              7272 (   7.10kB)
    Total ROM Size (Code + RO Data + RW Data)      70388 (  68.74kB)

==============================================================================

