ARM Linker, 4.1 [Build 481] [Standard]

==============================================================================

Section Cross References

    application.o(.text) refers to led.o(.text) for rt_hw_led_init
    application.o(.text) refers to thread.o(.text) for rt_thread_delay
    application.o(.text) refers to i2c-stm32.o(.text) for rt_i2c_stm32_add_bus
    application.o(.text) refers to kservice.o(.text) for rt_kprintf
    application.o(.text) refers to application.o(.bss) for led_stack
    startup.o(.text) refers to kservice.o(.text) for rt_kprintf
    startup.o(.text) refers to board.o(.text) for rt_hw_board_init
    startup.o(.text) refers to clock.o(.text) for rt_system_tick_init
    startup.o(.text) refers to object.o(.text) for rt_system_object_init
    startup.o(.text) refers to timer.o(.text) for rt_system_timer_init
    startup.o(.text) refers to mem.o(.text) for rt_system_heap_init
    startup.o(.text) refers to scheduler.o(.text) for rt_system_scheduler_init
    startup.o(.text) refers to rtc.o(.text) for rt_hw_rtc_init
    startup.o(.text) refers to device.o(.text) for rt_device_init_all
    startup.o(.text) refers to application.o(.text) for rt_application_init
    startup.o(.text) refers to shell.o(.text) for finsh_system_init
    startup.o(.text) refers to idle.o(.text) for rt_thread_idle_init
    startup.o(.text) refers to context_rvds.o(.text) for rt_hw_interrupt_disable
    startup.o(.text) refers to startup.o(.bss) for ChipUniqueID
    startup.o(.text) refers to startup.o(.data) for ChipFlashSize
    board.o(.text) refers to misc.o(.text) for NVIC_SetVectorTable
    board.o(.text) refers to irq.o(.text) for rt_interrupt_enter
    board.o(.text) refers to clock.o(.text) for rt_tick_increase
    board.o(.text) refers to usart.o(.text) for rt_hw_usart_init
    board.o(.text) refers to kservice.o(.text) for rt_console_set_device
    board.o(.text) refers to system_stm32f10x.o(.data) for SystemCoreClock
    stm32f10x_it.o(.text) refers to board.o(.text) for rt_hw_timer_handler
    stm32f10x_it.o(.text) refers to irq.o(.text) for rt_interrupt_enter
    stm32f10x_it.o(.text) refers to serial.o(.text) for rt_hw_serial_isr
    stm32f10x_it.o(.text) refers to usart.o(.bss) for uart1_device
    rtc.o(.text) refers to kservice.o(.text) for rt_kprintf
    rtc.o(.text) refers to stm32f10x_rtc.o(.text) for RTC_GetCounter
    rtc.o(.text) refers to stm32f10x_rcc.o(.text) for RCC_APB1PeriphClockCmd
    rtc.o(.text) refers to stm32f10x_pwr.o(.text) for PWR_BackupAccessCmd
    rtc.o(.text) refers to stm32f10x_bkp.o(.text) for BKP_WriteBackupRegister
    rtc.o(.text) refers to device.o(.text) for rt_device_register
    rtc.o(.text) refers to localtime.o(.text) for localtime
    rtc.o(.text) refers to mktime.o(.text) for mktime
    rtc.o(.text) refers to ctime.o(.text) for ctime
    rtc.o(.text) refers to rtc.o(.constdata) for __FUNCTION__
    rtc.o(.text) refers to rtc.o(.bss) for rtc
    rtc.o(FSymTab) refers to rtc.o(.constdata) for __fsym_set_date_name
    rtc.o(FSymTab) refers to rtc.o(.text) for set_date
    usart.o(.text) refers to stm32f10x_rcc.o(.text) for RCC_APB2PeriphClockCmd
    usart.o(.text) refers to stm32f10x_gpio.o(.text) for GPIO_Init
    usart.o(.text) refers to misc.o(.text) for NVIC_Init
    usart.o(.text) refers to stm32f10x_usart.o(.text) for USART_Init
    usart.o(.text) refers to serial.o(.text) for rt_hw_serial_register
    usart.o(.text) refers to usart.o(.data) for uart1
    usart.o(.text) refers to usart.o(.bss) for uart1_device
    usart.o(.data) refers to usart.o(.bss) for uart1_int_rx
    serial.o(.text) refers to kservice.o(.text) for rt_memset
    serial.o(.text) refers to mempool.o(.text) for rt_mp_init
    serial.o(.text) refers to stm32f10x_usart.o(.text) for USART_Cmd
    serial.o(.text) refers to context_rvds.o(.text) for rt_hw_interrupt_disable
    serial.o(.text) refers to stm32f10x_dma.o(.text) for DMA_Cmd
    serial.o(.text) refers to device.o(.text) for rt_device_register
    serial.o(.text) refers to serial.o(.constdata) for __FUNCTION__
    led.o(.text) refers to stm32f10x_rcc.o(.text) for RCC_APB2PeriphClockCmd
    led.o(.text) refers to stm32f10x_gpio.o(.text) for GPIO_Init
    led.o(.text) refers to led.o(.data) for led_inited
    led.o(FSymTab) refers to led.o(.constdata) for __fsym_led_name
    led.o(FSymTab) refers to led.o(.text) for led
    gpio.o(.text) refers to stm32f10x_rcc.o(.text) for RCC_APB2PeriphClockCmd
    gpio.o(.text) refers to stm32f10x_gpio.o(.text) for GPIO_Init
    gpio.o(.text) refers to gpio.o(.data) for RCC_ports
    gpio.o(FSymTab) refers to gpio.o(.constdata) for __fsym_gpio_name
    gpio.o(FSymTab) refers to gpio.o(.text) for gpio
    i2c-stm32.o(.text) refers to stm32f10x_i2c.o(.text) for I2C_GenerateSTART
    i2c-stm32.o(.text) refers to kservice.o(.text) for rt_kprintf
    i2c-stm32.o(.text) refers to stm32f10x_rcc.o(.text) for RCC_APB2PeriphClockCmd
    i2c-stm32.o(.text) refers to stm32f10x_gpio.o(.text) for GPIO_Init
[...]
    rt_event_control                         0x0800286b   Thumb Code    84  ipc.o(.text)
    rt_mb_init                               0x080028bf   Thumb Code    94  ipc.o(.text)
    rt_mb_detach                             0x0800291d   Thumb Code    58  ipc.o(.text)
    rt_mb_create                             0x08002957   Thumb Code   146  ipc.o(.text)
    rt_mb_delete                             0x080029e9   Thumb Code   124  ipc.o(.text)
    rt_mb_send_wait                          0x08002a65   Thumb Code   424  ipc.o(.text)
    rt_mb_send                               0x08002c0d   Thumb Code    18  ipc.o(.text)
    rt_mb_recv                               0x08002c1f   Thumb Code   402  ipc.o(.text)
    rt_mb_control                            0x08002db1   Thumb Code    96  ipc.o(.text)
    rt_mq_init                               0x08002e11   Thumb Code   138  ipc.o(.text)
    rt_mq_detach                             0x08002e9b   Thumb Code    50  ipc.o(.text)
    rt_mq_delete                             0x08002ecd   Thumb Code   116  ipc.o(.text)
    rt_mq_create                             0x08002f41   Thumb Code   192  ipc.o(.text)
    rt_mq_send                               0x08003001   Thumb Code   310  ipc.o(.text)
    rt_mq_urgent                             0x08003137   Thumb Code   248  ipc.o(.text)
    rt_mq_recv                               0x0800322f   Thumb Code   450  ipc.o(.text)
    rt_mq_control                            0x080033f1   Thumb Code   176  ipc.o(.text)
    rt_interrupt_enter                       0x080034e1   Thumb Code    30  irq.o(.text)
    rt_interrupt_leave                       0x080034ff   Thumb Code    30  irq.o(.text)
    rt_interrupt_get_nest                    0x0800351d   Thumb Code     6  irq.o(.text)
    rt_get_errno                             0x08003529   Thumb Code    32  kservice.o(.text)
    rt_set_errno                             0x08003549   Thumb Code    36  kservice.o(.text)
    _rt_errno                                0x0800356d   Thumb Code    30  kservice.o(.text)
    rt_memset                                0x0800358b   Thumb Code    72  kservice.o(.text)
    rt_memcpy                                0x080035d3   Thumb Code   120  kservice.o(.text)
    rt_memmove                               0x0800364b   Thumb Code    66  kservice.o(.text)
    rt_memcmp                                0x0800368d   Thumb Code    38  kservice.o(.text)
    rt_strlen                                0x080036b3   Thumb Code    18  kservice.o(.text)
    rt_strstr                                0x080036c5   Thumb Code    58  kservice.o(.text)
    rt_strcasecmp                            0x080036ff   Thumb Code    48  kservice.o(.text)
    rt_strncpy                               0x0800372f   Thumb Code    52  kservice.o(.text)
    rt_strncmp                               0x08003763   Thumb Code    40  kservice.o(.text)
    rt_strcmp                                0x0800378b   Thumb Code    28  kservice.o(.text)
    rt_strdup                                0x080037a7   Thumb Code    40  kservice.o(.text)
    rt_hw_console_output                     0x080037cf   Thumb Code     2  kservice.o(.text)
    rt_kprintf                               0x08003c73   Thumb Code    62  kservice.o(.text)
    rt_show_version                          0x08003cb1   Thumb Code    38  kservice.o(.text)
    rt_snprintf                              0x08003cd7   Thumb Code    34  kservice.o(.text)
    rt_vsprintf                              0x08003cf9   Thumb Code    22  kservice.o(.text)
    rt_sprintf                               0x08003d0f   Thumb Code    30  kservice.o(.text)
    rt_console_get_device                    0x08003d2d   Thumb Code     6  kservice.o(.text)
    rt_console_set_device                    0x08003d33   Thumb Code    48  kservice.o(.text)
    rt_malloc_align                          0x08003d63   Thumb Code    66  kservice.o(.text)
    rt_free_align                            0x08003da5   Thumb Code    16  kservice.o(.text)
    rt_malloc_sethook                        0x08003e4d   Thumb Code     6  mem.o(.text)
    rt_free_sethook                          0x08003e53   Thumb Code     6  mem.o(.text)
    rt_system_heap_init                      0x08003f21   Thumb Code   220  mem.o(.text)
    rt_malloc                                0x08003ffd   Thumb Code   968  mem.o(.text)
    rt_free                                  0x080043c5   Thumb Code   322  mem.o(.text)
    rt_realloc                               0x08004507   Thumb Code   330  mem.o(.text)
    rt_calloc                                0x08004651   Thumb Code    98  mem.o(.text)
    rt_memory_info                           0x080046b3   Thumb Code    26  mem.o(.text)
    list_mem                                 0x080046cd   Thumb Code    34  mem.o(.text)
    rt_mp_alloc_sethook                      0x080047c5   Thumb Code     6  mempool.o(.text)
    rt_mp_free_sethook                       0x080047cb   Thumb Code     6  mempool.o(.text)
    rt_mp_init                               0x080047d1   Thumb Code   144  mempool.o(.text)
    rt_mp_detach                             0x08004861   Thumb Code    92  mempool.o(.text)
    rt_mp_create                             0x080048bd   Thumb Code   190  mempool.o(.text)
    rt_mp_delete                             0x0800497b   Thumb Code   152  mempool.o(.text)
    rt_mp_alloc                              0x08004a13   Thumb Code   240  mempool.o(.text)
    rt_mp_free                               0x08004b03   Thumb Code    98  mempool.o(.text)
    rt_object_attach_sethook                 0x08004c11   Thumb Code     6  object.o(.text)
    rt_object_detach_sethook                 0x08004c17   Thumb Code     6  object.o(.text)
    rt_object_trytake_sethook                0x08004c1d   Thumb Code     6  object.o(.text)
    rt_object_take_sethook                   0x08004c23   Thumb Code     6  object.o(.text)
    rt_object_put_sethook                    0x08004c29   Thumb Code     6  object.o(.text)
    rt_system_object_init                    0x08004c2f   Thumb Code     2  object.o(.text)
    rt_object_get_information                0x08004c31   Thumb Code    10  object.o(.text)
    rt_object_init                           0x08004c3b   Thumb Code    76  object.o(.text)
    rt_object_detach                         0x08004c87   Thumb Code    68  object.o(.text)
    rt_object_allocate                       0x08004ccb   Thumb Code   148  object.o(.text)
    rt_object_delete                         0x08004d5f   Thumb Code   108  object.o(.text)
    rt_object_is_systemobject                0x08004dcb   Thumb Code    46  object.o(.text)
    rt_object_find                           0x08004df9   Thumb Code   110  object.o(.text)
    rt_scheduler_sethook                     0x08004f21   Thumb Code     6  scheduler.o(.text)
    rt_system_scheduler_init                 0x08004f85   Thumb Code    56  scheduler.o(.text)
    rt_system_scheduler_start                0x08004fbd   Thumb Code   120  scheduler.o(.text)
    rt_schedule                              0x08005035   Thumb Code   220  scheduler.o(.text)
    rt_schedule_insert_thread                0x08005111   Thumb Code    94  scheduler.o(.text)
    rt_schedule_remove_thread                0x0800516f   Thumb Code   106  scheduler.o(.text)
    rt_enter_critical                        0x080051d9   Thumb Code    28  scheduler.o(.text)
    rt_exit_critical                         0x080051f5   Thumb Code    54  scheduler.o(.text)
    rt_thread_timeout                        0x0800535d   Thumb Code    90  thread.o(.text)
    rt_thread_init                           0x08005459   Thumb Code   112  thread.o(.text)
    rt_thread_self                           0x080054c9   Thumb Code     6  thread.o(.text)
    rt_thread_resume                         0x080054cf   Thumb Code   102  thread.o(.text)
    rt_thread_startup                        0x08005535   Thumb Code   112  thread.o(.text)
    rt_thread_detach                         0x080055a5   Thumb Code    84  thread.o(.text)
    rt_thread_create                         0x080055f9   Thumb Code    84  thread.o(.text)
    rt_thread_delete                         0x0800564d   Thumb Code    76  thread.o(.text)
    rt_thread_yield                          0x08005699   Thumb Code   312  thread.o(.text)
    rt_thread_suspend                        0x080057d1   Thumb Code    84  thread.o(.text)
    rt_thread_sleep                          0x08005825   Thumb Code    90  thread.o(.text)
    rt_thread_delay                          0x0800587f   Thumb Code    12  thread.o(.text)
    rt_thread_control                        0x0800588b   Thumb Code   144  thread.o(.text)
    rt_thread_find                           0x0800591b   Thumb Code    76  thread.o(.text)
    rt_timer_timeout_sethook                 0x0800599d   Thumb Code     6  timer.o(.text)
    rt_timer_init                            0x080059e5   Thumb Code    74  timer.o(.text)
    rt_timer_detach                          0x08005a2f   Thumb Code    58  timer.o(.text)
    rt_timer_create                          0x08005a69   Thumb Code    54  timer.o(.text)
    rt_timer_delete                          0x08005a9f   Thumb Code    58  timer.o(.text)
    rt_timer_start                           0x08005ad9   Thumb Code   196  timer.o(.text)
    rt_timer_stop                            0x08005b9d   Thumb Code    94  timer.o(.text)
    rt_timer_control                         0x08005bfb   Thumb Code    92  timer.o(.text)
    rt_timer_check                           0x08005c57   Thumb Code   150  timer.o(.text)
    rt_timer_next_timeout_tick               0x08005ced   Thumb Code    10  timer.o(.text)
    rt_system_timer_init                     0x08005cf7   Thumb Code     2  timer.o(.text)
    rt_system_timer_thread_init              0x08005cf9   Thumb Code     2  timer.o(.text)
    rt_hw_stack_init                         0x08005d8d   Thumb Code    70  cpuport.o(.text)
    rt_hw_exception_install                  0x08005dd3   Thumb Code     6  cpuport.o(.text)
    rt_hw_hard_fault_exception               0x08005dd9   Thumb Code   112  cpuport.o(.text)
    rt_hw_cpu_shutdown                       0x08005e49   Thumb Code    30  cpuport.o(.text)
    rt_hw_interrupt_disable                  0x08005f45   Thumb Code     8  context_rvds.o(.text)
    rt_hw_interrupt_enable                   0x08005f4d   Thumb Code     6  context_rvds.o(.text)
    rt_hw_context_switch                     0x08005f53   Thumb Code    32  context_rvds.o(.text)
    rt_hw_context_switch_interrupt           0x08005f53   Thumb Code     0  context_rvds.o(.text)
    PendSV_Handler                           0x08005f73   Thumb Code    60  context_rvds.o(.text)
    rt_hw_context_switch_to                  0x08005faf   Thumb Code    46  context_rvds.o(.text)
    rt_hw_interrupt_thread_switch            0x08005fdd   Thumb Code     4  context_rvds.o(.text)
    HardFault_Handler                        0x08005fe1   Thumb Code    20  context_rvds.o(.text)
    hello                                    0x0800601d   Thumb Code    12  cmd.o(.text)
    version                                  0x08006029   Thumb Code    10  cmd.o(.text)
    list_thread                              0x080060e1   Thumb Code    10  cmd.o(.text)
    list_sem                                 0x0800617f   Thumb Code    12  cmd.o(.text)
    list_event                               0x080061eb   Thumb Code    12  cmd.o(.text)
    list_mutex                               0x08006239   Thumb Code    12  cmd.o(.text)
    list_mailbox                             0x080062bd   Thumb Code    12  cmd.o(.text)
    list_msgqueue                            0x08006335   Thumb Code    12  cmd.o(.text)
    list_mempool                             0x080063a3   Thumb Code    12  cmd.o(.text)
    list_timer                               0x080067e1   Thumb Code    10  cmd.o(.text)
    list_device                              0x08006837   Thumb Code    12  cmd.o(.text)
    list                                     0x08006843   Thumb Code   110  cmd.o(.text)
    list_prefix                              0x080068f3   Thumb Code   424  cmd.o(.text)
    finsh_compiler_run                       0x08008339   Thumb Code    88  finsh_compiler.o(.text)
    finsh_error_init                         0x080083a1   Thumb Code     8  finsh_error.o(.text)
    finsh_error_set                          0x080083a9   Thumb Code    10  finsh_error.o(.text)
    finsh_errno                              0x080083b3   Thumb Code     6  finsh_error.o(.text)
    finsh_error_string                       0x080083b9   Thumb Code    10  finsh_error.o(.text)
    finsh_heap_init                          0x080083cd   Thumb Code    36  finsh_heap.o(.text)
    finsh_heap_free                          0x080084f1   Thumb Code    34  finsh_heap.o(.text)
    finsh_heap_allocate                      0x08008561   Thumb Code   106  finsh_heap.o(.text)
    finsh_init                               0x080085dd   Thumb Code    30  finsh_init.o(.text)
    finsh_stack_bottom                       0x080085fb   Thumb Code     6  finsh_init.o(.text)
    finsh_flush                              0x08008601   Thumb Code    22  finsh_init.o(.text)
    finsh_reset                              0x08008617   Thumb Code    24  finsh_init.o(.text)
    finsh_node_init                          0x08008635   Thumb Code    16  finsh_node.o(.text)
    finsh_node_allocate                      0x08008645   Thumb Code    56  finsh_node.o(.text)
    finsh_node_new_id                        0x0800867d   Thumb Code   118  finsh_node.o(.text)
    finsh_node_new_char                      0x080086f3   Thumb Code    30  finsh_node.o(.text)
    finsh_node_new_int                       0x08008711   Thumb Code    30  finsh_node.o(.text)
    finsh_node_new_long                      0x0800872f   Thumb Code    30  finsh_node.o(.text)
    finsh_node_new_string                    0x0800874d   Thumb Code    74  finsh_node.o(.text)
    finsh_node_new_ptr                       0x08008797   Thumb Code    30  finsh_node.o(.text)
    OP_no_op                                 0x080087b9   Thumb Code     2  finsh_ops.o(.text)
    OP_add_byte                              0x080087bb   Thumb Code    42  finsh_ops.o(.text)
    OP_add_word                              0x080087e5   Thumb Code    44  finsh_ops.o(.text)
    OP_add_dword                             0x08008811   Thumb Code    42  finsh_ops.o(.text)
    OP_sub_byte                              0x0800883b   Thumb Code    42  finsh_ops.o(.text)
    OP_sub_word                              0x08008865   Thumb Code    44  finsh_ops.o(.text)
    OP_sub_dword                             0x08008891   Thumb Code    42  finsh_ops.o(.text)
    OP_div_byte                              0x080088bb   Thumb Code    44  finsh_ops.o(.text)
    OP_div_word                              0x080088e7   Thumb Code    46  finsh_ops.o(.text)
    OP_div_dword                             0x08008915   Thumb Code    44  finsh_ops.o(.text)
    OP_mod_byte                              0x08008941   Thumb Code    48  finsh_ops.o(.text)
    OP_mod_word                              0x08008971   Thumb Code    50  finsh_ops.o(.text)
    OP_mod_dword                             0x080089a3   Thumb Code    48  finsh_ops.o(.text)
    OP_mul_byte                              0x080089d3   Thumb Code    42  finsh_ops.o(.text)
    OP_mul_word                              0x080089fd   Thumb Code    44  finsh_ops.o(.text)
    OP_mul_dword                             0x08008a29   Thumb Code    42  finsh_ops.o(.text)
    OP_and_byte                              0x08008a53   Thumb Code    42  finsh_ops.o(.text)
    OP_and_word                              0x08008a7d   Thumb Code    42  finsh_ops.o(.text)
    OP_and_dword                             0x08008aa7   Thumb Code    42  finsh_ops.o(.text)
    OP_or_byte                               0x08008ad1   Thumb Code    42  finsh_ops.o(.text)
    OP_or_word                               0x08008afb   Thumb Code    42  finsh_ops.o(.text)
    OP_or_dword                              0x08008b25   Thumb Code    42  finsh_ops.o(.text)
    OP_xor_byte                              0x08008b4f   Thumb Code    42  finsh_ops.o(.text)
    OP_xor_word                              0x08008b79   Thumb Code    48  finsh_ops.o(.text)
    OP_xor_dword                             0x08008ba9   Thumb Code    42  finsh_ops.o(.text)
    OP_bw_byte                               0x08008bd3   Thumb Code    20  finsh_ops.o(.text)
    OP_bw_word                               0x08008be7   Thumb Code    20  finsh_ops.o(.text)
    OP_bw_dword                              0x08008bfb   Thumb Code    20  finsh_ops.o(.text)
    OP_shl_byte                              0x08008c0f   Thumb Code    42  finsh_ops.o(.text)
    OP_shl_word                              0x08008c39   Thumb Code    44  finsh_ops.o(.text)
    OP_shl_dword                             0x08008c65   Thumb Code    42  finsh_ops.o(.text)
    OP_shr_byte                              0x08008c8f   Thumb Code    42  finsh_ops.o(.text)
    OP_shr_word                              0x08008cb9   Thumb Code    44  finsh_ops.o(.text)
    OP_shr_dword                             0x08008ce5   Thumb Code    42  finsh_ops.o(.text)
    OP_ld_byte                               0x08008d0f   Thumb Code    34  finsh_ops.o(.text)
    OP_ld_word                               0x08008d31   Thumb Code    46  finsh_ops.o(.text)
    OP_ld_dword                              0x08008d5f   Thumb Code    64  finsh_ops.o(.text)
    OP_ld_value_byte                         0x08008d9f   Thumb Code    66  finsh_ops.o(.text)
    OP_ld_value_byte_stack                   0x08008de1   Thumb Code    20  finsh_ops.o(.text)
    OP_ld_value_word                         0x08008df5   Thumb Code    66  finsh_ops.o(.text)
    OP_ld_value_word_stack                   0x08008e37   Thumb Code    20  finsh_ops.o(.text)
    OP_ld_value_dword                        0x08008e4b   Thumb Code    66  finsh_ops.o(.text)
    OP_ld_value_dword_stack                  0x08008e8d   Thumb Code    20  finsh_ops.o(.text)
    OP_st_byte                               0x08008ea1   Thumb Code    30  finsh_ops.o(.text)
    OP_st_word                               0x08008ebf   Thumb Code    30  finsh_ops.o(.text)
    OP_st_dword                              0x08008edd   Thumb Code    30  finsh_ops.o(.text)
    OP_pop                                   0x08008efb   Thumb Code    12  finsh_ops.o(.text)
    OP_call                                  0x08008f07   Thumb Code   774  finsh_ops.o(.text)
    finsh_parser_run                         0x08009aa1   Thumb Code   210  finsh_parser.o(.text)
    finsh_parser_init                        0x08009b73   Thumb Code    16  finsh_parser.o(.text)
    finsh_token_init                         0x08009b85   Thumb Code    20  finsh_token.o(.text)
    token_get_string                         0x08009f63   Thumb Code   120  finsh_token.o(.text)
    finsh_token_token                        0x0800a195   Thumb Code    24  finsh_token.o(.text)
    finsh_token_get_token                    0x0800a1ad   Thumb Code    20  finsh_token.o(.text)
    finsh_var_init                           0x0800a1c5   Thumb Code    14  finsh_var.o(.text)
    finsh_var_insert                         0x0800a1d3   Thumb Code   112  finsh_var.o(.text)
    finsh_var_delete                         0x0800a243   Thumb Code    68  finsh_var.o(.text)
    finsh_var_lookup                         0x0800a287   Thumb Code    58  finsh_var.o(.text)
    finsh_sysvar_append                      0x0800a2c1   Thumb Code    62  finsh_var.o(.text)
    finsh_sysvar_lookup                      0x0800a2ff   Thumb Code    78  finsh_var.o(.text)
    finsh_vm_run                             0x0800a35d   Thumb Code    62  finsh_vm.o(.text)
    finsh_syscall_append                     0x0800a39b   Thumb Code    54  finsh_vm.o(.text)
    finsh_syscall_lookup                     0x0800a3d1   Thumb Code    78  finsh_vm.o(.text)
    strcmp                                   0x0800a441   Thumb Code    28  shell.o(.text)
    strdup                                   0x0800a45d   Thumb Code    40  shell.o(.text)
    finsh_set_device                         0x0800a4b3   Thumb Code   104  shell.o(.text)
    finsh_get_device                         0x0800a51b   Thumb Code    40  shell.o(.text)
    finsh_set_echo                           0x0800a543   Thumb Code    54  shell.o(.text)
    finsh_get_echo                           0x0800a579   Thumb Code    44  shell.o(.text)
    finsh_auto_complete                      0x0800a5a5   Thumb Code    28  shell.o(.text)
    finsh_run_line                           0x0800a5c1   Thumb Code   150  shell.o(.text)
    finsh_handle_history                     0x0800a657   Thumb Code   264  shell.o(.text)
    finsh_push_history                       0x0800a75f   Thumb Code   170  shell.o(.text)
    finsh_thread_entry                       0x0800a809   Thumb Code   720  shell.o(.text)
    finsh_system_function_init               0x0800aad9   Thumb Code    10  shell.o(.text)
    finsh_system_var_init                    0x0800aae3   Thumb Code    10  shell.o(.text)
    finsh_system_init                        0x0800aaed   Thumb Code   112  shell.o(.text)
    SystemInit                               0x0800ac85   Thumb Code    78  system_stm32f10x.o(.text)
    SystemCoreClockUpdate                    0x0800acd3   Thumb Code   142  system_stm32f10x.o(.text)
    RCC_DeInit                               0x0800ad85   Thumb Code    64  stm32f10x_rcc.o(.text)
    RCC_HSEConfig                            0x0800adc5   Thumb Code   100  stm32f10x_rcc.o(.text)
    RCC_GetFlagStatus                        0x0800ae29   Thumb Code   118  stm32f10x_rcc.o(.text)
    RCC_WaitForHSEStartUp                    0x0800ae9f   Thumb Code    48  stm32f10x_rcc.o(.text)
    RCC_AdjustHSICalibrationValue            0x0800aecf   Thumb Code    38  stm32f10x_rcc.o(.text)
    RCC_HSICmd                               0x0800aef5   Thumb Code    28  stm32f10x_rcc.o(.text)
    RCC_PLLConfig                            0x0800af11   Thumb Code   152  stm32f10x_rcc.o(.text)
    RCC_PLLCmd                               0x0800afa9   Thumb Code    28  stm32f10x_rcc.o(.text)
    RCC_SYSCLKConfig                         0x0800afc5   Thumb Code    42  stm32f10x_rcc.o(.text)
    RCC_GetSYSCLKSource                      0x0800afef   Thumb Code    10  stm32f10x_rcc.o(.text)
    RCC_HCLKConfig                           0x0800aff9   Thumb Code    66  stm32f10x_rcc.o(.text)
    RCC_PCLK1Config                          0x0800b03b   Thumb Code    58  stm32f10x_rcc.o(.text)
    RCC_PCLK2Config                          0x0800b075   Thumb Code    60  stm32f10x_rcc.o(.text)
    RCC_ITConfig                             0x0800b0b1   Thumb Code    74  stm32f10x_rcc.o(.text)
    RCC_USBCLKConfig                         0x0800b0fb   Thumb Code    28  stm32f10x_rcc.o(.text)
    RCC_ADCCLKConfig                         0x0800b117   Thumb Code    52  stm32f10x_rcc.o(.text)
    RCC_LSEConfig                            0x0800b14b   Thumb Code   156  stm32f10x_rcc.o(.text)
    RCC_LSICmd                               0x0800b1e7   Thumb Code    30  stm32f10x_rcc.o(.text)
    RCC_RTCCLKConfig                         0x0800b205   Thumb Code    52  stm32f10x_rcc.o(.text)
    RCC_RTCCLKCmd                            0x0800b239   Thumb Code    30  stm32f10x_rcc.o(.text)
    RCC_GetClocksFreq                        0x0800b257   Thumb Code   208  stm32f10x_rcc.o(.text)
    RCC_AHBPeriphClockCmd                    0x0800b327   Thumb Code    86  stm32f10x_rcc.o(.text)
    RCC_APB2PeriphClockCmd                   0x0800b37d   Thumb Code    82  stm32f10x_rcc.o(.text)
    RCC_APB1PeriphClockCmd                   0x0800b3cf   Thumb Code    82  stm32f10x_rcc.o(.text)
    RCC_APB2PeriphResetCmd                   0x0800b421   Thumb Code    82  stm32f10x_rcc.o(.text)
    RCC_APB1PeriphResetCmd                   0x0800b473   Thumb Code    82  stm32f10x_rcc.o(.text)
    RCC_BackupResetCmd                       0x0800b4c5   Thumb Code    30  stm32f10x_rcc.o(.text)
    RCC_ClockSecuritySystemCmd               0x0800b4e3   Thumb Code    30  stm32f10x_rcc.o(.text)
    RCC_MCOConfig                            0x0800b501   Thumb Code    44  stm32f10x_rcc.o(.text)
    RCC_ClearFlag                            0x0800b52d   Thumb Code    18  stm32f10x_rcc.o(.text)
    RCC_GetITStatus                          0x0800b53f   Thumb Code    64  stm32f10x_rcc.o(.text)
    RCC_ClearITPendingBit                    0x0800b57f   Thumb Code    34  stm32f10x_rcc.o(.text)
    PWR_DeInit                               0x0800b5cd   Thumb Code    22  stm32f10x_pwr.o(.text)
    PWR_BackupAccessCmd                      0x0800b5e3   Thumb Code    26  stm32f10x_pwr.o(.text)
    PWR_PVDCmd                               0x0800b5fd   Thumb Code    26  stm32f10x_pwr.o(.text)
    PWR_PVDLevelConfig                       0x0800b617   Thumb Code    60  stm32f10x_pwr.o(.text)
    PWR_WakeUpPinCmd                         0x0800b653   Thumb Code    26  stm32f10x_pwr.o(.text)
    PWR_EnterSTOPMode                        0x0800b66d   Thumb Code    98  stm32f10x_pwr.o(.text)
    PWR_EnterSTANDBYMode                     0x0800b6cf   Thumb Code    46  stm32f10x_pwr.o(.text)
    PWR_GetFlagStatus                        0x0800b6fd   Thumb Code    48  stm32f10x_pwr.o(.text)
    PWR_ClearFlag                            0x0800b72d   Thumb Code    38  stm32f10x_pwr.o(.text)
    BKP_DeInit                               0x0800b7a1   Thumb Code    16  stm32f10x_bkp.o(.text)
    BKP_TamperPinLevelConfig                 0x0800b7b1   Thumb Code    26  stm32f10x_bkp.o(.text)
    BKP_TamperPinCmd                         0x0800b7cb   Thumb Code    26  stm32f10x_bkp.o(.text)
    BKP_ITConfig                             0x0800b7e5   Thumb Code    26  stm32f10x_bkp.o(.text)
    BKP_RTCOutputConfig                      0x0800b7ff   Thumb Code    58  stm32f10x_bkp.o(.text)
    BKP_SetRTCCalibrationValue               0x0800b839   Thumb Code    44  stm32f10x_bkp.o(.text)
    BKP_WriteBackupRegister                  0x0800b865   Thumb Code   196  stm32f10x_bkp.o(.text)
    BKP_ReadBackupRegister                   0x0800b929   Thumb Code   194  stm32f10x_bkp.o(.text)
    BKP_GetFlagStatus                        0x0800b9eb   Thumb Code     8  stm32f10x_bkp.o(.text)
    BKP_ClearFlag                            0x0800b9f3   Thumb Code    16  stm32f10x_bkp.o(.text)
    BKP_GetITStatus                          0x0800ba03   Thumb Code     8  stm32f10x_bkp.o(.text)
    BKP_ClearITPendingBit                    0x0800ba0b   Thumb Code    16  stm32f10x_bkp.o(.text)
    I2C_DeInit                               0x0800ba79   Thumb Code    72  stm32f10x_i2c.o(.text)
    I2C_Init                                 0x0800bac1   Thumb Code   386  stm32f10x_i2c.o(.text)
    I2C_StructInit                           0x0800bc43   Thumb Code    30  stm32f10x_i2c.o(.text)
    I2C_Cmd                                  0x0800bc61   Thumb Code    72  stm32f10x_i2c.o(.text)
    I2C_DMACmd                               0x0800bca9   Thumb Code    72  stm32f10x_i2c.o(.text)
    I2C_DMALastTransferCmd                   0x0800bcf1   Thumb Code    72  stm32f10x_i2c.o(.text)
    I2C_GenerateSTART                        0x0800bd39   Thumb Code    72  stm32f10x_i2c.o(.text)
    I2C_GenerateSTOP                         0x0800bd81   Thumb Code    72  stm32f10x_i2c.o(.text)
    I2C_AcknowledgeConfig                    0x0800bdc9   Thumb Code    72  stm32f10x_i2c.o(.text)
    I2C_OwnAddress2Config                    0x0800be11   Thumb Code    50  stm32f10x_i2c.o(.text)
    I2C_DualAddressCmd                       0x0800be43   Thumb Code   158  stm32f10x_i2c.o(.text)
    I2C_GeneralCallCmd                       0x0800bee1   Thumb Code    76  stm32f10x_i2c.o(.text)
    I2C_ITConfig                             0x0800bf2d   Thumb Code   100  stm32f10x_i2c.o(.text)
    I2C_SendData                             0x0800bf91   Thumb Code    36  stm32f10x_i2c.o(.text)
    I2C_ReceiveData                          0x0800bfb5   Thumb Code    36  stm32f10x_i2c.o(.text)
    I2C_Send7bitAddress                      0x0800bfd9   Thumb Code    72  stm32f10x_i2c.o(.text)
    I2C_ReadRegister                         0x0800c021   Thumb Code    90  stm32f10x_i2c.o(.text)
    I2C_SoftwareResetCmd                     0x0800c07b   Thumb Code    74  stm32f10x_i2c.o(.text)
    I2C_NACKPositionConfig                   0x0800c0c5   Thumb Code    88  stm32f10x_i2c.o(.text)
    I2C_SMBusAlertConfig                     0x0800c11d   Thumb Code    88  stm32f10x_i2c.o(.text)
    I2C_TransmitPEC                          0x0800c175   Thumb Code    76  stm32f10x_i2c.o(.text)
    I2C_PECPositionConfig                    0x0800c1c1   Thumb Code    88  stm32f10x_i2c.o(.text)
    I2C_CalculatePEC                         0x0800c219   Thumb Code    76  stm32f10x_i2c.o(.text)
    I2C_GetPEC                               0x0800c265   Thumb Code    36  stm32f10x_i2c.o(.text)
    I2C_ARPCmd                               0x0800c289   Thumb Code    84  stm32f10x_i2c.o(.text)
    I2C_StretchClockCmd                      0x0800c2dd   Thumb Code    76  stm32f10x_i2c.o(.text)
    I2C_FastModeDutyCycleConfig              0x0800c329   Thumb Code    88  stm32f10x_i2c.o(.text)
    I2C_CheckEvent                           0x0800c381   Thumb Code   226  stm32f10x_i2c.o(.text)
    I2C_GetLastEvent                         0x0800c463   Thumb Code    58  stm32f10x_i2c.o(.text)
    I2C_GetFlagStatus                        0x0800c49d   Thumb Code   216  stm32f10x_i2c.o(.text)
    I2C_ClearFlag                            0x0800c575   Thumb Code    68  stm32f10x_i2c.o(.text)
    I2C_GetITStatus                          0x0800c5b9   Thumb Code   166  stm32f10x_i2c.o(.text)
    I2C_ClearITPendingBit                    0x0800c65f   Thumb Code    68  stm32f10x_i2c.o(.text)
    RTC_ITConfig                             0x0800c6e5   Thumb Code    82  stm32f10x_rtc.o(.text)
    RTC_EnterConfigMode                      0x0800c737   Thumb Code    16  stm32f10x_rtc.o(.text)
    RTC_ExitConfigMode                       0x0800c747   Thumb Code    20  stm32f10x_rtc.o(.text)
    RTC_GetCounter                           0x0800c75b   Thumb Code    18  stm32f10x_rtc.o(.text)
    RTC_SetCounter                           0x0800c76d   Thumb Code    26  stm32f10x_rtc.o(.text)
    RTC_SetPrescaler                         0x0800c787   Thumb Code    44  stm32f10x_rtc.o(.text)
    RTC_SetAlarm                             0x0800c7b3   Thumb Code    26  stm32f10x_rtc.o(.text)
    RTC_GetDivider                           0x0800c7cd   Thumb Code    26  stm32f10x_rtc.o(.text)
    RTC_WaitForLastTask                      0x0800c7e7   Thumb Code    14  stm32f10x_rtc.o(.text)
    RTC_WaitForSynchro                       0x0800c7f5   Thumb Code    32  stm32f10x_rtc.o(.text)
    RTC_GetFlagStatus                        0x0800c815   Thumb Code    54  stm32f10x_rtc.o(.text)
    RTC_ClearFlag                            0x0800c84b   Thumb Code    48  stm32f10x_rtc.o(.text)
    RTC_GetITStatus                          0x0800c87b   Thumb Code    62  stm32f10x_rtc.o(.text)
    RTC_ClearITPendingBit                    0x0800c8b9   Thumb Code    48  stm32f10x_rtc.o(.text)
    GPIO_DeInit                              0x0800c945   Thumb Code   224  stm32f10x_gpio.o(.text)
    GPIO_AFIODeInit                          0x0800ca25   Thumb Code    20  stm32f10x_gpio.o(.text)
    GPIO_Init                                0x0800ca39   Thumb Code   382  stm32f10x_gpio.o(.text)
    GPIO_StructInit                          0x0800cbb7   Thumb Code    16  stm32f10x_gpio.o(.text)
    GPIO_ReadInputDataBit                    0x0800cbc7   Thumb Code   170  stm32f10x_gpio.o(.text)
    GPIO_ReadInputData                       0x0800cc71   Thumb Code    64  stm32f10x_gpio.o(.text)
    GPIO_ReadOutputDataBit                   0x0800ccb1   Thumb Code   260  stm32f10x_gpio.o(.text)
    GPIO_ReadOutputData                      0x0800cdb5   Thumb Code    66  stm32f10x_gpio.o(.text)
    GPIO_SetBits                             0x0800cdf7   Thumb Code    86  stm32f10x_gpio.o(.text)
    GPIO_ResetBits                           0x0800ce4d   Thumb Code    86  stm32f10x_gpio.o(.text)
    GPIO_WriteBit                            0x0800cea3   Thumb Code   188  stm32f10x_gpio.o(.text)
    GPIO_Write                               0x0800cf5f   Thumb Code    66  stm32f10x_gpio.o(.text)
    GPIO_PinLockConfig                       0x0800cfa1   Thumb Code   100  stm32f10x_gpio.o(.text)
    GPIO_EventOutputConfig                   0x0800d005   Thumb Code   138  stm32f10x_gpio.o(.text)
    GPIO_EventOutputCmd                      0x0800d08f   Thumb Code    30  stm32f10x_gpio.o(.text)
    GPIO_PinRemapConfig                      0x0800d0ad   Thumb Code   540  stm32f10x_gpio.o(.text)
    GPIO_EXTILineConfig                      0x0800d2c9   Thumb Code   186  stm32f10x_gpio.o(.text)
    GPIO_ETH_MediaInterfaceConfig            0x0800d383   Thumb Code    30  stm32f10x_gpio.o(.text)
    USART_DeInit                             0x0800d3b1   Thumb Code   174  stm32f10x_usart.o(.text)
    USART_Init                               0x0800d45f   Thumb Code   450  stm32f10x_usart.o(.text)
    USART_StructInit                         0x0800d621   Thumb Code    24  stm32f10x_usart.o(.text)
    USART_ClockInit                          0x0800d639   Thumb Code   162  stm32f10x_usart.o(.text)
    USART_ClockStructInit                    0x0800d6db   Thumb Code    12  stm32f10x_usart.o(.text)
    USART_Cmd                                0x0800d6e7   Thumb Code    90  stm32f10x_usart.o(.text)
    USART_ITConfig                           0x0800d741   Thumb Code   338  stm32f10x_usart.o(.text)
    USART_DMACmd                             0x0800d893   Thumb Code   118  stm32f10x_usart.o(.text)
    USART_SetAddress                         0x0800d909   Thumb Code    86  stm32f10x_usart.o(.text)
    USART_WakeUpConfig                       0x0800d95f   Thumb Code    90  stm32f10x_usart.o(.text)
    USART_ReceiverWakeUpCmd                  0x0800d9b9   Thumb Code    94  stm32f10x_usart.o(.text)
    USART_LINBreakDetectLengthConfig         0x0800da17   Thumb Code    88  stm32f10x_usart.o(.text)
    USART_LINCmd                             0x0800da6f   Thumb Code    94  stm32f10x_usart.o(.text)
    USART_SendData                           0x0800dacd   Thumb Code    78  stm32f10x_usart.o(.text)
    USART_ReceiveData                        0x0800db1b   Thumb Code    56  stm32f10x_usart.o(.text)
    USART_SendBreak                          0x0800db53   Thumb Code    58  stm32f10x_usart.o(.text)
    USART_SetGuardTime                       0x0800db8d   Thumb Code    54  stm32f10x_usart.o(.text)
    USART_SetPrescaler                       0x0800dbc3   Thumb Code    66  stm32f10x_usart.o(.text)
    USART_SmartCardCmd                       0x0800dc05   Thumb Code   104  stm32f10x_usart.o(.text)
    USART_SmartCardNACKCmd                   0x0800dc6d   Thumb Code    82  stm32f10x_usart.o(.text)
    USART_HalfDuplexCmd                      0x0800dcbf   Thumb Code    94  stm32f10x_usart.o(.text)
    USART_OverSampling8Cmd                   0x0800dd1d   Thumb Code    92  stm32f10x_usart.o(.text)
    USART_OneBitMethodCmd                    0x0800dd79   Thumb Code    94  stm32f10x_usart.o(.text)
    USART_IrDAConfig                         0x0800ddd7   Thumb Code    88  stm32f10x_usart.o(.text)
    USART_IrDACmd                            0x0800de2f   Thumb Code    94  stm32f10x_usart.o(.text)
    USART_GetFlagStatus                      0x0800de8d   Thumb Code   164  stm32f10x_usart.o(.text)
    USART_ClearFlag                          0x0800df31   Thumb Code   122  stm32f10x_usart.o(.text)
    USART_GetITStatus                        0x0800dfab   Thumb Code   276  stm32f10x_usart.o(.text)
    USART_ClearITPendingBit                  0x0800e0bf   Thumb Code   156  stm32f10x_usart.o(.text)
    DMA_DeInit                               0x0800e171   Thumb Code   426  stm32f10x_dma.o(.text)
    DMA_Init                                 0x0800e31b   Thumb Code   388  stm32f10x_dma.o(.text)
    DMA_StructInit                           0x0800e49f   Thumb Code    26  stm32f10x_dma.o(.text)
    DMA_Cmd                                  0x0800e4b9   Thumb Code   152  stm32f10x_dma.o(.text)
    DMA_ITConfig                             0x0800e551   Thumb Code   250  stm32f10x_dma.o(.text)
    DMA_SetCurrDataCounter                   0x0800e64b   Thumb Code   116  stm32f10x_dma.o(.text)
    DMA_GetCurrDataCounter                   0x0800e6bf   Thumb Code   116  stm32f10x_dma.o(.text)
    DMA_GetFlagStatus                        0x0800e733   Thumb Code   324  stm32f10x_dma.o(.text)
    DMA_ClearFlag                            0x0800e877   Thumb Code    52  stm32f10x_dma.o(.text)
    DMA_GetITStatus                          0x0800e8ab   Thumb Code   384  stm32f10x_dma.o(.text)
    DMA_ClearITPendingBit                    0x0800ea2b   Thumb Code    50  stm32f10x_dma.o(.text)
    NVIC_PriorityGroupConfig                 0x0800ea6d   Thumb Code    54  misc.o(.text)
    NVIC_Init                                0x0800eaa3   Thumb Code   176  misc.o(.text)
    NVIC_SetVectorTable                      0x0800eb53   Thumb Code    58  misc.o(.text)
    NVIC_SystemLPConfig                      0x0800eb8d   Thumb Code    82  misc.o(.text)
    SysTick_CLKSourceConfig                  0x0800ebdf   Thumb Code    62  misc.o(.text)
    Reset_Handler                            0x0800ec6d   Thumb Code     8  startup_stm32f10x_hd.o(.text)
    ADC1_2_IRQHandler                        0x0800ec87   Thumb Code     0  startup_stm32f10x_hd.o(.text)
    ADC3_IRQHandler                          0x0800ec87   Thumb Code     0  startup_stm32f10x_hd.o(.text)
    CAN1_RX1_IRQHandler                      0x0800ec87   Thumb Code     0  startup_stm32f10x_hd.o(.text)
    CAN1_SCE_IRQHandler                      0x0800ec87   Thumb Code     0  startup_stm32f10x_hd.o(.text)
    DMA1_Channel1_IRQHandler                 0x0800ec87   Thumb Code     0  startup_stm32f10x_hd.o(.text)
    DMA1_Channel3_IRQHandler                 0x0800ec87   Thumb Code     0  startup_stm32f10x_hd.o(.text)
    DMA1_Channel4_IRQHandler                 0x0800ec87   Thumb Code     0  startup_stm32f10x_hd.o(.text)
    DMA1_Channel5_IRQHandler                 0x0800ec87   Thumb Code     0  startup_stm32f10x_hd.o(.text)
    DMA1_Channel6_IRQHandler                 0x0800ec87   Thumb Code     0  startup_stm32f10x_hd.o(.text)
    DMA1_Channel7_IRQHandler                 0x0800ec87   Thumb Code     0  startup_stm32f10x_hd.o(.text)
    DMA2_Channel1_IRQHandler                 0x0800ec87   Thumb Code     0  startup_stm32f10x_hd.o(.text)
    DMA2_Channel2_IRQHandler                 0x0800ec87   Thumb Code     0  startup_stm32f10x_hd.o(.text)
    DMA2_Channel3_IRQHandler                 0x0800ec87   Thumb Code     0  startup_stm32f10x_hd.o(.text)
    DMA2_Channel4_5_IRQHandler               0x0800ec87   Thumb Code     0  startup_stm32f10x_hd.o(.text)
    EXTI0_IRQHandler                         0x0800ec87   Thumb Code     0  startup_stm32f10x_hd.o(.text)
    EXTI15_10_IRQHandler                     0x0800ec87   Thumb Code     0  startup_stm32f10x_hd.o(.text)
    EXTI1_IRQHandler                         0x0800ec87   Thumb Code     0  startup_stm32f10x_hd.o(.text)
    EXTI2_IRQHandler                         0x0800ec87   Thumb Code     0  startup_stm32f10x_hd.o(.text)
    EXTI3_IRQHandler                         0x0800ec87   Thumb Code     0  startup_stm32f10x_hd.o(.text)
    EXTI4_IRQHandler                         0x0800ec87   Thumb Code     0  startup_stm32f10x_hd.o(.text)
    EXTI9_5_IRQHandler                       0x0800ec87   Thumb Code     0  startup_stm32f10x_hd.o(.text)
    FLASH_IRQHandler                         0x0800ec87   Thumb Code     0  startup_stm32f10x_hd.o(.text)
    FSMC_IRQHandler                          0x0800ec87   Thumb Code     0  startup_stm32f10x_hd.o(.text)
    I2C1_ER_IRQHandler                       0x0800ec87   Thumb Code     0  startup_stm32f10x_hd.o(.text)
    I2C1_EV_IRQHandler                       0x0800ec87   Thumb Code     0  startup_stm32f10x_hd.o(.text)
    I2C2_ER_IRQHandler                       0x0800ec87   Thumb Code     0  startup_stm32f10x_hd.o(.text)
    I2C2_EV_IRQHandler                       0x0800ec87   Thumb Code     0  startup_stm32f10x_hd.o(.text)
    PVD_IRQHandler                           0x0800ec87   Thumb Code     0  startup_stm32f10x_hd.o(.text)
    RCC_IRQHandler                           0x0800ec87   Thumb Code     0  startup_stm32f10x_hd.o(.text)
    RTCAlarm_IRQHandler                      0x0800ec87   Thumb Code     0  startup_stm32f10x_hd.o(.text)
    RTC_IRQHandler                           0x0800ec87   Thumb Code     0  startup_stm32f10x_hd.o(.text)
    SDIO_IRQHandler                          0x0800ec87   Thumb Code     0  startup_stm32f10x_hd.o(.text)
    SPI1_IRQHandler                          0x0800ec87   Thumb Code     0  startup_stm32f10x_hd.o(.text)
    SPI2_IRQHandler                          0x0800ec87   Thumb Code     0  startup_stm32f10x_hd.o(.text)
    SPI3_IRQHandler                          0x0800ec87   Thumb Code     0  startup_stm32f10x_hd.o(.text)
    TAMPER_IRQHandler                        0x0800ec87   Thumb Code     0  startup_stm32f10x_hd.o(.text)
    TIM1_BRK_IRQHandler                      0x0800ec87   Thumb Code     0  startup_stm32f10x_hd.o(.text)
    TIM1_CC_IRQHandler                       0x0800ec87   Thumb Code     0  startup_stm32f10x_hd.o(.text)
    TIM1_TRG_COM_IRQHandler                  0x0800ec87   Thumb Code     0  startup_stm32f10x_hd.o(.text)
    TIM1_UP_IRQHandler                       0x0800ec87   Thumb Code     0  startup_stm32f10x_hd.o(.text)
    TIM2_IRQHandler                          0x0800ec87   Thumb Code     0  startup_stm32f10x_hd.o(.text)
    TIM3_IRQHandler                          0x0800ec87   Thumb Code     0  startup_stm32f10x_hd.o(.text)
    TIM4_IRQHandler                          0x0800ec87   Thumb Code     0  startup_stm32f10x_hd.o(.text)
    TIM5_IRQHandler                          0x0800ec87   Thumb Code     0  startup_stm32f10x_hd.o(.text)
    TIM6_IRQHandler                          0x0800ec87   Thumb Code     0  startup_stm32f10x_hd.o(.text)
    TIM7_IRQHandler                          0x0800ec87   Thumb Code     0  startup_stm32f10x_hd.o(.text)
    TIM8_BRK_IRQHandler                      0x0800ec87   Thumb Code     0  startup_stm32f10x_hd.o(.text)
    TIM8_CC_IRQHandler                       0x0800ec87   Thumb Code     0  startup_stm32f10x_hd.o(.text)
    TIM8_TRG_COM_IRQHandler                  0x0800ec87   Thumb Code     0  startup_stm32f10x_hd.o(.text)
    TIM8_UP_IRQHandler                       0x0800ec87   Thumb Code     0  startup_stm32f10x_hd.o(.text)
    UART4_IRQHandler                         0x0800ec87   Thumb Code     0  startup_stm32f10x_hd.o(.text)
    UART5_IRQHandler                         0x0800ec87   Thumb Code     0  startup_stm32f10x_hd.o(.text)
    USBWakeUp_IRQHandler                     0x0800ec87   Thumb Code     0  startup_stm32f10x_hd.o(.text)
    USB_HP_CAN1_TX_IRQHandler                0x0800ec87   Thumb Code     0  startup_stm32f10x_hd.o(.text)
    USB_LP_CAN1_RX0_IRQHandler               0x0800ec87   Thumb Code     0  startup_stm32f10x_hd.o(.text)
    WWDG_IRQHandler                          0x0800ec87   Thumb Code     0  startup_stm32f10x_hd.o(.text)
    __user_initial_stackheap                 0x0800ec89   Thumb Code     0  startup_stm32f10x_hd.o(.text)
    rt_i2c_bus_device_register               0x0800ecad   Thumb Code    64  i2c_core.o(.text)
    rt_i2c_bus_device_find                   0x0800eced   Thumb Code    38  i2c_core.o(.text)
    rt_i2c_transfer                          0x0800ed13   Thumb Code   126  i2c_core.o(.text)
    rt_i2c_master_send                       0x0800ed91   Thumb Code    66  i2c_core.o(.text)
    rt_i2c_master_recv                       0x0800edd3   Thumb Code   104  i2c_core.o(.text)
    rt_i2c_core_init                         0x0800ee3b   Thumb Code    14  i2c_core.o(.text)
    rt_i2c_bus_device_device_init            0x0800f0ad   Thumb Code    78  i2c_dev.o(.text)
    __rt_ctype_table                         0x0800f1a9   Thumb Code    16  rt_ctype_table.o(.text)
    atoi                                     0x0800f1b9   Thumb Code    26  atoi.o(.text)
    strlen                                   0x0800f1d3   Thumb Code    62  strlen.o(.text)
    strncmp                                  0x0800f211   Thumb Code   140  strncmp.o(.text)
    __aeabi_memcpy                           0x0800f29d   Thumb Code     0  rt_memcpy_v6.o(.text)
    __rt_memcpy                              0x0800f29d   Thumb Code   138  rt_memcpy_v6.o(.text)
    _memcpy_lastbytes                        0x0800f303   Thumb Code     0  rt_memcpy_v6.o(.text)
    __aeabi_memcpy4                          0x0800f327   Thumb Code     0  rt_memcpy_w.o(.text)
    __aeabi_memcpy8                          0x0800f327   Thumb Code     0  rt_memcpy_w.o(.text)
    __rt_memcpy_w                            0x0800f327   Thumb Code   100  rt_memcpy_w.o(.text)
    _memcpy_lastbytes_aligned                0x0800f36f   Thumb Code     0  rt_memcpy_w.o(.text)
    __aeabi_memclr                           0x0800f38b   Thumb Code     0  rt_memclr.o(.text)
    __rt_memclr                              0x0800f38b   Thumb Code    68  rt_memclr.o(.text)
    _memset                                  0x0800f38f   Thumb Code     0  rt_memclr.o(.text)
    __aeabi_memclr4                          0x0800f3cf   Thumb Code     0  rt_memclr_w.o(.text)
    __aeabi_memclr8                          0x0800f3cf   Thumb Code     0  rt_memclr_w.o(.text)
    __rt_memclr_w                            0x0800f3cf   Thumb Code    78  rt_memclr_w.o(.text)
    _memset_w                                0x0800f3d3   Thumb Code     0  rt_memclr_w.o(.text)
    strncpy                                  0x0800f41d   Thumb Code    86  strncpy.o(.text)
    ctime                                    0x0800f473   Thumb Code    14  ctime.o(.text)
    localtime                                0x0800f481   Thumb Code     6  localtime.o(.text)
    mktime                                   0x0800f4c3   Thumb Code   354  mktime.o(.text)
    __use_two_region_memory                  0x0800f62d   Thumb Code     2  heapauxi.o(.text)
    __rt_heap_escrow$2region                 0x0800f62f   Thumb Code     2  heapauxi.o(.text)
    __rt_heap_expand$2region                 0x0800f631   Thumb Code     2  heapauxi.o(.text)
    __rt_locale                              0x0800f635   Thumb Code    12  rt_locale_intlibspace.o(.text)
    __aeabi_errno_addr                       0x0800f641   Thumb Code    12  rt_errno_addr_intlibspace.o(.text)
    __errno$intlibspace                      0x0800f641   Thumb Code     0  rt_errno_addr_intlibspace.o(.text)
    __rt_errno_addr$intlibspace              0x0800f641   Thumb Code     0  rt_errno_addr_intlibspace.o(.text)
    strtol                                   0x0800f64d   Thumb Code   112  strtol.o(.text)
    asctime                                  0x0800f6bd   Thumb Code     6  asctime.o(.text)
    _localtime_r                             0x0800f6c9   Thumb Code   158  localtime_internal.o(.text)
    _n$localtime_r                           0x0800f6c9   Thumb Code     0  localtime_internal.o(.text)
    __user_libspace                          0x0800f76d   Thumb Code     8  libspace.o(.text)
    __user_perproc_libspace                  0x0800f76d   Thumb Code     0  libspace.o(.text)
    __user_perthread_libspace                0x0800f76d   Thumb Code     0  libspace.o(.text)
    _strtoul                                 0x0800f775   Thumb Code   156  _strtoul.o(.text)
    _asctime_r                               0x0800f811   Thumb Code    78  asctime_internal.o(.text)
    _n$asctime_r                             0x0800f811   Thumb Code     0  asctime_internal.o(.text)
    __user_setup_stackheap                   0x0800f87d   Thumb Code    74  sys_stackheap_outer.o(.text)
    __2sprintf                               0x0800f8c9   Thumb Code    34  noretval__2sprintf.o(.text)
    _printf_pre_padding                      0x0800f8f1   Thumb Code    44  _printf_pad.o(.text)
    _printf_post_padding                     0x0800f91d   Thumb Code    36  _printf_pad.o(.text)
    _printf_str                              0x0800f941   Thumb Code    82  _printf_str.o(.text)
    _printf_int_dec                          0x0800f995   Thumb Code    98  _printf_dec.o(.text)
    __printf                                 0x0800fa09   Thumb Code   286  __printf_wp.o(.text)
    _chval                                   0x0800fb27   Thumb Code    32  _chval.o(.text)
    exit                                     0x0800fb47   Thumb Code    12  exit.o(.text)
    _printf_int_common                       0x0800fb53   Thumb Code   180  _printf_intcommon.o(.text)
    _printf_char_common                      0x0800fc13   Thumb Code    32  _printf_char_common.o(.text)
    _sputc                                   0x0800fc39   Thumb Code    10  _sputc.o(.text)
    _printf_cs_common                        0x0800fc43   Thumb Code    20  _printf_char.o(.text)
    _printf_char                             0x0800fc57   Thumb Code    16  _printf_char.o(.text)
    _printf_string                           0x0800fc67   Thumb Code     8  _printf_char.o(.text)
    __rt_udiv10                              0x0800fc6f   Thumb Code    16  rtudiv10.o(.text)
    __rt_fp_status_addr                      0x0800fc81   Thumb Code    12  rt_fp_status_addr_intlibspace.o(.text)
    _sys_exit                                0x0800fc8d   Thumb Code     8  sys_exit.o(.text)
    __I$use$semihosting                      0x0800fc99   Thumb Code     0  use_no_semi.o(.text)
    __use_no_semihosting_swi                 0x0800fc99   Thumb Code     2  use_no_semi.o(.text)
    _get_lc_ctype                            0x0800fc9d   Thumb Code    44  lc_ctype_c.o(locale$$code)
    _get_lc_time                             0x0800fcc9   Thumb Code    44  lc_time_c.o(locale$$code)
    _fp_init                                 0x0800fcf5   Thumb Code    14  fpinit.o(x$fpl$fpinit)
    __fplib_config_pureend_doubles           0x0800fd01   Thumb Code     0  fpinit.o(x$fpl$fpinit)
    __fsym_set_date_name                     0x0800fd02   Data           9  rtc.o(.constdata)
    __fsym_set_date_desc                     0x0800fd0b   Data          35  rtc.o(.constdata)
    __fsym_set_time_name                     0x0800fd2e   Data           9  rtc.o(.constdata)
    __fsym_set_time_desc                     0x0800fd37   Data          34  rtc.o(.constdata)
    __fsym_list_date_name                    0x0800fd59   Data          10  rtc.o(.constdata)
    __fsym_list_date_desc                    0x0800fd63   Data          20  rtc.o(.constdata)
    __fsym_led_name                          0x0800fe0b   Data           4  led.o(.constdata)
    __fsym_led_desc                          0x0800fe0f   Data          32  led.o(.constdata)
    __fsym_gpio_name                         0x0800fe2f   Data           5  gpio.o(.constdata)
    __fsym_gpio_desc                         0x0800fe34   Data          53  gpio.o(.constdata)
    stm32_bus_name                           0x0800fe78   Data           5  i2c-stm32.o(.constdata)
    __fsym_i2c_name                          0x0800fe7d   Data           4  i2c.o(.constdata)
    __fsym_i2c_desc                          0x0800fe81   Data          29  i2c.o(.constdata)
    __fsym_list_mem_name                     0x08010144   Data           9  mem.o(.constdata)
    __fsym_list_mem_desc                     0x0801014d   Data          30  mem.o(.constdata)
    rt_lowest_bitmap                         0x08010340   Data         256  scheduler.o(.constdata)
    __fsym_hello_name                        0x080105a8   Data           6  cmd.o(.constdata)
    __fsym_hello_desc                        0x080105ae   Data          16  cmd.o(.constdata)
    __fsym_version_name                      0x080105be   Data           8  cmd.o(.constdata)
    __fsym_version_desc                      0x080105c6   Data          35  cmd.o(.constdata)
    __fsym_list_thread_name                  0x080105e9   Data          12  cmd.o(.constdata)
    __fsym_list_thread_desc                  0x080105f5   Data          12  cmd.o(.constdata)
    __fsym_list_sem_name                     0x08010601   Data           9  cmd.o(.constdata)
    __fsym_list_sem_desc                     0x0801060a   Data          25  cmd.o(.constdata)
    __fsym_list_event_name                   0x08010623   Data          11  cmd.o(.constdata)
    __fsym_list_event_desc                   0x0801062e   Data          21  cmd.o(.constdata)
    __fsym_list_mutex_name                   0x08010643   Data          11  cmd.o(.constdata)
    __fsym_list_mutex_desc                   0x0801064e   Data          21  cmd.o(.constdata)
    __fsym_list_mailbox_name                 0x08010663   Data          13  cmd.o(.constdata)
    __fsym_list_mailbox_desc                 0x08010670   Data          24  cmd.o(.constdata)
    __fsym_list_msgqueue_name                0x08010688   Data          14  cmd.o(.constdata)
    __fsym_list_msgqueue_desc                0x08010696   Data          29  cmd.o(.constdata)
    __fsym_list_mempool_name                 0x080106b3   Data          13  cmd.o(.constdata)
    __fsym_list_mempool_desc                 0x080106c0   Data          27  cmd.o(.constdata)
    __fsym_list_timer_name                   0x080106db   Data          11  cmd.o(.constdata)
    __fsym_list_timer_desc                   0x080106e6   Data          21  cmd.o(.constdata)
    __fsym_list_device_name                  0x080106fb   Data          12  cmd.o(.constdata)
    __fsym_list_device_desc                  0x08010707   Data          22  cmd.o(.constdata)
    __fsym_list_name                         0x0801071d   Data           5  cmd.o(.constdata)
    __fsym_list_desc                         0x08010722   Data          26  cmd.o(.constdata)
    __vsym_dummy_name                        0x0801073c   Data           6  cmd.o(.constdata)
    __vsym_dummy_desc                        0x08010742   Data          25  cmd.o(.constdata)
    op_table                                 0x08010830   Data         196  finsh_ops.o(.constdata)
    _monlen                                  0x08010a06   Data          12  _monlen.o(.constdata)
    FSymTab$$Base                            0x08010bd8   Number         0  rtc.o(FSymTab)
    __fsym_set_date                          0x08010bd8   Data          12  rtc.o(FSymTab)
    __fsym_set_time                          0x08010be4   Data          12  rtc.o(FSymTab)
    __fsym_list_date                         0x08010bf0   Data          12  rtc.o(FSymTab)
    __fsym_led                               0x08010bfc   Data          12  led.o(FSymTab)
    __fsym_gpio                              0x08010c08   Data          12  gpio.o(FSymTab)
    __fsym_i2c                               0x08010c14   Data          12  i2c.o(FSymTab)
    __fsym_list_mem                          0x08010c20   Data          12  mem.o(FSymTab)
    __fsym_hello                             0x08010c2c   Data          12  cmd.o(FSymTab)
    __fsym_version                           0x08010c38   Data          12  cmd.o(FSymTab)
    __fsym_list_thread                       0x08010c44   Data          12  cmd.o(FSymTab)
    __fsym_list_sem                          0x08010c50   Data          12  cmd.o(FSymTab)
    __fsym_list_event                        0x08010c5c   Data          12  cmd.o(FSymTab)
    __fsym_list_mutex                        0x08010c68   Data          12  cmd.o(FSymTab)
    __fsym_list_mailbox                      0x08010c74   Data          12  cmd.o(FSymTab)
    __fsym_list_msgqueue                     0x08010c80   Data          12  cmd.o(FSymTab)
    __fsym_list_mempool                      0x08010c8c   Data          12  cmd.o(FSymTab)
    __fsym_list_timer                        0x08010c98   Data          12  cmd.o(FSymTab)
    __fsym_list_device                       0x08010ca4   Data          12  cmd.o(FSymTab)
    __fsym_list                              0x08010cb0   Data          12  cmd.o(FSymTab)
    FSymTab$$Limit                           0x08010cbc   Number         0  cmd.o(FSymTab)
    Region$$Table$$Base                      0x08010cbc   Number         0  anon$$obj.o(Region$$Table)
    Region$$Table$$Limit                     0x08010cdc   Number         0  anon$$obj.o(Region$$Table)
    VSymTab$$Base                            0x08010cdc   Number         0  cmd.o(VSymTab)
    __vsym_dummy                             0x08010cdc   Data          16  cmd.o(VSymTab)
    VSymTab$$Limit                           0x08010cec   Number         0  cmd.o(VSymTab)
    __ctype                                  0x08010cf9   Data           0  lc_ctype_c.o(locale$$data)
    ChipFlashSize                            0x20000000   Data           2  startup.o(.data)
    uart1                                    0x20000004   Data          12  usart.o(.data)
    rt_interrupt_nest                        0x20000054   Data           1  irq.o(.data)
    rt_object_container                      0x20000088   Data         144  object.o(.data)
    rt_object_trytake_hook                   0x20000120   Data           4  object.o(.data)
    rt_object_take_hook                      0x20000124   Data           4  object.o(.data)
    rt_object_put_hook                       0x20000128   Data           4  object.o(.data)
    rt_current_thread                        0x20000130   Data           4  scheduler.o(.data)
    rt_current_priority                      0x20000134   Data           1  scheduler.o(.data)
    rt_thread_ready_priority_group           0x20000138   Data           4  scheduler.o(.data)
    rt_thread_defunct                        0x2000013c   Data           8  scheduler.o(.data)
    rt_interrupt_from_thread                 0x20000158   Data           4  cpuport.o(.data)
    rt_interrupt_to_thread                   0x2000015c   Data           4  cpuport.o(.data)
    rt_thread_switch_interrupt_flag          0x20000160   Data           4  cpuport.o(.data)
    finsh_compile_sp                         0x20000168   Data           4  finsh_compiler.o(.data)
    finsh_compile_pc                         0x2000016c   Data           4  finsh_compiler.o(.data)
    global_errno                             0x200001ac   Data           1  finsh_error.o(.data)
    global_sysvar_list                       0x200001b8   Data           4  finsh_var.o(.data)
    global_syscall_list                      0x200001bc   Data           4  finsh_vm.o(.data)
    finsh_sp                                 0x200001c0   Data           4  finsh_vm.o(.data)
    finsh_pc                                 0x200001c4   Data           4  finsh_vm.o(.data)
    shell                                    0x200001c8   Data           4  shell.o(.data)
    _syscall_table_begin                     0x200001cc   Data           4  symbol.o(.data)
    _syscall_table_end                       0x200001d0   Data           4  symbol.o(.data)
    _sysvar_table_begin                      0x200001d4   Data           4  symbol.o(.data)
    _sysvar_table_end                        0x200001d8   Data           4  symbol.o(.data)
    SystemCoreClock                          0x200001dc   Data           4  system_stm32f10x.o(.data)
    AHBPrescTable                            0x200001e0   Data          16  system_stm32f10x.o(.data)
    ChipUniqueID                             0x20000484   Data          12  startup.o(.bss)
    uart1_int_rx                             0x200004d0   Data          72  usart.o(.bss)
    uart1_device                             0x20000518   Data          64  usart.o(.bss)
    stm32_bus                                0x20000558   Data         120  i2c-stm32.o(.bss)
    rt_thread_priority_table                 0x200007f0   Data         256  scheduler.o(.bss)
    finsh_heap                               0x200008f0   Data         128  finsh_heap.o(.bss)
    global_node_table                        0x20000970   Data         320  finsh_node.o(.bss)
    global_variable                          0x20000ab0   Data         192  finsh_var.o(.bss)
    finsh_vm_stack                           0x20000b70   Data         256  finsh_vm.o(.bss)
    text_segment                             0x20000c70   Data         128  finsh_vm.o(.bss)
    __libspace_start                         0x20001604   Data          96  libspace.o(.bss)
    __temporary_stack_top$libspace           0x20001664   Data           0  libspace.o(.bss)
    Image$$RW_IRAM1$$ZI$$Limit               0x20001c68   Number         0  startup_stm32f10x_hd.o(STACK)



==============================================================================

Memory Map of the image

  Image Entry point : 0x08000131

  Load Region LR_IROM1 (Base: 0x08000000, Size: 0x00011178, Max: 0x00020000, ABSOLUTE, COMPRESSED[0x00011044])

    Execution Region ER_IROM1 (Base: 0x08000000, Size: 0x00010f74, Max: 0x00020000, ABSOLUTE)

    Base Addr    Size         Type   Attr      Idx    E Section Name        Object

    0x08000000   0x00000130   Data   RO         1176    RESET               startup_stm32f10x_hd.o
    0x08000130   0x00000008   Code   RO         1238  * !!!main             c_w.l(__main.o)(c_w.l)
    0x08000138   0x00000034   Code   RO         1478    !!!scatter          c_w.l(__scatter.o)(c_w.l)
    0x0800016c   0x0000005a   Code   RO         1476    !!dczerorl2         c_w.l(__dczerorl2.o)(c_w.l)
    0x080001c6   0x00000002   PAD
    0x080001c8   0x0000001c   Code   RO         1480    !!handler_zi        c_w.l(__scatter_zi.o)(c_w.l)
    0x080001e4   0x00000000   Code   RO         1363    .ARM.Collect$$_printf_percent$$00000000  c_w.l(_printf_percent.o)(c_w.l)
    0x080001e4   0x00000006   Code   RO         1362    .ARM.Collect$$_printf_percent$$00000009  c_w.l(_printf_d.o)(c_w.l)
    0x080001ea   0x00000006   Code   RO         1361    .ARM.Collect$$_printf_percent$$00000014  c_w.l(_printf_s.o)(c_w.l)
    0x080001f0   0x00000004   Code   RO         1390    .ARM.Collect$$_printf_percent$$00000017  c_w.l(_printf_percent_end.o)(c_w.l)
    0x080001f4   0x00000006   Code   RO         1379    .ARM.Collect$$libinit$$00000000  c_w.l(libinit.o)(c_w.l)
    0x080001fa   0x00000000   Code   RO         1290    .ARM.Collect$$libinit$$00000006  c_w.l(libinit2.o)(c_w.l)
    0x080001fa   0x00000000   Code   RO         1292    .ARM.Collect$$libinit$$00000008  c_w.l(libinit2.o)(c_w.l)
    0x080001fa   0x00000000   Code   RO         1294    .ARM.Collect$$libinit$$0000000A  c_w.l(libinit2.o)(c_w.l)
    0x080001fa   0x00000006   Code   RO         1295    .ARM.Collect$$libinit$$0000000B  c_w.l(libinit2.o)(c_w.l)
    0x08000200   0x00000000   Code   RO         1297    .ARM.Collect$$libinit$$0000000D  c_w.l(libinit2.o)(c_w.l)
    0x08000200   0x0000000c   Code   RO         1298    .ARM.Collect$$libinit$$0000000E  c_w.l(libinit2.o)(c_w.l)
    0x0800020c   0x00000000   Code   RO         1299    .ARM.Collect$$libinit$$0000000F  c_w.l(libinit2.o)(c_w.l)
    0x0800020c   0x00000000   Code   RO         1301    .ARM.Collect$$libinit$$00000011  c_w.l(libinit2.o)(c_w.l)
    0x0800020c   0x00000000   Code   RO         1303    .ARM.Collect$$libinit$$00000013  c_w.l(libinit2.o)(c_w.l)
    0x0800020c   0x0000000a   Code   RO         1304    .ARM.Collect$$libinit$$00000014  c_w.l(libinit2.o)(c_w.l)
    0x08000216   0x00000000   Code   RO         1305    .ARM.Collect$$libinit$$00000015  c_w.l(libinit2.o)(c_w.l)
    0x08000216   0x00000000   Code   RO         1307    .ARM.Collect$$libinit$$00000017  c_w.l(libinit2.o)(c_w.l)
    0x08000216   0x00000000   Code   RO         1309    .ARM.Collect$$libinit$$00000019  c_w.l(libinit2.o)(c_w.l)
    0x08000216   0x00000000   Code   RO         1311    .ARM.Collect$$libinit$$0000001B  c_w.l(libinit2.o)(c_w.l)
    0x08000216   0x00000000   Code   RO         1313    .ARM.Collect$$libinit$$0000001D  c_w.l(libinit2.o)(c_w.l)
    0x08000216   0x00000000   Code   RO         1315    .ARM.Collect$$libinit$$0000001F  c_w.l(libinit2.o)(c_w.l)
    0x08000216   0x00000000   Code   RO         1317    .ARM.Collect$$libinit$$00000021  c_w.l(libinit2.o)(c_w.l)
    0x08000216   0x00000000   Code   RO         1321    .ARM.Collect$$libinit$$00000028  c_w.l(libinit2.o)(c_w.l)
    0x08000216   0x00000000   Code   RO         1323    .ARM.Collect$$libinit$$0000002A  c_w.l(libinit2.o)(c_w.l)
    0x08000216   0x00000000   Code   RO         1325    .ARM.Collect$$libinit$$0000002C  c_w.l(libinit2.o)(c_w.l)
    0x08000216   0x00000000   Code   RO         1327    .ARM.Collect$$libinit$$0000002E  c_w.l(libinit2.o)(c_w.l)
    0x08000216   0x00000002   Code   RO         1328    .ARM.Collect$$libinit$$0000002F  c_w.l(libinit2.o)(c_w.l)
    0x08000218   0x00000002   Code   RO         1434    .ARM.Collect$$libshutdown$$00000000  c_w.l(libshutdown.o)(c_w.l)
    0x0800021a   0x00000000   Code   RO         1441    .ARM.Collect$$libshutdown$$00000003  c_w.l(libshutdown2.o)(c_w.l)
    0x0800021a   0x00000000   Code   RO         1444    .ARM.Collect$$libshutdown$$00000006  c_w.l(libshutdown2.o)(c_w.l)
    0x0800021a   0x00000000   Code   RO         1447    .ARM.Collect$$libshutdown$$00000009  c_w.l(libshutdown2.o)(c_w.l)
    0x0800021a   0x00000000   Code   RO         1449    .ARM.Collect$$libshutdown$$0000000B  c_w.l(libshutdown2.o)(c_w.l)
    0x0800021a   0x00000000   Code   RO         1452    .ARM.Collect$$libshutdown$$0000000E  c_w.l(libshutdown2.o)(c_w.l)
    0x0800021a   0x00000002   Code   RO         1453    .ARM.Collect$$libshutdown$$0000000F  c_w.l(libshutdown2.o)(c_w.l)
    0x0800021c   0x00000000   Code   RO         1240    .ARM.Collect$$rtentry$$00000000  c_w.l(rtentry.o)(c_w.l)
    0x0800021c   0x00000000   Code   RO         1267    .ARM.Collect$$rtentry$$00000002  c_w.l(rtentry2.o)(c_w.l)
    0x0800021c   0x00000006   Code   RO         1282    .ARM.Collect$$rtentry$$00000004  c_w.l(rtentry4.o)(c_w.l)
    0x08000222   0x00000000   Code   RO         1269    .ARM.Collect$$rtentry$$00000009  c_w.l(rtentry2.o)(c_w.l)
    0x08000222   0x00000004   Code   RO         1270    .ARM.Collect$$rtentry$$0000000A  c_w.l(rtentry2.o)(c_w.l)
    0x08000226   0x00000000   Code   RO         1272    .ARM.Collect$$rtentry$$0000000C  c_w.l(rtentry2.o)(c_w.l)
    0x08000226   0x00000008   Code   RO         1273    .ARM.Collect$$rtentry$$0000000D  c_w.l(rtentry2.o)(c_w.l)
    0x0800022e   0x00000002   Code   RO         1380    .ARM.Collect$$rtexit$$00000000  c_w.l(rtexit.o)(c_w.l)
    0x08000230   0x00000000   Code   RO         1402    .ARM.Collect$$rtexit$$00000002  c_w.l(rtexit2.o)(c_w.l)
    0x08000230   0x00000004   Code   RO         1403    .ARM.Collect$$rtexit$$00000003  c_w.l(rtexit2.o)(c_w.l)
    0x08000234   0x00000006   Code   RO         1404    .ARM.Collect$$rtexit$$00000004  c_w.l(rtexit2.o)(c_w.l)
    0x0800023a   0x00000002   PAD
    0x0800023c   0x0000009c   Code   RO            1    .text               application.o
    0x080002d8   0x000001b4   Code   RO           44    .text               startup.o
    0x0800048c   0x00000090   Code   RO          156    .text               board.o
    0x0800051c   0x00000038   Code   RO          172    .text               stm32f10x_it.o
    0x08000554   0x000002b4   Code   RO          188    .text               rtc.o
    0x08000808   0x000000fc   Code   RO          222    .text               usart.o
    0x08000904   0x00000610   Code   RO          244    .text               serial.o
    0x08000f14   0x000000e0   Code   RO          260    .text               led.o
    0x08000ff4   0x000000c4   Code   RO          283    .text               gpio.o
    0x080010b8   0x00000544   Code   RO          300    .text               i2c-stm32.o
    0x080015fc   0x000001cc   Code   RO          325    .text               i2c.o
    0x080017c8   0x00000064   Code   RO          341    .text               clock.o
    0x0800182c   0x000003a0   Code   RO          355    .text               device.o
    0x08001bcc   0x00000160   Code   RO          369    .text               idle.o
    0x08001d2c   0x000017b2   Code   RO          389    .text               ipc.o
    0x080034de   0x00000002   PAD
    0x080034e0   0x00000048   Code   RO          406    .text               irq.o
    0x08003528   0x00000924   Code   RO          421    .text               kservice.o
    0x08003e4c   0x00000978   Code   RO          437    .text               mem.o
    0x080047c4   0x0000042c   Code   RO          461    .text               mempool.o
    0x08004bf0   0x00000330   Code   RO          479    .text               object.o
    0x08004f20   0x000003c8   Code   RO          499    .text               scheduler.o
    0x080052e8   0x00000694   Code   RO          520    .text               thread.o
    0x0800597c   0x00000410   Code   RO          537    .text               timer.o
    0x08005d8c   0x000001b8   Code   RO          556    .text               cpuport.o
    0x08005f44   0x000000c4   Code   RO          572    .text               context_rvds.o
    0x08006008   0x00000b6c   Code   RO          611    .text               cmd.o
    0x08006b74   0x0000182c   Code   RO          634    .text               finsh_compiler.o
    0x080083a0   0x0000002c   Code   RO          671    .text               finsh_error.o
    0x080083cc   0x00000210   Code   RO          687    .text               finsh_heap.o
    0x080085dc   0x00000058   Code   RO          703    .text               finsh_init.o
    0x08008634   0x00000184   Code   RO          721    .text               finsh_node.o
    0x080087b8   0x00000a58   Code   RO          736    .text               finsh_ops.o
    0x08009210   0x00000972   Code   RO          754    .text               finsh_parser.o
    0x08009b82   0x00000002   PAD
    0x08009b84   0x00000640   Code   RO          769    .text               finsh_token.o
    0x0800a1c4   0x00000198   Code   RO          784    .text               finsh_var.o
    0x0800a35c   0x000000e4   Code   RO          807    .text               finsh_vm.o
    0x0800a440   0x0000077c   Code   RO          834    .text               shell.o
    0x0800abbc   0x000001c8   Code   RO          878    .text               system_stm32f10x.o
    0x0800ad84   0x00000848   Code   RO          908    .text               stm32f10x_rcc.o
    0x0800b5cc   0x000001d4   Code   RO          934    .text               stm32f10x_pwr.o
    0x0800b7a0   0x000002d8   Code   RO          958    .text               stm32f10x_bkp.o
    0x0800ba78   0x00000c6c   Code   RO          970    .text               stm32f10x_i2c.o
    0x0800c6e4   0x00000260   Code   RO         1006    .text               stm32f10x_rtc.o
    0x0800c944   0x00000a6c   Code   RO         1090    .text               stm32f10x_gpio.o
    0x0800d3b0   0x00000dc0   Code   RO         1102    .text               stm32f10x_usart.o
    0x0800e170   0x000008fc   Code   RO         1126    .text               stm32f10x_dma.o
    0x0800ea6c   0x00000200   Code   RO         1162    .text               misc.o
    0x0800ec6c   0x00000040   Code   RO         1177    .text               startup_stm32f10x_hd.o
    0x0800ecac   0x00000270   Code   RO         1181    .text               i2c_core.o
    0x0800ef1c   0x0000028c   Code   RO         1196    .text               i2c_dev.o
    0x0800f1a8   0x00000010   Code   RO         1211    .text               c_w.l(rt_ctype_table.o)(c_w.l)
    0x0800f1b8   0x0000001a   Code   RO         1213    .text               c_w.l(atoi.o)(c_w.l)
    0x0800f1d2   0x0000003e   Code   RO         1215    .text               c_w.l(strlen.o)(c_w.l)
    0x0800f210   0x0000008c   Code   RO         1217    .text               c_w.l(strncmp.o)(c_w.l)
    0x0800f29c   0x0000008a   Code   RO         1219    .text               c_w.l(rt_memcpy_v6.o)(c_w.l)
    0x0800f326   0x00000064   Code   RO         1221    .text               c_w.l(rt_memcpy_w.o)(c_w.l)
    0x0800f38a   0x00000044   Code   RO         1223    .text               c_w.l(rt_memclr.o)(c_w.l)
    0x0800f3ce   0x0000004e   Code   RO         1225    .text               c_w.l(rt_memclr_w.o)(c_w.l)
    0x0800f41c   0x00000056   Code   RO         1227    .text               c_w.l(strncpy.o)(c_w.l)
    0x0800f472   0x0000000e   Code   RO         1229    .text               c_w.l(ctime.o)(c_w.l)
    0x0800f480   0x0000000c   Code   RO         1231    .text               c_w.l(localtime.o)(c_w.l)
    0x0800f48c   0x000001a0   Code   RO         1234    .text               c_w.l(mktime.o)(c_w.l)
    0x0800f62c   0x00000006   Code   RO         1236    .text               c_w.l(heapauxi.o)(c_w.l)
    0x0800f632   0x00000002   PAD
    0x0800f634   0x0000000c   Code   RO         1245    .text               c_w.l(rt_locale_intlibspace.o)(c_w.l)
    0x0800f640   0x0000000c   Code   RO         1250    .text               c_w.l(rt_errno_addr_intlibspace.o)(c_w.l)
    0x0800f64c   0x00000070   Code   RO         1252    .text               c_w.l(strtol.o)(c_w.l)
    0x0800f6bc   0x0000000c   Code   RO         1257    .text               c_w.l(asctime.o)(c_w.l)
    0x0800f6c8   0x000000a4   Code   RO         1261    .text               c_w.l(localtime_internal.o)(c_w.l)
    0x0800f76c   0x00000008   Code   RO         1263    .text               c_w.l(libspace.o)(c_w.l)
    0x0800f774   0x0000009c   Code   RO         1284    .text               c_w.l(_strtoul.o)(c_w.l)
    0x0800f810   0x0000006c   Code   RO         1286    .text               c_w.l(asctime_internal.o)(c_w.l)
    0x0800f87c   0x0000004a   Code   RO         1329    .text               c_w.l(sys_stackheap_outer.o)(c_w.l)
    0x0800f8c6   0x00000002   PAD
    0x0800f8c8   0x00000028   Code   RO         1333    .text               c_w.l(noretval__2sprintf.o)(c_w.l)
    0x0800f8f0   0x00000050   Code   RO         1337    .text               c_w.l(_printf_pad.o)(c_w.l)
    0x0800f940   0x00000052   Code   RO         1339    .text               c_w.l(_printf_str.o)(c_w.l)
    0x0800f992   0x00000002   PAD
    0x0800f994   0x00000074   Code   RO         1341    .text               c_w.l(_printf_dec.o)(c_w.l)
    0x0800fa08   0x0000011e   Code   RO         1351    .text               c_w.l(__printf_wp.o)(c_w.l)
    0x0800fb26   0x00000020   Code   RO         1364    .text               c_w.l(_chval.o)(c_w.l)
    0x0800fb46   0x0000000c   Code   RO         1369    .text               c_w.l(exit.o)(c_w.l)
    0x0800fb52   0x000000b4   Code   RO         1382    .text               c_w.l(_printf_intcommon.o)(c_w.l)
    0x0800fc06   0x00000002   PAD
    0x0800fc08   0x00000030   Code   RO         1384    .text               c_w.l(_printf_char_common.o)(c_w.l)
    0x0800fc38   0x0000000a   Code   RO         1386    .text               c_w.l(_sputc.o)(c_w.l)
    0x0800fc42   0x0000002c   Code   RO         1388    .text               c_w.l(_printf_char.o)(c_w.l)
    0x0800fc6e   0x00000010   Code   RO         1391    .text               c_w.l(rtudiv10.o)(c_w.l)
    0x0800fc7e   0x00000002   PAD
    0x0800fc80   0x0000000c   Code   RO         1412    .text               c_w.l(rt_fp_status_addr_intlibspace.o)(c_w.l)
    0x0800fc8c   0x0000000c   Code   RO         1422    .text               c_w.l(sys_exit.o)(c_w.l)
    0x0800fc98   0x00000002   Code   RO         1424    .text               c_w.l(use_no_semi.o)(c_w.l)
    0x0800fc9a   0x00000002   PAD
    0x0800fc9c   0x0000002c   Code   RO         1255    locale$$code        c_w.l(lc_ctype_c.o)(c_w.l)
    0x0800fcc8   0x0000002c   Code   RO         1367    locale$$code        c_w.l(lc_time_c.o)(c_w.l)
    0x0800fcf4   0x0000000e   Code   RO         1397    x$fpl$fpinit        fz_ws.l(fpinit.o)(fz_ws.l)
    0x0800fd02   0x00000084   Data   RO          190    .constdata          rtc.o
    0x0800fd86   0x00000085   Data   RO          245    .constdata          serial.o
    0x0800fe0b   0x00000024   Data   RO          261    .constdata          led.o
    0x0800fe2f   0x0000003a   Data   RO          284    .constdata          gpio.o
    0x0800fe69   0x00000003   PAD
    0x0800fe6c   0x00000011   Data   RO          302    .constdata          i2c-stm32.o
    0x0800fe7d   0x00000021   Data   RO          326    .constdata          i2c.o
    0x0800fe9e   0x000000a8   Data   RO          356    .constdata          device.o
    0x0800ff46   0x00000016   Data   RO          371    .constdata          idle.o
    0x0800ff5c   0x000001c6   Data   RO          390    .constdata          ipc.o
    0x08010122   0x00000022   Data   RO          423    .constdata          kservice.o
    0x08010144   0x00000160   Data   RO          439    .constdata          mem.o
    0x080102a4   0x0000003e   Data   RO          462    .constdata          mempool.o
    0x080102e2   0x0000005e   Data   RO          480    .constdata          object.o
    0x08010340   0x0000014e   Data   RO          501    .constdata          scheduler.o
    0x0801048e   0x000000aa   Data   RO          521    .constdata          thread.o
    0x08010538   0x0000005c   Data   RO          538    .constdata          timer.o
    0x08010594   0x00000013   Data   RO          557    .constdata          cpuport.o
    0x080105a7   0x00000001   PAD
    0x080105a8   0x00000287   Data   RO          612    .constdata          cmd.o
    0x0801082f   0x00000001   PAD
    0x08010830   0x000000c4   Data   RO          737    .constdata          finsh_ops.o
    0x080108f4   0x00000040   Data   RO          770    .constdata          finsh_token.o
    0x08010934   0x0000004d   Data   RO          836    .constdata          shell.o
    0x08010981   0x00000013   Data   RO         1183    .constdata          i2c_core.o
    0x08010994   0x00000072   Data   RO         1197    .constdata          i2c_dev.o
    0x08010a06   0x0000000c   Data   RO         1260    .constdata          c_w.l(_monlen.o)(c_w.l)
    0x08010a12   0x000000c1   Data   RO          613    .conststring        cmd.o
    0x08010ad3   0x000000d8   Data   RO          672    .conststring        finsh_error.o
    0x08010bab   0x0000002c   Data   RO          771    .conststring        finsh_token.o
    0x08010bd7   0x00000001   PAD
    0x08010bd8   0x00000024   Data   RO          191    FSymTab             rtc.o
    0x08010bfc   0x0000000c   Data   RO          263    FSymTab             led.o
    0x08010c08   0x0000000c   Data   RO          286    FSymTab             gpio.o
    0x08010c14   0x0000000c   Data   RO          327    FSymTab             i2c.o
    0x08010c20   0x0000000c   Data   RO          441    FSymTab             mem.o
    0x08010c2c   0x00000090   Data   RO          615    FSymTab             cmd.o
    0x08010cbc   0x00000020   Data   RO         1474    Region$$Table       anon$$obj.o
    0x08010cdc   0x00000010   Data   RO          616    VSymTab             cmd.o
    0x08010cec   0x00000110   Data   RO         1254    locale$$data        c_w.l(lc_ctype_c.o)(c_w.l)
    0x08010dfc   0x00000178   Data   RO         1366    locale$$data        c_w.l(lc_time_c.o)(c_w.l)


    Execution Region RW_IRAM1 (Base: 0x20000000, Size: 0x00001c68, Max: 0x00005000, ABSOLUTE, COMPRESSED[0x000000d0])

    Base Addr    Size         Type   Attr      Idx    E Section Name        Object

    0x20000000   0x00000002   Data   RW           46    .data               startup.o
    0x20000002   0x00000002   PAD
    0x20000004   0x0000000c   Data   RW          224    .data               usart.o
    0x20000010   0x00000001   Data   RW          262    .data               led.o
    0x20000011   0x00000003   PAD
    0x20000014   0x00000038   Data   RW          285    .data               gpio.o
    0x2000004c   0x00000004   Data   RW          342    .data               clock.o
    0x20000050   0x00000004   Data   RW          372    .data               idle.o
    0x20000054   0x00000001   Data   RW          407    .data               irq.o
    0x20000055   0x00000003   PAD
    0x20000058   0x00000008   Data   RW          424    .data               kservice.o
    0x20000060   0x00000020   Data   RW          440    .data               mem.o
    0x20000080   0x00000008   Data   RW          463    .data               mempool.o
    0x20000088   0x000000a4   Data   RW          481    .data               object.o
    0x2000012c   0x0000001c   Data   RW          502    .data               scheduler.o
    0x20000148   0x0000000c   Data   RW          539    .data               timer.o
    0x20000154   0x00000010   Data   RW          558    .data               cpuport.o
    0x20000164   0x00000004   Data   RW          614    .data               cmd.o
    0x20000168   0x00000008   Data   RW          635    .data               finsh_compiler.o
    0x20000170   0x0000003d   Data   RW          673    .data               finsh_error.o
    0x200001ad   0x00000003   PAD
    0x200001b0   0x00000008   Data   RW          689    .data               finsh_heap.o
    0x200001b8   0x00000004   Data   RW          786    .data               finsh_var.o
    0x200001bc   0x0000000c   Data   RW          809    .data               finsh_vm.o
    0x200001c8   0x00000004   Data   RW          837    .data               shell.o
    0x200001cc   0x00000010   Data   RW          855    .data               symbol.o
    0x200001dc   0x00000014   Data   RW          879    .data               system_stm32f10x.o
    0x200001f0   0x00000014   Data   RW          909    .data               stm32f10x_rcc.o
    0x20000204   0x00000280   Zero   RW            2    .bss                application.o
    0x20000484   0x0000000c   Zero   RW           45    .bss                startup.o
    0x20000490   0x00000040   Zero   RW          189    .bss                rtc.o
    0x200004d0   0x00000088   Zero   RW          223    .bss                usart.o
    0x20000558   0x00000078   Zero   RW          301    .bss                i2c-stm32.o
    0x200005d0   0x00000180   Zero   RW          370    .bss                idle.o
    0x20000750   0x00000080   Zero   RW          422    .bss                kservice.o
    0x200007d0   0x00000020   Zero   RW          438    .bss                mem.o
    0x200007f0   0x00000100   Zero   RW          500    .bss                scheduler.o
    0x200008f0   0x00000080   Zero   RW          688    .bss                finsh_heap.o
    0x20000970   0x00000140   Zero   RW          722    .bss                finsh_node.o
    0x20000ab0   0x000000c0   Zero   RW          785    .bss                finsh_var.o
    0x20000b70   0x00000180   Zero   RW          808    .bss                finsh_vm.o
    0x20000cf0   0x00000880   Zero   RW          835    .bss                shell.o
    0x20001570   0x00000024   Zero   RW         1182    .bss                i2c_core.o
    0x20001594   0x0000002c   Zero   RW         1232    .bss                c_w.l(localtime.o)(c_w.l)
    0x200015c0   0x00000044   Zero   RW         1258    .bss                c_w.l(asctime.o)(c_w.l)
    0x20001604   0x00000060   Zero   RW         1264    .bss                c_w.l(libspace.o)(c_w.l)
    0x20001664   0x00000004   PAD
    0x20001668   0x00000200   Zero   RW         1175    HEAP                startup_stm32f10x_hd.o
    0x20001868   0x00000400   Zero   RW         1174    STACK               startup_stm32f10x_hd.o


==============================================================================

Image component sizes


      Code (inc. data)   RO Data    RW Data    ZI Data      Debug   Object Name

       156         40          0          0        640          0   application.o
       144         20          0          0          0          0   board.o
       100          6          0          4          0          0   clock.o
      2924       1190       1000          4          0          0   cmd.o
       196         20          0          0          0          0   context_rvds.o
       440        222         19         16          0          0   cpuport.o
       928        144        168          0          0          0   device.o
      6188        120          0          8          0          0   finsh_compiler.o
        44         10        216         61          0          0   finsh_error.o
       528         18          0          8        128          0   finsh_heap.o
        88          6          0          0          0          0   finsh_init.o
       388          4          0          0        320          0   finsh_node.o
      2648         38        196          0          0          0   finsh_ops.o
      2418         32          0          0          0          0   finsh_parser.o
      1600         16        108          0          0          0   finsh_token.o
       408         16          0          4        192          0   finsh_var.o
       228         34          0         12        384          0   finsh_vm.o
       196         10         70         56          0          0   gpio.o
      1348        376         17          0        120          0   i2c-stm32.o
       460        154         45          0          0          0   i2c.o
       624        212         19          0         36          0   i2c_core.o
       652        174        114          0          0          0   i2c_dev.o
       352        104         22          4        384          0   idle.o
      6066        396        454          0          0          0   ipc.o
        72          6          0          1          0          0   irq.o
      2340        164         34          8        128          0   kservice.o
       224         10         48          1          0          0   led.o
      2424        586        364         32         32          0   mem.o
      1068        118         62          8          0          0   mempool.o
       512         80          0          0          0          0   misc.o
       816        186         94        164          0          0   object.o
       692        172        168          0         64          0   rtc.o
       968        184        334         28        256          0   scheduler.o
      1552        298        133          0          0          0   serial.o
      1916        272         77          4       2176          0   shell.o
       436        206          0          2         12          0   startup.o
        64         26        304          0       1536          0   startup_stm32f10x_hd.o
       728         94          0          0          0          0   stm32f10x_bkp.o
      2300        154          0          0          0          0   stm32f10x_dma.o
      2668        200          0          0          0          0   stm32f10x_gpio.o
      3180        158          0          0          0          0   stm32f10x_i2c.o
        56          6          0          0          0          0   stm32f10x_it.o
       468         78          0          0          0          0   stm32f10x_pwr.o
      2120        130          0         20          0          0   stm32f10x_rcc.o
       608         92          0          0          0          0   stm32f10x_rtc.o
      3520        148          0          0          0          0   stm32f10x_usart.o
         0          0          0         16          0          0   symbol.o
       456         36          0         20          0          0   system_stm32f10x.o
      1684        246        170          0          0          0   thread.o
      1040        130         92         12          0          0   timer.o
       252         24          0         12        136          0   usart.o

    ----------------------------------------------------------------------
     61292       7166       4366        516       6544          0   Object Totals
         0          0         32          0          0          0   (incl. Generated)
         4          0          6         11          0          1   (incl. Padding)

    ----------------------------------------------------------------------

      Code (inc. data)   RO Data    RW Data    ZI Data      Debug   Library Member Name

        90          0          0          0          0          0   __dczerorl2.o
         8          0          0          0          0          0   __main.o
       286          0          0          0          0          0   __printf_wp.o
        52          8          0          0          0          0   __scatter.o
        28          0          0          0          0          0   __scatter_zi.o
        32          0          0          0          0          0   _chval.o
         0          0         12          0          0          0   _monlen.o
        44          0          0          0          0          0   _printf_char.o
        48          6          0          0          0          0   _printf_char_common.o
         6          0          0          0          0          0   _printf_d.o
       116         18          0          0          0          0   _printf_dec.o
       180          0          0          0          0          0   _printf_intcommon.o
        80          0          0          0          0          0   _printf_pad.o
         0          0          0          0          0          0   _printf_percent.o
         4          0          0          0          0          0   _printf_percent_end.o
         6          0          0          0          0          0   _printf_s.o
        82          0          0          0          0          0   _printf_str.o
        10          0          0          0          0          0   _sputc.o
       156          0          0          0          0          0   _strtoul.o
        12          6          0          0         68          0   asctime.o
       108         30          0          0          0          0   asctime_internal.o
        26          0          0          0          0          0   atoi.o
        14          0          0          0          0          0   ctime.o
        12          0          0          0          0          0   exit.o
         6          0          0          0          0          0   heapauxi.o
        44         10        272          0          0          0   lc_ctype_c.o
        44         10        376          0          0          0   lc_time_c.o
         6          0          0          0          0          0   libinit.o
        30          0          0          0          0          0   libinit2.o
         2          0          0          0          0          0   libshutdown.o
         2          0          0          0          0          0   libshutdown2.o
         8          4          0          0         96          0   libspace.o
        12          6          0          0         44          0   localtime.o
       164          6          0          0          0          0   localtime_internal.o
       416          8          0          0          0          0   mktime.o
        40          6          0          0          0          0   noretval__2sprintf.o
        16          4          0          0          0          0   rt_ctype_table.o
        12          4          0          0          0          0   rt_errno_addr_intlibspace.o
        12          4          0          0          0          0   rt_fp_status_addr_intlibspace.o
        12          4          0          0          0          0   rt_locale_intlibspace.o
        68          0          0          0          0          0   rt_memclr.o
        78          0          0          0          0          0   rt_memclr_w.o
       138          0          0          0          0          0   rt_memcpy_v6.o
       100          0          0          0          0          0   rt_memcpy_w.o
         0          0          0          0          0          0   rtentry.o
        12          0          0          0          0          0   rtentry2.o
         6          0          0          0          0          0   rtentry4.o
         2          0          0          0          0          0   rtexit.o
        10          0          0          0          0          0   rtexit2.o
        16          0          0          0          0          0   rtudiv10.o
        62          0          0          0          0          0   strlen.o
       140          0          0          0          0          0   strncmp.o
        86          0          0          0          0          0   strncpy.o
       112          0          0          0          0          0   strtol.o
        12          4          0          0          0          0   sys_exit.o
        74          0          0          0          0          0   sys_stackheap_outer.o
         2          0          0          0          0          0   use_no_semi.o
        14          0          0          0          0          0   fpinit.o

    ----------------------------------------------------------------------
      3174        138        660          0        212          0   Library Totals
        16          0          0          0          4          0   (incl. Padding)

    ----------------------------------------------------------------------

      Code (inc. data)   RO Data    RW Data    ZI Data      Debug   Library Name

      3144        138        660          0        208       3260   c_w.l
        14          0          0          0          0         76   fz_ws.l

    ----------------------------------------------------------------------
      3174        138        660          0        212          0   Library Totals

    ----------------------------------------------------------------------

==============================================================================


      Code (inc. data)   RO Data    RW Data    ZI Data      Debug   

     64466       7304       5026        516       6756     530804   Grand Totals
     64466       7304       5026        208       6756     530804   ELF Image Totals (compressed)
     64466       7304       5026        208          0          0   ROM Totals

==============================================================================

    Total RO  Size (Code + RO Data)                69492 (  67.86kB)
    Total RW  Size (RW Data + ZI Data)              7272 (   7.10kB)
    Total ROM Size (Code + RO Data + RW Data)      69700 (  68.07kB)

==============================================================================

