ARM Linker, 4.1 [Build 481] [Standard]

==============================================================================

Section Cross References

    usart.o(i.rt_hw_usart_init) refers to stm32f10x_rcc.o(i.RCC_APB2PeriphClockCmd) for RCC_APB2PeriphClockCmd
    usart.o(i.rt_hw_usart_init) refers to stm32f10x_gpio.o(i.GPIO_Init) for GPIO_Init
    usart.o(i.rt_hw_usart_init) refers to misc.o(i.NVIC_Init) for NVIC_Init
    usart.o(i.rt_hw_usart_init) refers to stm32f10x_usart.o(i.USART_Init) for USART_Init
    usart.o(i.rt_hw_usart_init) refers to stm32f10x_usart.o(i.USART_ClockInit) for USART_ClockInit
    usart.o(i.rt_hw_usart_init) refers to serial.o(i.rt_hw_serial_register) for rt_hw_serial_register
    usart.o(i.rt_hw_usart_init) refers to stm32f10x_usart.o(i.USART_ITConfig) for USART_ITConfig
    usart.o(i.rt_hw_usart_init) refers to usart.o(.data) for .data
    usart.o(i.rt_hw_usart_init) refers to usart.o(.bss) for .bss
    usart.o(.data) refers to usart.o(.bss) for uart1_int_rx
    application.o(i.led1_thread_entry) refers to led.o(i.LED_GPIO_Config) for LED_GPIO_Config
    application.o(i.led1_thread_entry) refers to stm32f10x_gpio.o(i.GPIO_ResetBits) for GPIO_ResetBits
    application.o(i.led1_thread_entry) refers to thread.o(i.rt_thread_delay) for rt_thread_delay
    application.o(i.led1_thread_entry) refers to stm32f10x_gpio.o(i.GPIO_SetBits) for GPIO_SetBits
    application.o(i.led2_thread_entry) refers to stm32f10x_gpio.o(i.GPIO_ResetBits) for GPIO_ResetBits
    application.o(i.led2_thread_entry) refers to thread.o(i.rt_thread_delay) for rt_thread_delay
    application.o(i.led2_thread_entry) refers to stm32f10x_gpio.o(i.GPIO_SetBits) for GPIO_SetBits
    application.o(i.rt_application_init) refers to thread.o(i.rt_thread_init) for rt_thread_init
    application.o(i.rt_application_init) refers to thread.o(i.rt_thread_startup) for rt_thread_startup
    application.o(i.rt_application_init) refers to application.o(.bss) for .bss
    application.o(i.rt_application_init) refers to application.o(i.led1_thread_entry) for led1_thread_entry
    application.o(i.rt_application_init) refers to application.o(i.led2_thread_entry) for led2_thread_entry
    board.o(i.NVIC_Configuration) refers to misc.o(i.NVIC_SetVectorTable) for NVIC_SetVectorTable
    board.o(i.rt_hw_board_init) refers to misc.o(i.NVIC_SetVectorTable) for NVIC_SetVectorTable
    board.o(i.rt_hw_board_init) refers to usart.o(i.rt_hw_usart_init) for rt_hw_usart_init
    board.o(i.rt_hw_board_init) refers to kservice.o(i.rt_console_set_device) for rt_console_set_device
    board.o(i.rt_hw_board_init) refers to system_stm32f10x.o(.data) for SystemCoreClock
    board.o(i.rt_hw_timer_handler) refers to irq.o(i.rt_interrupt_enter) for rt_interrupt_enter
    board.o(i.rt_hw_timer_handler) refers to clock.o(i.rt_tick_increase) for rt_tick_increase
    board.o(i.rt_hw_timer_handler) refers to irq.o(i.rt_interrupt_leave) for rt_interrupt_leave
    led.o(i.LED_GPIO_Config) refers to stm32f10x_rcc.o(i.RCC_APB2PeriphClockCmd) for RCC_APB2PeriphClockCmd
    led.o(i.LED_GPIO_Config) refers to stm32f10x_gpio.o(i.GPIO_Init) for GPIO_Init
    led.o(i.LED_GPIO_Config) refers to stm32f10x_gpio.o(i.GPIO_SetBits) for GPIO_SetBits
    rtc.o(i.RTC_Configuration) refers to stm32f10x_rcc.o(i.RCC_APB1PeriphClockCmd) for RCC_APB1PeriphClockCmd
    rtc.o(i.RTC_Configuration) refers to stm32f10x_pwr.o(i.PWR_BackupAccessCmd) for PWR_BackupAccessCmd
    rtc.o(i.RTC_Configuration) refers to stm32f10x_bkp.o(i.BKP_DeInit) for BKP_DeInit
    rtc.o(i.RTC_Configuration) refers to stm32f10x_rcc.o(i.RCC_LSEConfig) for RCC_LSEConfig
    rtc.o(i.RTC_Configuration) refers to stm32f10x_rcc.o(i.RCC_GetFlagStatus) for RCC_GetFlagStatus
    rtc.o(i.RTC_Configuration) refers to stm32f10x_rcc.o(i.RCC_RTCCLKConfig) for RCC_RTCCLKConfig
    rtc.o(i.RTC_Configuration) refers to stm32f10x_rcc.o(i.RCC_RTCCLKCmd) for RCC_RTCCLKCmd
    rtc.o(i.RTC_Configuration) refers to stm32f10x_rtc.o(i.RTC_WaitForSynchro) for RTC_WaitForSynchro
    rtc.o(i.RTC_Configuration) refers to stm32f10x_rtc.o(i.RTC_WaitForLastTask) for RTC_WaitForLastTask
    rtc.o(i.RTC_Configuration) refers to stm32f10x_rtc.o(i.RTC_SetPrescaler) for RTC_SetPrescaler
    rtc.o(i.rt_hw_rtc_init) refers to stm32f10x_bkp.o(i.BKP_ReadBackupRegister) for BKP_ReadBackupRegister
    rtc.o(i.rt_hw_rtc_init) refers to kservice.o(i.rt_kprintf) for rt_kprintf
    rtc.o(i.rt_hw_rtc_init) refers to stm32f10x_rcc.o(i.RCC_APB1PeriphClockCmd) for RCC_APB1PeriphClockCmd
    rtc.o(i.rt_hw_rtc_init) refers to stm32f10x_pwr.o(i.PWR_BackupAccessCmd) for PWR_BackupAccessCmd
    rtc.o(i.rt_hw_rtc_init) refers to stm32f10x_bkp.o(i.BKP_DeInit) for BKP_DeInit
    rtc.o(i.rt_hw_rtc_init) refers to stm32f10x_rcc.o(i.RCC_LSEConfig) for RCC_LSEConfig
    rtc.o(i.rt_hw_rtc_init) refers to stm32f10x_rcc.o(i.RCC_GetFlagStatus) for RCC_GetFlagStatus
    rtc.o(i.rt_hw_rtc_init) refers to stm32f10x_rcc.o(i.RCC_RTCCLKConfig) for RCC_RTCCLKConfig
[...]
    Removing stm32f10x_rcc.o(i.RCC_PLLCmd), (92 bytes).
    Removing stm32f10x_rcc.o(i.RCC_PLLConfig), (208 bytes).
    Removing stm32f10x_rcc.o(i.RCC_SYSCLKConfig), (100 bytes).
    Removing stm32f10x_rcc.o(i.RCC_USBCLKConfig), (92 bytes).
    Removing stm32f10x_rcc.o(i.RCC_WaitForHSEStartUp), (44 bytes).
    Removing stm32f10x_rtc.o(i.RTC_ClearFlag), (96 bytes).
    Removing stm32f10x_rtc.o(i.RTC_ClearITPendingBit), (96 bytes).
    Removing stm32f10x_rtc.o(i.RTC_EnterConfigMode), (16 bytes).
    Removing stm32f10x_rtc.o(i.RTC_ExitConfigMode), (16 bytes).
    Removing stm32f10x_rtc.o(i.RTC_GetDivider), (20 bytes).
    Removing stm32f10x_rtc.o(i.RTC_GetFlagStatus), (112 bytes).
    Removing stm32f10x_rtc.o(i.RTC_GetITStatus), (112 bytes).
    Removing stm32f10x_rtc.o(i.RTC_ITConfig), (124 bytes).
    Removing stm32f10x_rtc.o(i.RTC_SetAlarm), (32 bytes).
    Removing stm32f10x_sdio.o(i.SDIO_CEATAITCmd), (100 bytes).
    Removing stm32f10x_sdio.o(i.SDIO_ClearFlag), (100 bytes).
    Removing stm32f10x_sdio.o(i.SDIO_ClearITPendingBit), (100 bytes).
    Removing stm32f10x_sdio.o(i.SDIO_ClockCmd), (92 bytes).
    Removing stm32f10x_sdio.o(i.SDIO_CmdStructInit), (14 bytes).
    Removing stm32f10x_sdio.o(i.SDIO_CommandCompletionCmd), (96 bytes).
    Removing stm32f10x_sdio.o(i.SDIO_DMACmd), (96 bytes).
    Removing stm32f10x_sdio.o(i.SDIO_DataConfig), (260 bytes).
    Removing stm32f10x_sdio.o(i.SDIO_DataStructInit), (20 bytes).
    Removing stm32f10x_sdio.o(i.SDIO_DeInit), (36 bytes).
    Removing stm32f10x_sdio.o(i.SDIO_GetCommandResponse), (12 bytes).
    Removing stm32f10x_sdio.o(i.SDIO_GetDataCounter), (12 bytes).
    Removing stm32f10x_sdio.o(i.SDIO_GetFIFOCount), (12 bytes).
    Removing stm32f10x_sdio.o(i.SDIO_GetFlagStatus), (228 bytes).
    Removing stm32f10x_sdio.o(i.SDIO_GetITStatus), (228 bytes).
    Removing stm32f10x_sdio.o(i.SDIO_GetPowerState), (16 bytes).
    Removing stm32f10x_sdio.o(i.SDIO_GetResponse), (104 bytes).
    Removing stm32f10x_sdio.o(i.SDIO_ITConfig), (128 bytes).
    Removing stm32f10x_sdio.o(i.SDIO_Init), (224 bytes).
    Removing stm32f10x_sdio.o(i.SDIO_ReadData), (12 bytes).
    Removing stm32f10x_sdio.o(i.SDIO_SendCEATACmd), (96 bytes).
    Removing stm32f10x_sdio.o(i.SDIO_SendCommand), (192 bytes).
    Removing stm32f10x_sdio.o(i.SDIO_SendSDIOSuspendCmd), (96 bytes).
    Removing stm32f10x_sdio.o(i.SDIO_SetPowerState), (104 bytes).
    Removing stm32f10x_sdio.o(i.SDIO_SetSDIOOperation), (96 bytes).
    Removing stm32f10x_sdio.o(i.SDIO_SetSDIOReadWaitMode), (96 bytes).
    Removing stm32f10x_sdio.o(i.SDIO_StartSDIOReadWait), (96 bytes).
    Removing stm32f10x_sdio.o(i.SDIO_StopSDIOReadWait), (96 bytes).
    Removing stm32f10x_sdio.o(i.SDIO_StructInit), (16 bytes).
    Removing stm32f10x_sdio.o(i.SDIO_WriteData), (12 bytes).
    Removing stm32f10x_spi.o(i.I2S_Cmd), (132 bytes).
    Removing stm32f10x_spi.o(i.I2S_Init), (428 bytes).
    Removing stm32f10x_spi.o(i.I2S_StructInit), (18 bytes).
    Removing stm32f10x_spi.o(i.SPI_BiDirectionalLineConfig), (148 bytes).
    Removing stm32f10x_spi.o(i.SPI_CalculateCRC), (140 bytes).
    Removing stm32f10x_spi.o(i.SPI_Cmd), (140 bytes).
    Removing stm32f10x_spi.o(i.SPI_DataSizeConfig), (140 bytes).
    Removing stm32f10x_spi.o(i.SPI_GetCRC), (128 bytes).
    Removing stm32f10x_spi.o(i.SPI_GetCRCPolynomial), (108 bytes).
    Removing stm32f10x_spi.o(i.SPI_I2S_ClearFlag), (124 bytes).
    Removing stm32f10x_spi.o(i.SPI_I2S_ClearITPendingBit), (136 bytes).
    Removing stm32f10x_spi.o(i.SPI_I2S_DMACmd), (160 bytes).
    Removing stm32f10x_spi.o(i.SPI_I2S_DeInit), (180 bytes).
    Removing stm32f10x_spi.o(i.SPI_I2S_GetFlagStatus), (160 bytes).
    Removing stm32f10x_spi.o(i.SPI_I2S_GetITStatus), (180 bytes).
    Removing stm32f10x_spi.o(i.SPI_I2S_ITConfig), (172 bytes).
    Removing stm32f10x_spi.o(i.SPI_I2S_ReceiveData), (108 bytes).
    Removing stm32f10x_spi.o(i.SPI_I2S_SendData), (108 bytes).
    Removing stm32f10x_spi.o(i.SPI_Init), (364 bytes).
    Removing stm32f10x_spi.o(i.SPI_NSSInternalSoftwareConfig), (148 bytes).
    Removing stm32f10x_spi.o(i.SPI_SSOutputCmd), (140 bytes).
    Removing stm32f10x_spi.o(i.SPI_StructInit), (24 bytes).
    Removing stm32f10x_spi.o(i.SPI_TransmitCRC), (112 bytes).
    Removing stm32f10x_tim.o(i.TIM_ARRPreloadConfig), (276 bytes).
    Removing stm32f10x_tim.o(i.TIM_BDTRConfig), (304 bytes).
    Removing stm32f10x_tim.o(i.TIM_BDTRStructInit), (18 bytes).
    Removing stm32f10x_tim.o(i.TIM_CCPreloadControl), (176 bytes).
    Removing stm32f10x_tim.o(i.TIM_CCxCmd), (292 bytes).
    Removing stm32f10x_tim.o(i.TIM_CCxNCmd), (188 bytes).
    Removing stm32f10x_tim.o(i.TIM_ClearFlag), (264 bytes).
    Removing stm32f10x_tim.o(i.TIM_ClearITPendingBit), (264 bytes).
    Removing stm32f10x_tim.o(i.TIM_ClearOC1Ref), (164 bytes).
    Removing stm32f10x_tim.o(i.TIM_ClearOC2Ref), (164 bytes).
    Removing stm32f10x_tim.o(i.TIM_ClearOC3Ref), (164 bytes).
    Removing stm32f10x_tim.o(i.TIM_ClearOC4Ref), (164 bytes).
    Removing stm32f10x_tim.o(i.TIM_Cmd), (276 bytes).
    Removing stm32f10x_tim.o(i.TIM_CounterModeConfig), (172 bytes).
    Removing stm32f10x_tim.o(i.TIM_CtrlPWMOutputs), (168 bytes).
    Removing stm32f10x_tim.o(i.TIM_DMACmd), (232 bytes).
    Removing stm32f10x_tim.o(i.TIM_DMAConfig), (372 bytes).
    Removing stm32f10x_tim.o(i.TIM_DeInit), (716 bytes).
    Removing stm32f10x_tim.o(i.TIM_ETRClockMode1Config), (228 bytes).
    Removing stm32f10x_tim.o(i.TIM_ETRClockMode2Config), (228 bytes).
    Removing stm32f10x_tim.o(i.TIM_ETRConfig), (168 bytes).
    Removing stm32f10x_tim.o(i.TIM_EncoderInterfaceConfig), (248 bytes).
    Removing stm32f10x_tim.o(i.TIM_ForcedOC1Config), (252 bytes).
    Removing stm32f10x_tim.o(i.TIM_ForcedOC2Config), (192 bytes).
    Removing stm32f10x_tim.o(i.TIM_ForcedOC3Config), (164 bytes).
    Removing stm32f10x_tim.o(i.TIM_ForcedOC4Config), (164 bytes).
    Removing stm32f10x_tim.o(i.TIM_GenerateEvent), (264 bytes).
    Removing stm32f10x_tim.o(i.TIM_GetCapture1), (224 bytes).
    Removing stm32f10x_tim.o(i.TIM_GetCapture2), (164 bytes).
    Removing stm32f10x_tim.o(i.TIM_GetCapture3), (136 bytes).
    Removing stm32f10x_tim.o(i.TIM_GetCapture4), (136 bytes).
    Removing stm32f10x_tim.o(i.TIM_GetCounter), (244 bytes).
    Removing stm32f10x_tim.o(i.TIM_GetFlagStatus), (320 bytes).
    Removing stm32f10x_tim.o(i.TIM_GetITStatus), (304 bytes).
    Removing stm32f10x_tim.o(i.TIM_GetPrescaler), (244 bytes).
    Removing stm32f10x_tim.o(i.TIM_ICInit), (1080 bytes).
    Removing stm32f10x_tim.o(i.TIM_ICStructInit), (16 bytes).
    Removing stm32f10x_tim.o(i.TIM_ITConfig), (292 bytes).
    Removing stm32f10x_tim.o(i.TIM_ITRxExternalClockConfig), (324 bytes).
    Removing stm32f10x_tim.o(i.TIM_InternalClockConfig), (168 bytes).
    Removing stm32f10x_tim.o(i.TIM_OC1FastConfig), (252 bytes).
    Removing stm32f10x_tim.o(i.TIM_OC1Init), (500 bytes).
    Removing stm32f10x_tim.o(i.TIM_OC1NPolarityConfig), (156 bytes).
    Removing stm32f10x_tim.o(i.TIM_OC1PolarityConfig), (252 bytes).
    Removing stm32f10x_tim.o(i.TIM_OC1PreloadConfig), (252 bytes).
    Removing stm32f10x_tim.o(i.TIM_OC2FastConfig), (192 bytes).
    Removing stm32f10x_tim.o(i.TIM_OC2Init), (440 bytes).
    Removing stm32f10x_tim.o(i.TIM_OC2NPolarityConfig), (128 bytes).
    Removing stm32f10x_tim.o(i.TIM_OC2PolarityConfig), (192 bytes).
    Removing stm32f10x_tim.o(i.TIM_OC2PreloadConfig), (192 bytes).
    Removing stm32f10x_tim.o(i.TIM_OC3FastConfig), (164 bytes).
    Removing stm32f10x_tim.o(i.TIM_OC3Init), (412 bytes).
    Removing stm32f10x_tim.o(i.TIM_OC3NPolarityConfig), (128 bytes).
    Removing stm32f10x_tim.o(i.TIM_OC3PolarityConfig), (164 bytes).
    Removing stm32f10x_tim.o(i.TIM_OC3PreloadConfig), (164 bytes).
    Removing stm32f10x_tim.o(i.TIM_OC4FastConfig), (164 bytes).
    Removing stm32f10x_tim.o(i.TIM_OC4Init), (320 bytes).
    Removing stm32f10x_tim.o(i.TIM_OC4PolarityConfig), (164 bytes).
    Removing stm32f10x_tim.o(i.TIM_OC4PreloadConfig), (164 bytes).
    Removing stm32f10x_tim.o(i.TIM_OCStructInit), (20 bytes).
    Removing stm32f10x_tim.o(i.TIM_PWMIConfig), (588 bytes).
    Removing stm32f10x_tim.o(i.TIM_PrescalerConfig), (268 bytes).
    Removing stm32f10x_tim.o(i.TIM_SelectCCDMA), (196 bytes).
    Removing stm32f10x_tim.o(i.TIM_SelectCOM), (160 bytes).
    Removing stm32f10x_tim.o(i.TIM_SelectHallSensor), (196 bytes).
    Removing stm32f10x_tim.o(i.TIM_SelectInputTrigger), (160 bytes).
    Removing stm32f10x_tim.o(i.TIM_SelectMasterSlaveMode), (196 bytes).
    Removing stm32f10x_tim.o(i.TIM_SelectOCxM), (360 bytes).
    Removing stm32f10x_tim.o(i.TIM_SelectOnePulseMode), (276 bytes).
    Removing stm32f10x_tim.o(i.TIM_SelectOutputTrigger), (240 bytes).
    Removing stm32f10x_tim.o(i.TIM_SelectSlaveMode), (204 bytes).
    Removing stm32f10x_tim.o(i.TIM_SetAutoreload), (244 bytes).
    Removing stm32f10x_tim.o(i.TIM_SetClockDivision), (260 bytes).
    Removing stm32f10x_tim.o(i.TIM_SetCompare1), (224 bytes).
    Removing stm32f10x_tim.o(i.TIM_SetCompare2), (164 bytes).
    Removing stm32f10x_tim.o(i.TIM_SetCompare3), (136 bytes).
    Removing stm32f10x_tim.o(i.TIM_SetCompare4), (140 bytes).
    Removing stm32f10x_tim.o(i.TIM_SetCounter), (244 bytes).
    Removing stm32f10x_tim.o(i.TIM_SetIC1Prescaler), (264 bytes).
    Removing stm32f10x_tim.o(i.TIM_SetIC2Prescaler), (148 bytes).
    Removing stm32f10x_tim.o(i.TIM_SetIC3Prescaler), (120 bytes).
    Removing stm32f10x_tim.o(i.TIM_SetIC4Prescaler), (120 bytes).
    Removing stm32f10x_tim.o(i.TIM_TIxExternalClockConfig), (532 bytes).
    Removing stm32f10x_tim.o(i.TIM_TimeBaseInit), (416 bytes).
    Removing stm32f10x_tim.o(i.TIM_TimeBaseStructInit), (18 bytes).
    Removing stm32f10x_tim.o(i.TIM_UpdateDisableConfig), (276 bytes).
    Removing stm32f10x_tim.o(i.TIM_UpdateRequestConfig), (276 bytes).
    Removing stm32f10x_tim.o(.constdata), (60 bytes).
    Removing stm32f10x_usart.o(i.USART_ClearFlag), (188 bytes).
    Removing stm32f10x_usart.o(i.USART_ClockStructInit), (12 bytes).
    Removing stm32f10x_usart.o(i.USART_DMACmd), (180 bytes).
    Removing stm32f10x_usart.o(i.USART_DeInit), (260 bytes).
    Removing stm32f10x_usart.o(i.USART_GetFlagStatus), (224 bytes).
    Removing stm32f10x_usart.o(i.USART_HalfDuplexCmd), (164 bytes).
    Removing stm32f10x_usart.o(i.USART_IrDACmd), (164 bytes).
    Removing stm32f10x_usart.o(i.USART_IrDAConfig), (164 bytes).
    Removing stm32f10x_usart.o(i.USART_LINBreakDetectLengthConfig), (164 bytes).
    Removing stm32f10x_usart.o(i.USART_LINCmd), (164 bytes).
    Removing stm32f10x_usart.o(i.USART_OneBitMethodCmd), (164 bytes).
    Removing stm32f10x_usart.o(i.USART_OverSampling8Cmd), (164 bytes).
    Removing stm32f10x_usart.o(i.USART_ReceiveData), (136 bytes).
    Removing stm32f10x_usart.o(i.USART_ReceiverWakeUpCmd), (164 bytes).
    Removing stm32f10x_usart.o(i.USART_SendBreak), (136 bytes).
    Removing stm32f10x_usart.o(i.USART_SendData), (152 bytes).
    Removing stm32f10x_usart.o(i.USART_SetAddress), (160 bytes).
    Removing stm32f10x_usart.o(i.USART_SetGuardTime), (124 bytes).
    Removing stm32f10x_usart.o(i.USART_SetPrescaler), (144 bytes).
    Removing stm32f10x_usart.o(i.USART_SmartCardCmd), (144 bytes).
    Removing stm32f10x_usart.o(i.USART_SmartCardNACKCmd), (144 bytes).
    Removing stm32f10x_usart.o(i.USART_StructInit), (22 bytes).
    Removing stm32f10x_usart.o(i.USART_WakeUpConfig), (164 bytes).
    Removing stm32f10x_wwdg.o(i.WWDG_ClearFlag), (12 bytes).
    Removing stm32f10x_wwdg.o(i.WWDG_DeInit), (24 bytes).
    Removing stm32f10x_wwdg.o(i.WWDG_Enable), (96 bytes).
    Removing stm32f10x_wwdg.o(i.WWDG_EnableIT), (12 bytes).
    Removing stm32f10x_wwdg.o(i.WWDG_GetFlagStatus), (12 bytes).
    Removing stm32f10x_wwdg.o(i.WWDG_SetCounter), (96 bytes).
    Removing stm32f10x_wwdg.o(i.WWDG_SetPrescaler), (116 bytes).
    Removing stm32f10x_wwdg.o(i.WWDG_SetWindowValue), (104 bytes).
    Removing startup_stm32f10x_hd.o(HEAP), (512 bytes).
    Removing core_cm3.o(.emb_text), (32 bytes).
    Removing system_stm32f10x.o(i.SystemCoreClockUpdate), (112 bytes).
    Removing backtrace.o(i.rt_hw_backtrace), (2 bytes).
    Removing div0.o(i.__div0), (2 bytes).
    Removing showmem.o(i.rt_hw_show_memory), (156 bytes).
    Removing showmem.o(.constdata), (18 bytes).
    Removing cpuport.o(i.rt_hw_cpu_shutdown), (80 bytes).
    Removing cpuport.o(.constdata), (19 bytes).

544 unused section(s) (total 81905 bytes) removed from the image.

==============================================================================

Image Symbol Table

    Local Symbols

    Symbol Name                              Value     Ov Type        Size  Object(Section)

    ../../../cmprslib/zerorunl2.c            0x00000000   Number         0  __dczerorl2.o ABSOLUTE
    ../../microlib/init/entry.s              0x00000000   Number         0  entry5.o ABSOLUTE
    ../../microlib/init/entry.s              0x00000000   Number         0  entry2.o ABSOLUTE
    ../../microlib/init/entry.s              0x00000000   Number         0  entry7.o ABSOLUTE
    ../../microlib/init/entry.s              0x00000000   Number         0  entry.o ABSOLUTE
    ..\Libraries\CMSIS\CM3\CoreSupport\core_cm3.c 0x00000000   Number         0  core_cm3.o ABSOLUTE
    ..\Libraries\CMSIS\CM3\DeviceSupport\ST\STM32F10x\startup\arm\startup_stm32f10x_hd.s 0x00000000   Number         0  startup_stm32f10x_hd.o ABSOLUTE
    ..\Libraries\CMSIS\CM3\DeviceSupport\ST\STM32F10x\system_stm32f10x.c 0x00000000   Number         0  system_stm32f10x.o ABSOLUTE
    ..\Libraries\STM32F10x_StdPeriph_Driver\src\misc.c 0x00000000   Number         0  misc.o ABSOLUTE
    ..\Libraries\STM32F10x_StdPeriph_Driver\src\stm32f10x_adc.c 0x00000000   Number         0  stm32f10x_adc.o ABSOLUTE
    ..\Libraries\STM32F10x_StdPeriph_Driver\src\stm32f10x_bkp.c 0x00000000   Number         0  stm32f10x_bkp.o ABSOLUTE
    ..\Libraries\STM32F10x_StdPeriph_Driver\src\stm32f10x_can.c 0x00000000   Number         0  stm32f10x_can.o ABSOLUTE
    ..\Libraries\STM32F10x_StdPeriph_Driver\src\stm32f10x_cec.c 0x00000000   Number         0  stm32f10x_cec.o ABSOLUTE
    ..\Libraries\STM32F10x_StdPeriph_Driver\src\stm32f10x_crc.c 0x00000000   Number         0  stm32f10x_crc.o ABSOLUTE
    ..\Libraries\STM32F10x_StdPeriph_Driver\src\stm32f10x_dac.c 0x00000000   Number         0  stm32f10x_dac.o ABSOLUTE
    ..\Libraries\STM32F10x_StdPeriph_Driver\src\stm32f10x_dbgmcu.c 0x00000000   Number         0  stm32f10x_dbgmcu.o ABSOLUTE
    ..\Libraries\STM32F10x_StdPeriph_Driver\src\stm32f10x_dma.c 0x00000000   Number         0  stm32f10x_dma.o ABSOLUTE
    ..\Libraries\STM32F10x_StdPeriph_Driver\src\stm32f10x_exti.c 0x00000000   Number         0  stm32f10x_exti.o ABSOLUTE
    ..\Libraries\STM32F10x_StdPeriph_Driver\src\stm32f10x_flash.c 0x00000000   Number         0  stm32f10x_flash.o ABSOLUTE
    ..\Libraries\STM32F10x_StdPeriph_Driver\src\stm32f10x_fsmc.c 0x00000000   Number         0  stm32f10x_fsmc.o ABSOLUTE
    ..\Libraries\STM32F10x_StdPeriph_Driver\src\stm32f10x_gpio.c 0x00000000   Number         0  stm32f10x_gpio.o ABSOLUTE
    ..\Libraries\STM32F10x_StdPeriph_Driver\src\stm32f10x_i2c.c 0x00000000   Number         0  stm32f10x_i2c.o ABSOLUTE
    ..\Libraries\STM32F10x_StdPeriph_Driver\src\stm32f10x_iwdg.c 0x00000000   Number         0  stm32f10x_iwdg.o ABSOLUTE
    ..\Libraries\STM32F10x_StdPeriph_Driver\src\stm32f10x_pwr.c 0x00000000   Number         0  stm32f10x_pwr.o ABSOLUTE
    ..\Libraries\STM32F10x_StdPeriph_Driver\src\stm32f10x_rcc.c 0x00000000   Number         0  stm32f10x_rcc.o ABSOLUTE
    ..\Libraries\STM32F10x_StdPeriph_Driver\src\stm32f10x_rtc.c 0x00000000   Number         0  stm32f10x_rtc.o ABSOLUTE
    ..\Libraries\STM32F10x_StdPeriph_Driver\src\stm32f10x_sdio.c 0x00000000   Number         0  stm32f10x_sdio.o ABSOLUTE
    ..\Libraries\STM32F10x_StdPeriph_Driver\src\stm32f10x_spi.c 0x00000000   Number         0  stm32f10x_spi.o ABSOLUTE
    ..\Libraries\STM32F10x_StdPeriph_Driver\src\stm32f10x_tim.c 0x00000000   Number         0  stm32f10x_tim.o ABSOLUTE
    ..\Libraries\STM32F10x_StdPeriph_Driver\src\stm32f10x_usart.c 0x00000000   Number         0  stm32f10x_usart.o ABSOLUTE
    ..\Libraries\STM32F10x_StdPeriph_Driver\src\stm32f10x_wwdg.c 0x00000000   Number         0  stm32f10x_wwdg.o ABSOLUTE
    ..\\Libraries\\CMSIS\\CM3\\CoreSupport\\core_cm3.c 0x00000000   Number         0  core_cm3.o ABSOLUTE
    ..\bsp\application.c                     0x00000000   Number         0  application.o ABSOLUTE
    ..\bsp\board.c                           0x00000000   Number         0  board.o ABSOLUTE
    ..\bsp\led.c                             0x00000000   Number         0  led.o ABSOLUTE
    ..\bsp\rtc.c                             0x00000000   Number         0  rtc.o ABSOLUTE
    ..\bsp\serial.c                          0x00000000   Number         0  serial.o ABSOLUTE
    ..\bsp\startup.c                         0x00000000   Number         0  startup.o ABSOLUTE
    ..\bsp\stm32f10x_it.c                    0x00000000   Number         0  stm32f10x_it.o ABSOLUTE
    ..\bsp\usart.c                           0x00000000   Number         0  usart.o ABSOLUTE
    ..\rtt\libcpu\arm\common\backtrace.c     0x00000000   Number         0  backtrace.o ABSOLUTE
    ..\rtt\libcpu\arm\common\div0.c          0x00000000   Number         0  div0.o ABSOLUTE
    ..\rtt\libcpu\arm\common\showmem.c       0x00000000   Number         0  showmem.o ABSOLUTE
    ..\rtt\libcpu\arm\cortex-m3\context_rvds.S 0x00000000   Number         0  context_rvds.o ABSOLUTE
    ..\rtt\libcpu\arm\cortex-m3\cpuport.c    0x00000000   Number         0  cpuport.o ABSOLUTE
    ..\rtt\src\clock.c                       0x00000000   Number         0  clock.o ABSOLUTE
    ..\rtt\src\device.c                      0x00000000   Number         0  device.o ABSOLUTE
    ..\rtt\src\idle.c                        0x00000000   Number         0  idle.o ABSOLUTE
    ..\rtt\src\ipc.c                         0x00000000   Number         0  ipc.o ABSOLUTE
    ..\rtt\src\irq.c                         0x00000000   Number         0  irq.o ABSOLUTE
    ..\rtt\src\kservice.c                    0x00000000   Number         0  kservice.o ABSOLUTE
    ..\rtt\src\mem.c                         0x00000000   Number         0  mem.o ABSOLUTE
    ..\rtt\src\mempool.c                     0x00000000   Number         0  mempool.o ABSOLUTE
    ..\rtt\src\module.c                      0x00000000   Number         0  module.o ABSOLUTE
    ..\rtt\src\object.c                      0x00000000   Number         0  object.o ABSOLUTE
    ..\rtt\src\rtm.c                         0x00000000   Number         0  rtm.o ABSOLUTE
    ..\rtt\src\scheduler.c                   0x00000000   Number         0  scheduler.o ABSOLUTE
    ..\rtt\src\slab.c                        0x00000000   Number         0  slab.o ABSOLUTE
    ..\rtt\src\thread.c                      0x00000000   Number         0  thread.o ABSOLUTE
    ..\rtt\src\timer.c                       0x00000000   Number         0  timer.o ABSOLUTE
    dc.s                                     0x00000000   Number         0  dc.o ABSOLUTE
    handlers.s                               0x00000000   Number         0  handlers.o ABSOLUTE
    init.s                                   0x00000000   Number         0  init.o ABSOLUTE
    RESET                                    0x08000000   Section      304  startup_stm32f10x_hd.o(RESET)
    .ARM.Collect$$$$00000000                 0x08000130   Section        0  entry.o(.ARM.Collect$$$$00000000)
    .ARM.Collect$$$$00000001                 0x08000130   Section        4  entry2.o(.ARM.Collect$$$$00000001)
    .ARM.Collect$$$$00000004                 0x08000134   Section        4  entry5.o(.ARM.Collect$$$$00000004)
    .ARM.Collect$$$$00000007                 0x08000138   Section        8  entry7.o(.ARM.Collect$$$$00000007)
    .ARM.Collect$$$$00002712                 0x08000140   Section        4  entry2.o(.ARM.Collect$$$$00002712)
    __lit__00000000                          0x08000140   Data           4  entry2.o(.ARM.Collect$$$$00002712)
    .text                                    0x08000144   Section       36  startup_stm32f10x_hd.o(.text)
    .text                                    0x08000168   Section      196  context_rvds.o(.text)
    .text                                    0x0800022c   Section       36  init.o(.text)
    .text                                    0x08000250   Section        0  __dczerorl2.o(.text)
    i.BKP_DeInit                             0x080002ac   Section        0  stm32f10x_bkp.o(i.BKP_DeInit)
    i.BKP_ReadBackupRegister                 0x080002c0   Section        0  stm32f10x_bkp.o(i.BKP_ReadBackupRegister)
    i.BKP_WriteBackupRegister                0x080003bc   Section        0  stm32f10x_bkp.o(i.BKP_WriteBackupRegister)
    i.BusFault_Handler                       0x080004b8   Section        0  stm32f10x_it.o(i.BusFault_Handler)
    i.DMA1_Channel2_IRQHandler               0x080004ba   Section        0  stm32f10x_it.o(i.DMA1_Channel2_IRQHandler)
    i.DMA_Cmd                                0x080004bc   Section        0  stm32f10x_dma.o(i.DMA_Cmd)
    i.DebugMon_Handler                       0x080005a4   Section        0  stm32f10x_it.o(i.DebugMon_Handler)
    i.GPIO_Init                              0x080005a8   Section        0  stm32f10x_gpio.o(i.GPIO_Init)
    i.GPIO_ResetBits                         0x0800073c   Section        0  stm32f10x_gpio.o(i.GPIO_ResetBits)
    i.GPIO_SetBits                           0x080007e0   Section        0  stm32f10x_gpio.o(i.GPIO_SetBits)
    i.LED_GPIO_Config                        0x08000884   Section        0  led.o(i.LED_GPIO_Config)
    i.MemManage_Handler                      0x080008b8   Section        0  stm32f10x_it.o(i.MemManage_Handler)
    i.NMI_Handler                            0x080008ba   Section        0  stm32f10x_it.o(i.NMI_Handler)
    i.NVIC_Init                              0x080008bc   Section        0  misc.o(i.NVIC_Init)
    i.NVIC_SetVectorTable                    0x08000988   Section        0  misc.o(i.NVIC_SetVectorTable)
    i.PWR_BackupAccessCmd                    0x080009fc   Section        0  stm32f10x_pwr.o(i.PWR_BackupAccessCmd)
    i.RCC_APB1PeriphClockCmd                 0x08000a54   Section        0  stm32f10x_rcc.o(i.RCC_APB1PeriphClockCmd)
    i.RCC_APB2PeriphClockCmd                 0x08000ad4   Section        0  stm32f10x_rcc.o(i.RCC_APB2PeriphClockCmd)
    i.RCC_BackupResetCmd                     0x08000b54   Section        0  stm32f10x_rcc.o(i.RCC_BackupResetCmd)
    i.RCC_GetClocksFreq                      0x08000bb0   Section        0  stm32f10x_rcc.o(i.RCC_GetClocksFreq)
    i.RCC_GetFlagStatus                      0x08000c60   Section        0  stm32f10x_rcc.o(i.RCC_GetFlagStatus)
    i.RCC_LSEConfig                          0x08000ccc   Section        0  stm32f10x_rcc.o(i.RCC_LSEConfig)
    i.RCC_RTCCLKCmd                          0x08000d44   Section        0  stm32f10x_rcc.o(i.RCC_RTCCLKCmd)
    i.RCC_RTCCLKConfig                       0x08000da0   Section        0  stm32f10x_rcc.o(i.RCC_RTCCLKConfig)
    i.RTC_GetCounter                         0x08000e08   Section        0  stm32f10x_rtc.o(i.RTC_GetCounter)
    i.RTC_SetCounter                         0x08000e18   Section        0  stm32f10x_rtc.o(i.RTC_SetCounter)
    i.RTC_SetPrescaler                       0x08000e38   Section        0  stm32f10x_rtc.o(i.RTC_SetPrescaler)
    i.RTC_WaitForLastTask                    0x08000ea8   Section        0  stm32f10x_rtc.o(i.RTC_WaitForLastTask)
    i.RTC_WaitForSynchro                     0x08000ebc   Section        0  stm32f10x_rtc.o(i.RTC_WaitForSynchro)
    i.SVC_Handler                            0x08000edc   Section        0  stm32f10x_it.o(i.SVC_Handler)
    i.SysTick_Handler                        0x08000ede   Section        0  stm32f10x_it.o(i.SysTick_Handler)
    i.SystemInit                             0x08000ee4   Section        0  system_stm32f10x.o(i.SystemInit)
    i.USART1_IRQHandler                      0x08000fb8   Section        0  stm32f10x_it.o(i.USART1_IRQHandler)
    i.USART2_IRQHandler                      0x08000fd0   Section        0  stm32f10x_it.o(i.USART2_IRQHandler)
    i.USART3_IRQHandler                      0x08000fd2   Section        0  stm32f10x_it.o(i.USART3_IRQHandler)
    i.USART_ClearITPendingBit                0x08000fd4   Section        0  stm32f10x_usart.o(i.USART_ClearITPendingBit)
    i.USART_ClockInit                        0x080010ac   Section        0  stm32f10x_usart.o(i.USART_ClockInit)
    i.USART_Cmd                              0x08001190   Section        0  stm32f10x_usart.o(i.USART_Cmd)
    i.USART_GetITStatus                      0x08001234   Section        0  stm32f10x_usart.o(i.USART_GetITStatus)
    i.USART_ITConfig                         0x08001364   Section        0  stm32f10x_usart.o(i.USART_ITConfig)
    i.USART_Init                             0x08001498   Section        0  stm32f10x_usart.o(i.USART_Init)
    i.UsageFault_Handler                     0x08001668   Section        0  stm32f10x_it.o(i.UsageFault_Handler)
    i.__scatterload_copy                     0x0800166a   Section       14  handlers.o(i.__scatterload_copy)
    i.__scatterload_null                     0x08001678   Section        2  handlers.o(i.__scatterload_null)
    i.__scatterload_zeroinit                 0x0800167a   Section       14  handlers.o(i.__scatterload_zeroinit)
    i.assert_failed                          0x08001688   Section        0  startup.o(i.assert_failed)
    i.led1_thread_entry                      0x080016f4   Section        0  application.o(i.led1_thread_entry)
    led1_thread_entry                        0x080016f5   Thumb Code    36  application.o(i.led1_thread_entry)
    i.led2_thread_entry                      0x0800171c   Section        0  application.o(i.led2_thread_entry)
    led2_thread_entry                        0x0800171d   Thumb Code    32  application.o(i.led2_thread_entry)
    i.main                                   0x08001740   Section        0  startup.o(i.main)
    i.plug_holes                             0x0800178c   Section        0  mem.o(i.plug_holes)
    plug_holes                               0x0800178d   Thumb Code   162  mem.o(i.plug_holes)
    i.print_number                           0x08001838   Section        0  kservice.o(i.print_number)
    print_number                             0x08001839   Thumb Code   352  kservice.o(i.print_number)
    i.rt_application_init                    0x080019a4   Section        0  application.o(i.rt_application_init)
    i.rt_console_set_device                  0x08001a24   Section        0  kservice.o(i.rt_console_set_device)
    i.rt_device_close                        0x08001a50   Section        0  device.o(i.rt_device_close)
    i.rt_device_find                         0x08001ab4   Section        0  device.o(i.rt_device_find)
    i.rt_device_init_all                     0x08001b10   Section        0  device.o(i.rt_device_init_all)
    i.rt_device_open                         0x08001b8c   Section        0  device.o(i.rt_device_open)
    i.rt_device_register                     0x08001c70   Section        0  device.o(i.rt_device_register)
    i.rt_device_write                        0x08001c90   Section        0  device.o(i.rt_device_write)
    i.rt_enter_critical                      0x08001cf4   Section        0  scheduler.o(i.rt_enter_critical)
    i.rt_exit_critical                       0x08001d10   Section        0  scheduler.o(i.rt_exit_critical)
    i.rt_free                                0x08001d40   Section        0  mem.o(i.rt_free)
    i.rt_hw_board_init                       0x08001e48   Section        0  board.o(i.rt_hw_board_init)
    i.rt_hw_console_output                   0x08001ea8   Section        0  kservice.o(i.rt_hw_console_output)
    i.rt_hw_hard_fault_exception             0x08001eac   Section        0  cpuport.o(i.rt_hw_hard_fault_exception)
    i.rt_hw_rtc_init                         0x08001f9c   Section        0  rtc.o(i.rt_hw_rtc_init)
    i.rt_hw_serial_isr                       0x080020b4   Section        0  serial.o(i.rt_hw_serial_isr)
    i.rt_hw_serial_register                  0x080021c4   Section        0  serial.o(i.rt_hw_serial_register)
    i.rt_hw_stack_init                       0x08002290   Section        0  cpuport.o(i.rt_hw_stack_init)
    i.rt_hw_timer_handler                    0x080022ce   Section        0  board.o(i.rt_hw_timer_handler)
    i.rt_hw_usart_init                       0x080022e0   Section        0  usart.o(i.rt_hw_usart_init)
    i.rt_interrupt_enter                     0x080023b8   Section        0  irq.o(i.rt_interrupt_enter)
    i.rt_interrupt_get_nest                  0x080023d4   Section        0  irq.o(i.rt_interrupt_get_nest)
    i.rt_interrupt_leave                     0x080023e0   Section        0  irq.o(i.rt_interrupt_leave)
    i.rt_kprintf                             0x080023fc   Section        0  kservice.o(i.rt_kprintf)
    i.rt_memset                              0x08002440   Section        0  kservice.o(i.rt_memset)
    i.rt_mp_alloc                            0x080024e8   Section        0  mempool.o(i.rt_mp_alloc)
    i.rt_mp_init                             0x08002604   Section        0  mempool.o(i.rt_mp_init)
    i.rt_object_delete                       0x080026a8   Section        0  object.o(i.rt_object_delete)
    i.rt_object_detach                       0x08002770   Section        0  object.o(i.rt_object_detach)
    i.rt_object_init                         0x080027f0   Section        0  object.o(i.rt_object_init)
    i.rt_object_is_systemobject              0x08002844   Section        0  object.o(i.rt_object_is_systemobject)
    i.rt_rtc_control                         0x080028a0   Section        0  rtc.o(i.rt_rtc_control)
    rt_rtc_control                           0x080028a1   Thumb Code    84  rtc.o(i.rt_rtc_control)
    i.rt_rtc_open                            0x08002928   Section        0  rtc.o(i.rt_rtc_open)
    rt_rtc_open                              0x08002929   Thumb Code     4  rtc.o(i.rt_rtc_open)
    i.rt_rtc_read                            0x0800292c   Section        0  rtc.o(i.rt_rtc_read)
    rt_rtc_read                              0x0800292d   Thumb Code     4  rtc.o(i.rt_rtc_read)
    i.rt_schedule                            0x08002930   Section        0  scheduler.o(i.rt_schedule)
    i.rt_schedule_insert_thread              0x08002a1c   Section        0  scheduler.o(i.rt_schedule_insert_thread)
    i.rt_schedule_remove_thread              0x08002aac   Section        0  scheduler.o(i.rt_schedule_remove_thread)
    i.rt_sem_init                            0x08002b44   Section        0  ipc.o(i.rt_sem_init)
    i.rt_sem_release                         0x08002ba8   Section        0  ipc.o(i.rt_sem_release)
    i.rt_sem_take                            0x08002bf0   Section        0  ipc.o(i.rt_sem_take)
    i.rt_serial_close                        0x08002d30   Section        0  serial.o(i.rt_serial_close)
    rt_serial_close                          0x08002d31   Thumb Code     4  serial.o(i.rt_serial_close)
    i.rt_serial_control                      0x08002d34   Section        0  serial.o(i.rt_serial_control)
    rt_serial_control                        0x08002d35   Thumb Code    66  serial.o(i.rt_serial_control)
    i.rt_serial_init                         0x08002dac   Section        0  serial.o(i.rt_serial_init)
    rt_serial_init                           0x08002dad   Thumb Code   116  serial.o(i.rt_serial_init)
    i.rt_serial_open                         0x08002e70   Section        0  serial.o(i.rt_serial_open)
    rt_serial_open                           0x08002e71   Thumb Code     4  serial.o(i.rt_serial_open)
    i.rt_serial_read                         0x08002e74   Section        0  serial.o(i.rt_serial_read)
    rt_serial_read                           0x08002e75   Thumb Code   148  serial.o(i.rt_serial_read)
    i.rt_serial_write                        0x08002f08   Section        0  serial.o(i.rt_serial_write)
    rt_serial_write                          0x08002f09   Thumb Code   268  serial.o(i.rt_serial_write)
    i.rt_set_errno                           0x08003040   Section        0  kservice.o(i.rt_set_errno)
    i.rt_show_version                        0x08003060   Section        0  kservice.o(i.rt_show_version)
    i.rt_strncmp                             0x0800318c   Section        0  kservice.o(i.rt_strncmp)
    i.rt_strncpy                             0x080031b0   Section        0  kservice.o(i.rt_strncpy)
    i.rt_system_heap_init                    0x080031e8   Section        0  mem.o(i.rt_system_heap_init)
    i.rt_system_object_init                  0x08003310   Section        0  object.o(i.rt_system_object_init)
    i.rt_system_scheduler_init               0x08003314   Section        0  scheduler.o(i.rt_system_scheduler_init)
    i.rt_system_scheduler_start              0x08003360   Section        0  scheduler.o(i.rt_system_scheduler_start)
    i.rt_system_tick_init                    0x080033b8   Section        0  clock.o(i.rt_system_tick_init)
    i.rt_system_timer_init                   0x080033c4   Section        0  timer.o(i.rt_system_timer_init)
    i.rt_system_timer_thread_init            0x080033d0   Section        0  timer.o(i.rt_system_timer_thread_init)
    i.rt_thread_delay                        0x080033d4   Section        0  thread.o(i.rt_thread_delay)
    i.rt_thread_exit                         0x08003450   Section        0  thread.o(i.rt_thread_exit)
    rt_thread_exit                           0x08003451   Thumb Code   106  thread.o(i.rt_thread_exit)
    i.rt_thread_idle_entry                   0x080034c4   Section        0  idle.o(i.rt_thread_idle_entry)
    rt_thread_idle_entry                     0x080034c5   Thumb Code   148  idle.o(i.rt_thread_idle_entry)
    i.rt_thread_idle_init                    0x08003564   Section        0  idle.o(i.rt_thread_idle_init)
    i.rt_thread_init                         0x080035a0   Section        0  thread.o(i.rt_thread_init)
    i.rt_thread_resume                       0x080036b4   Section        0  thread.o(i.rt_thread_resume)
    i.rt_thread_self                         0x08003724   Section        0  thread.o(i.rt_thread_self)
    i.rt_thread_startup                      0x08003730   Section        0  thread.o(i.rt_thread_startup)
    i.rt_thread_suspend                      0x080037d4   Section        0  thread.o(i.rt_thread_suspend)
    i.rt_thread_timeout                      0x0800381c   Section        0  thread.o(i.rt_thread_timeout)
    i.rt_thread_yield                        0x080038cc   Section        0  thread.o(i.rt_thread_yield)
    i.rt_tick_get                            0x0800392c   Section        0  clock.o(i.rt_tick_get)
    i.rt_tick_increase                       0x08003938   Section        0  clock.o(i.rt_tick_increase)
    i.rt_timer_check                         0x08003964   Section        0  timer.o(i.rt_timer_check)
    i.rt_timer_control                       0x08003a8c   Section        0  timer.o(i.rt_timer_control)
    i.rt_timer_init                          0x08003b0c   Section        0  timer.o(i.rt_timer_init)
    i.rt_timer_start                         0x08003b88   Section        0  timer.o(i.rt_timer_start)
    i.vsnprintf                              0x08003c40   Section        0  kservice.o(i.vsnprintf)
    vsnprintf                                0x08003c41   Thumb Code   716  kservice.o(i.vsnprintf)
    .constdata                               0x08003f14   Section       15  rtc.o(.constdata)
    __FUNCTION__                             0x08003f14   Data          15  rtc.o(.constdata)
    .constdata                               0x08003f24   Section      191  serial.o(.constdata)
    __FUNCTION__                             0x08003f24   Data          15  serial.o(.constdata)
    __FUNCTION__                             0x08003f33   Data          21  serial.o(.constdata)
    __FUNCTION__                             0x08003f48   Data          16  serial.o(.constdata)
    __FUNCTION__                             0x08003f58   Data          18  serial.o(.constdata)
    __FUNCTION__                             0x08003f6a   Data          22  serial.o(.constdata)
    __FUNCTION__                             0x08003f80   Data          17  serial.o(.constdata)
    __FUNCTION__                             0x08003f91   Data          24  serial.o(.constdata)
    .constdata                               0x08003fe3   Section      168  device.o(.constdata)
    __FUNCTION__                             0x08003fe3   Data          21  device.o(.constdata)
    __FUNCTION__                             0x08003ff8   Data          15  device.o(.constdata)
    __FUNCTION__                             0x08004007   Data          15  device.o(.constdata)
    __FUNCTION__                             0x08004016   Data          16  device.o(.constdata)
    __FUNCTION__                             0x08004026   Data          15  device.o(.constdata)
    __FUNCTION__                             0x08004035   Data          16  device.o(.constdata)
    __FUNCTION__                             0x08004045   Data          18  device.o(.constdata)
    __FUNCTION__                             0x08004057   Data          26  device.o(.constdata)
    __FUNCTION__                             0x08004071   Data          26  device.o(.constdata)
    .constdata                               0x0800408c   Section       96  idle.o(.constdata)
    __FUNCTION__                             0x0800408c   Data          22  idle.o(.constdata)
    .constdata                               0x080040ec   Section      558  ipc.o(.constdata)
    __FUNCTION__                             0x080040ec   Data          12  ipc.o(.constdata)
    __FUNCTION__                             0x080040f8   Data          14  ipc.o(.constdata)
    __FUNCTION__                             0x08004106   Data          14  ipc.o(.constdata)
    __FUNCTION__                             0x08004114   Data          14  ipc.o(.constdata)
    __FUNCTION__                             0x08004122   Data          12  ipc.o(.constdata)
    __FUNCTION__                             0x0800412e   Data          15  ipc.o(.constdata)
    __FUNCTION__                             0x0800413d   Data          14  ipc.o(.constdata)
    __FUNCTION__                             0x0800414b   Data          16  ipc.o(.constdata)
    __FUNCTION__                             0x0800415b   Data          16  ipc.o(.constdata)
    __FUNCTION__                             0x0800416b   Data          16  ipc.o(.constdata)
    __FUNCTION__                             0x0800417b   Data          14  ipc.o(.constdata)
    __FUNCTION__                             0x08004189   Data          14  ipc.o(.constdata)
    __FUNCTION__                             0x08004197   Data          16  ipc.o(.constdata)
    __FUNCTION__                             0x080041a7   Data          16  ipc.o(.constdata)
    __FUNCTION__                             0x080041b7   Data          16  ipc.o(.constdata)
    __FUNCTION__                             0x080041c7   Data          14  ipc.o(.constdata)
    __FUNCTION__                             0x080041d5   Data          14  ipc.o(.constdata)
    __FUNCTION__                             0x080041e3   Data          17  ipc.o(.constdata)
    __FUNCTION__                             0x080041f4   Data          11  ipc.o(.constdata)
    __FUNCTION__                             0x080041ff   Data          13  ipc.o(.constdata)
    __FUNCTION__                             0x0800420c   Data          13  ipc.o(.constdata)
    __FUNCTION__                             0x08004219   Data          13  ipc.o(.constdata)
    __FUNCTION__                             0x08004226   Data          16  ipc.o(.constdata)
    __FUNCTION__                             0x08004236   Data          11  ipc.o(.constdata)
    __FUNCTION__                             0x08004241   Data          14  ipc.o(.constdata)
    __FUNCTION__                             0x0800424f   Data          11  ipc.o(.constdata)
    __FUNCTION__                             0x0800425a   Data          13  ipc.o(.constdata)
    __FUNCTION__                             0x08004267   Data          13  ipc.o(.constdata)
    __FUNCTION__                             0x08004274   Data          13  ipc.o(.constdata)
    __FUNCTION__                             0x08004281   Data          11  ipc.o(.constdata)
    __FUNCTION__                             0x0800428c   Data          13  ipc.o(.constdata)
    __FUNCTION__                             0x08004299   Data          11  ipc.o(.constdata)
    __FUNCTION__                             0x080042a4   Data          14  ipc.o(.constdata)
    .constdata                               0x0800431a   Section       34  kservice.o(.constdata)
    small_digits                             0x0800431a   Data          17  kservice.o(.constdata)
    large_digits                             0x0800432b   Data          17  kservice.o(.constdata)
    .constdata                               0x0800433c   Section      561  mem.o(.constdata)
    __FUNCTION__                             0x0800433c   Data           8  mem.o(.constdata)
    __FUNCTION__                             0x08004344   Data          11  mem.o(.constdata)
    __FUNCTION__                             0x0800434f   Data          20  mem.o(.constdata)
    __FUNCTION__                             0x08004363   Data          10  mem.o(.constdata)
    __FUNCTION__                             0x0800436d   Data          11  mem.o(.constdata)
    __FUNCTION__                             0x08004378   Data          10  mem.o(.constdata)
    .constdata                               0x0800456d   Section       62  mempool.o(.constdata)
    __FUNCTION__                             0x0800456d   Data          11  mempool.o(.constdata)
    __FUNCTION__                             0x08004578   Data          13  mempool.o(.constdata)
    __FUNCTION__                             0x08004585   Data          13  mempool.o(.constdata)
    __FUNCTION__                             0x08004592   Data          13  mempool.o(.constdata)
    __FUNCTION__                             0x0800459f   Data          12  mempool.o(.constdata)
    .constdata                               0x080045ab   Section       94  object.o(.constdata)
    __FUNCTION__                             0x080045ab   Data          17  object.o(.constdata)
    __FUNCTION__                             0x080045bc   Data          19  object.o(.constdata)
    __FUNCTION__                             0x080045cf   Data          17  object.o(.constdata)
    __FUNCTION__                             0x080045e0   Data          26  object.o(.constdata)
    __FUNCTION__                             0x080045fa   Data          15  object.o(.constdata)
    .constdata                               0x0800460c   Section      469  scheduler.o(.constdata)
    __FUNCTION__                             0x0800470c   Data          26  scheduler.o(.constdata)
    __FUNCTION__                             0x08004726   Data          26  scheduler.o(.constdata)
    __FUNCTION__                             0x08004740   Data          26  scheduler.o(.constdata)
    .constdata                               0x080047e4   Section      291  thread.o(.constdata)
    __FUNCTION__                             0x080047e4   Data          16  thread.o(.constdata)
    __FUNCTION__                             0x080047f4   Data          15  thread.o(.constdata)
    __FUNCTION__                             0x08004803   Data          18  thread.o(.constdata)
    __FUNCTION__                             0x08004815   Data          17  thread.o(.constdata)
    __FUNCTION__                             0x08004826   Data          17  thread.o(.constdata)
    __FUNCTION__                             0x08004837   Data          16  thread.o(.constdata)
    __FUNCTION__                             0x08004847   Data          18  thread.o(.constdata)
    __FUNCTION__                             0x08004859   Data          18  thread.o(.constdata)
    __FUNCTION__                             0x0800486b   Data          17  thread.o(.constdata)
    __FUNCTION__                             0x0800487c   Data          18  thread.o(.constdata)
    .constdata                               0x08004908   Section      177  timer.o(.constdata)
    __FUNCTION__                             0x08004908   Data          14  timer.o(.constdata)
    __FUNCTION__                             0x08004916   Data          16  timer.o(.constdata)
    __FUNCTION__                             0x08004926   Data          16  timer.o(.constdata)
    __FUNCTION__                             0x08004936   Data          15  timer.o(.constdata)
    __FUNCTION__                             0x08004945   Data          14  timer.o(.constdata)
    __FUNCTION__                             0x08004953   Data          17  timer.o(.constdata)
    .constdata                               0x080049bc   Section       60  stm32f10x_rcc.o(.constdata)
    .data                                    0x20000000   Section       12  usart.o(.data)
    .data                                    0x2000000c   Section        4  clock.o(.data)
    rt_tick                                  0x2000000c   Data           4  clock.o(.data)
    .data                                    0x20000010   Section        4  idle.o(.data)
    rt_thread_idle_hook                      0x20000010   Data           4  idle.o(.data)
    .data                                    0x20000014   Section        1  irq.o(.data)
    .data                                    0x20000018   Section        8  kservice.o(.data)
    _console_device                          0x20000018   Data           4  kservice.o(.data)
    _errno                                   0x2000001c   Data           4  kservice.o(.data)
    .data                                    0x20000020   Section       32  mem.o(.data)
    rt_malloc_hook                           0x20000020   Data           4  mem.o(.data)
    rt_free_hook                             0x20000024   Data           4  mem.o(.data)
    heap_ptr                                 0x20000028   Data           4  mem.o(.data)
    heap_end                                 0x2000002c   Data           4  mem.o(.data)
    lfree                                    0x20000030   Data           4  mem.o(.data)
    mem_size_aligned                         0x20000034   Data           4  mem.o(.data)
    used_mem                                 0x20000038   Data           4  mem.o(.data)
    max_mem                                  0x2000003c   Data           4  mem.o(.data)
    .data                                    0x20000040   Section        8  mempool.o(.data)
    rt_mp_alloc_hook                         0x20000040   Data           4  mempool.o(.data)
    rt_mp_free_hook                          0x20000044   Data           4  mempool.o(.data)
    .data                                    0x20000048   Section      164  object.o(.data)
    rt_object_attach_hook                    0x20000048   Data           4  object.o(.data)
    rt_object_detach_hook                    0x2000004c   Data           4  object.o(.data)
    .data                                    0x200000ec   Section       24  scheduler.o(.data)
    rt_scheduler_lock_nest                   0x200000ee   Data           2  scheduler.o(.data)
    rt_scheduler_hook                        0x200000f8   Data           4  scheduler.o(.data)
    .data                                    0x20000104   Section       12  timer.o(.data)
    rt_timer_timeout_hook                    0x20000104   Data           4  timer.o(.data)
    rt_timer_list                            0x20000108   Data           8  timer.o(.data)
    .data                                    0x20000110   Section       20  stm32f10x_rcc.o(.data)
    ADCPrescTable                            0x20000110   Data           4  stm32f10x_rcc.o(.data)
    APBAHBPrescTable                         0x20000114   Data          16  stm32f10x_rcc.o(.data)
    .data                                    0x20000124   Section       20  system_stm32f10x.o(.data)
    .data                                    0x20000138   Section        4  cpuport.o(.data)
    .data                                    0x2000013c   Section        4  cpuport.o(.data)
    .data                                    0x20000140   Section        4  cpuport.o(.data)
    .bss                                     0x20000180   Section       72  usart.o(.bss)
    .bss                                     0x20000200   Section       64  usart.o(.bss)
    .bss                                     0x20000240   Section     1280  application.o(.bss)
    led1_stack                               0x20000240   Data         512  application.o(.bss)
    led1_thread                              0x20000440   Data         128  application.o(.bss)
    led2_stack                               0x200004c0   Data         512  application.o(.bss)
    led2_thread                              0x200006c0   Data         128  application.o(.bss)
    .bss                                     0x20000740   Section       64  rtc.o(.bss)
    rtc                                      0x20000740   Data          64  rtc.o(.bss)
    .bss                                     0x20000780   Section      384  idle.o(.bss)
    idle                                     0x20000780   Data         128  idle.o(.bss)
    rt_thread_stack                          0x20000800   Data         256  idle.o(.bss)
    .bss                                     0x20000900   Section      128  kservice.o(.bss)
    rt_log_buf                               0x20000900   Data         128  kservice.o(.bss)
    .bss                                     0x20000980   Section       32  mem.o(.bss)
    heap_sem                                 0x20000980   Data          32  mem.o(.bss)
    .bss                                     0x200009c0   Section      256  scheduler.o(.bss)
    STACK                                    0x20000ac0   Section     1024  startup_stm32f10x_hd.o(STACK)

    Global Symbols

    Symbol Name                              Value     Ov Type        Size  Object(Section)

    BuildAttributes$$THM_ISAv4$P$D$K$B$S$PE$A:L22UL41UL21$X:L11$S22US41US21$IEEE1$IW$USESV6$~STKCKD$USESV7$~SHL$OTIME$EBA8$MICROLIB$REQ8$PRES8$EABIv2 0x00000000   Number         0  anon$$obj.o ABSOLUTE
    __ARM_use_no_argv                        0x00000000   Number         0  startup.o ABSOLUTE
    __Vectors_Size                           0x00000130   Number         0  startup_stm32f10x_hd.o ABSOLUTE
    __Vectors                                0x08000000   Data           4  startup_stm32f10x_hd.o(RESET)
    __Vectors_End                            0x08000130   Data           0  startup_stm32f10x_hd.o(RESET)
    __main                                   0x08000131   Thumb Code     0  entry.o(.ARM.Collect$$$$00000000)
    _main_stk                                0x08000131   Thumb Code     0  entry2.o(.ARM.Collect$$$$00000001)
    _main_scatterload                        0x08000135   Thumb Code     0  entry5.o(.ARM.Collect$$$$00000004)
    __main_after_scatterload                 0x08000139   Thumb Code     0  entry5.o(.ARM.Collect$$$$00000004)
    _main_init                               0x08000139   Thumb Code     0  entry7.o(.ARM.Collect$$$$00000007)
    Reset_Handler                            0x08000145   Thumb Code     8  startup_stm32f10x_hd.o(.text)
    ADC1_2_IRQHandler                        0x0800015f   Thumb Code     0  startup_stm32f10x_hd.o(.text)
    ADC3_IRQHandler                          0x0800015f   Thumb Code     0  startup_stm32f10x_hd.o(.text)
    CAN1_RX1_IRQHandler                      0x0800015f   Thumb Code     0  startup_stm32f10x_hd.o(.text)
    CAN1_SCE_IRQHandler                      0x0800015f   Thumb Code     0  startup_stm32f10x_hd.o(.text)
    DMA1_Channel1_IRQHandler                 0x0800015f   Thumb Code     0  startup_stm32f10x_hd.o(.text)
    DMA1_Channel3_IRQHandler                 0x0800015f   Thumb Code     0  startup_stm32f10x_hd.o(.text)
    DMA1_Channel4_IRQHandler                 0x0800015f   Thumb Code     0  startup_stm32f10x_hd.o(.text)
    DMA1_Channel5_IRQHandler                 0x0800015f   Thumb Code     0  startup_stm32f10x_hd.o(.text)
    DMA1_Channel6_IRQHandler                 0x0800015f   Thumb Code     0  startup_stm32f10x_hd.o(.text)
    DMA1_Channel7_IRQHandler                 0x0800015f   Thumb Code     0  startup_stm32f10x_hd.o(.text)
    DMA2_Channel1_IRQHandler                 0x0800015f   Thumb Code     0  startup_stm32f10x_hd.o(.text)
    DMA2_Channel2_IRQHandler                 0x0800015f   Thumb Code     0  startup_stm32f10x_hd.o(.text)
    DMA2_Channel3_IRQHandler                 0x0800015f   Thumb Code     0  startup_stm32f10x_hd.o(.text)
    DMA2_Channel4_5_IRQHandler               0x0800015f   Thumb Code     0  startup_stm32f10x_hd.o(.text)
    EXTI0_IRQHandler                         0x0800015f   Thumb Code     0  startup_stm32f10x_hd.o(.text)
    EXTI15_10_IRQHandler                     0x0800015f   Thumb Code     0  startup_stm32f10x_hd.o(.text)
    EXTI1_IRQHandler                         0x0800015f   Thumb Code     0  startup_stm32f10x_hd.o(.text)
    EXTI2_IRQHandler                         0x0800015f   Thumb Code     0  startup_stm32f10x_hd.o(.text)
    EXTI3_IRQHandler                         0x0800015f   Thumb Code     0  startup_stm32f10x_hd.o(.text)
    EXTI4_IRQHandler                         0x0800015f   Thumb Code     0  startup_stm32f10x_hd.o(.text)
    EXTI9_5_IRQHandler                       0x0800015f   Thumb Code     0  startup_stm32f10x_hd.o(.text)
    FLASH_IRQHandler                         0x0800015f   Thumb Code     0  startup_stm32f10x_hd.o(.text)
    FSMC_IRQHandler                          0x0800015f   Thumb Code     0  startup_stm32f10x_hd.o(.text)
    I2C1_ER_IRQHandler                       0x0800015f   Thumb Code     0  startup_stm32f10x_hd.o(.text)
    I2C1_EV_IRQHandler                       0x0800015f   Thumb Code     0  startup_stm32f10x_hd.o(.text)
    I2C2_ER_IRQHandler                       0x0800015f   Thumb Code     0  startup_stm32f10x_hd.o(.text)
    I2C2_EV_IRQHandler                       0x0800015f   Thumb Code     0  startup_stm32f10x_hd.o(.text)
    PVD_IRQHandler                           0x0800015f   Thumb Code     0  startup_stm32f10x_hd.o(.text)
    RCC_IRQHandler                           0x0800015f   Thumb Code     0  startup_stm32f10x_hd.o(.text)
    RTCAlarm_IRQHandler                      0x0800015f   Thumb Code     0  startup_stm32f10x_hd.o(.text)
    RTC_IRQHandler                           0x0800015f   Thumb Code     0  startup_stm32f10x_hd.o(.text)
    SDIO_IRQHandler                          0x0800015f   Thumb Code     0  startup_stm32f10x_hd.o(.text)
    SPI1_IRQHandler                          0x0800015f   Thumb Code     0  startup_stm32f10x_hd.o(.text)
    SPI2_IRQHandler                          0x0800015f   Thumb Code     0  startup_stm32f10x_hd.o(.text)
    SPI3_IRQHandler                          0x0800015f   Thumb Code     0  startup_stm32f10x_hd.o(.text)
    TAMPER_IRQHandler                        0x0800015f   Thumb Code     0  startup_stm32f10x_hd.o(.text)
    TIM1_BRK_IRQHandler                      0x0800015f   Thumb Code     0  startup_stm32f10x_hd.o(.text)
    TIM1_CC_IRQHandler                       0x0800015f   Thumb Code     0  startup_stm32f10x_hd.o(.text)
    TIM1_TRG_COM_IRQHandler                  0x0800015f   Thumb Code     0  startup_stm32f10x_hd.o(.text)
    TIM1_UP_IRQHandler                       0x0800015f   Thumb Code     0  startup_stm32f10x_hd.o(.text)
    TIM2_IRQHandler                          0x0800015f   Thumb Code     0  startup_stm32f10x_hd.o(.text)
    TIM3_IRQHandler                          0x0800015f   Thumb Code     0  startup_stm32f10x_hd.o(.text)
    TIM4_IRQHandler                          0x0800015f   Thumb Code     0  startup_stm32f10x_hd.o(.text)
    TIM5_IRQHandler                          0x0800015f   Thumb Code     0  startup_stm32f10x_hd.o(.text)
    TIM6_IRQHandler                          0x0800015f   Thumb Code     0  startup_stm32f10x_hd.o(.text)
    TIM7_IRQHandler                          0x0800015f   Thumb Code     0  startup_stm32f10x_hd.o(.text)
    TIM8_BRK_IRQHandler                      0x0800015f   Thumb Code     0  startup_stm32f10x_hd.o(.text)
    TIM8_CC_IRQHandler                       0x0800015f   Thumb Code     0  startup_stm32f10x_hd.o(.text)
    TIM8_TRG_COM_IRQHandler                  0x0800015f   Thumb Code     0  startup_stm32f10x_hd.o(.text)
    TIM8_UP_IRQHandler                       0x0800015f   Thumb Code     0  startup_stm32f10x_hd.o(.text)
    UART4_IRQHandler                         0x0800015f   Thumb Code     0  startup_stm32f10x_hd.o(.text)
    UART5_IRQHandler                         0x0800015f   Thumb Code     0  startup_stm32f10x_hd.o(.text)
    USBWakeUp_IRQHandler                     0x0800015f   Thumb Code     0  startup_stm32f10x_hd.o(.text)
    USB_HP_CAN1_TX_IRQHandler                0x0800015f   Thumb Code     0  startup_stm32f10x_hd.o(.text)
    USB_LP_CAN1_RX0_IRQHandler               0x0800015f   Thumb Code     0  startup_stm32f10x_hd.o(.text)
    WWDG_IRQHandler                          0x0800015f   Thumb Code     0  startup_stm32f10x_hd.o(.text)
    rt_hw_interrupt_disable                  0x08000169   Thumb Code     8  context_rvds.o(.text)
    rt_hw_interrupt_enable                   0x08000171   Thumb Code     6  context_rvds.o(.text)
    rt_hw_context_switch                     0x08000177   Thumb Code    32  context_rvds.o(.text)
    rt_hw_context_switch_interrupt           0x08000177   Thumb Code     0  context_rvds.o(.text)
    PendSV_Handler                           0x08000197   Thumb Code    60  context_rvds.o(.text)
    rt_hw_context_switch_to                  0x080001d3   Thumb Code    46  context_rvds.o(.text)
    rt_hw_interrupt_thread_switch            0x08000201   Thumb Code     4  context_rvds.o(.text)
    HardFault_Handler                        0x08000205   Thumb Code    20  context_rvds.o(.text)
    __scatterload                            0x0800022d   Thumb Code    28  init.o(.text)
    __scatterload_rt2                        0x0800022d   Thumb Code     0  init.o(.text)
    __decompress                             0x08000251   Thumb Code     0  __dczerorl2.o(.text)
    __decompress1                            0x08000251   Thumb Code    92  __dczerorl2.o(.text)
    BKP_DeInit                               0x080002ad   Thumb Code    18  stm32f10x_bkp.o(i.BKP_DeInit)
    BKP_ReadBackupRegister                   0x080002c1   Thumb Code   186  stm32f10x_bkp.o(i.BKP_ReadBackupRegister)
    BKP_WriteBackupRegister                  0x080003bd   Thumb Code   188  stm32f10x_bkp.o(i.BKP_WriteBackupRegister)
    BusFault_Handler                         0x080004b9   Thumb Code     2  stm32f10x_it.o(i.BusFault_Handler)
    DMA1_Channel2_IRQHandler                 0x080004bb   Thumb Code     2  stm32f10x_it.o(i.DMA1_Channel2_IRQHandler)
    DMA_Cmd                                  0x080004bd   Thumb Code   124  stm32f10x_dma.o(i.DMA_Cmd)
    DebugMon_Handler                         0x080005a5   Thumb Code     2  stm32f10x_it.o(i.DebugMon_Handler)
    GPIO_Init                                0x080005a9   Thumb Code   340  stm32f10x_gpio.o(i.GPIO_Init)
    GPIO_ResetBits                           0x0800073d   Thumb Code   100  stm32f10x_gpio.o(i.GPIO_ResetBits)
    GPIO_SetBits                             0x080007e1   Thumb Code   100  stm32f10x_gpio.o(i.GPIO_SetBits)
    LED_GPIO_Config                          0x08000885   Thumb Code    48  led.o(i.LED_GPIO_Config)
    MemManage_Handler                        0x080008b9   Thumb Code     2  stm32f10x_it.o(i.MemManage_Handler)
    NMI_Handler                              0x080008bb   Thumb Code     2  stm32f10x_it.o(i.NMI_Handler)
    NVIC_Init                                0x080008bd   Thumb Code   152  misc.o(i.NVIC_Init)
    NVIC_SetVectorTable                      0x08000989   Thumb Code    56  misc.o(i.NVIC_SetVectorTable)
    PWR_BackupAccessCmd                      0x080009fd   Thumb Code    24  stm32f10x_pwr.o(i.PWR_BackupAccessCmd)
    RCC_APB1PeriphClockCmd                   0x08000a55   Thumb Code    58  stm32f10x_rcc.o(i.RCC_APB1PeriphClockCmd)
    RCC_APB2PeriphClockCmd                   0x08000ad5   Thumb Code    58  stm32f10x_rcc.o(i.RCC_APB2PeriphClockCmd)
    RCC_BackupResetCmd                       0x08000b55   Thumb Code    26  stm32f10x_rcc.o(i.RCC_BackupResetCmd)
    RCC_GetClocksFreq                        0x08000bb1   Thumb Code   156  stm32f10x_rcc.o(i.RCC_GetClocksFreq)
    RCC_GetFlagStatus                        0x08000c61   Thumb Code    98  stm32f10x_rcc.o(i.RCC_GetFlagStatus)
    RCC_LSEConfig                            0x08000ccd   Thumb Code    56  stm32f10x_rcc.o(i.RCC_LSEConfig)
    RCC_RTCCLKCmd                            0x08000d45   Thumb Code    26  stm32f10x_rcc.o(i.RCC_RTCCLKCmd)
    RCC_RTCCLKConfig                         0x08000da1   Thumb Code    40  stm32f10x_rcc.o(i.RCC_RTCCLKConfig)
    RTC_GetCounter                           0x08000e09   Thumb Code    12  stm32f10x_rtc.o(i.RTC_GetCounter)
    RTC_SetCounter                           0x08000e19   Thumb Code    28  stm32f10x_rtc.o(i.RTC_SetCounter)
    RTC_SetPrescaler                         0x08000e39   Thumb Code    46  stm32f10x_rtc.o(i.RTC_SetPrescaler)
    RTC_WaitForLastTask                      0x08000ea9   Thumb Code    16  stm32f10x_rtc.o(i.RTC_WaitForLastTask)
    RTC_WaitForSynchro                       0x08000ebd   Thumb Code    28  stm32f10x_rtc.o(i.RTC_WaitForSynchro)
    SVC_Handler                              0x08000edd   Thumb Code     2  stm32f10x_it.o(i.SVC_Handler)
    SysTick_Handler                          0x08000edf   Thumb Code     4  stm32f10x_it.o(i.SysTick_Handler)
    SystemInit                               0x08000ee5   Thumb Code   196  system_stm32f10x.o(i.SystemInit)
    USART1_IRQHandler                        0x08000fb9   Thumb Code    20  stm32f10x_it.o(i.USART1_IRQHandler)
    USART2_IRQHandler                        0x08000fd1   Thumb Code     2  stm32f10x_it.o(i.USART2_IRQHandler)
    USART3_IRQHandler                        0x08000fd3   Thumb Code     2  stm32f10x_it.o(i.USART3_IRQHandler)
    USART_ClearITPendingBit                  0x08000fd5   Thumb Code   138  stm32f10x_usart.o(i.USART_ClearITPendingBit)
    USART_ClockInit                          0x080010ad   Thumb Code   164  stm32f10x_usart.o(i.USART_ClockInit)
    USART_Cmd                                0x08001191   Thumb Code   100  stm32f10x_usart.o(i.USART_Cmd)
    USART_GetITStatus                        0x08001235   Thumb Code   226  stm32f10x_usart.o(i.USART_GetITStatus)
    USART_ITConfig                           0x08001365   Thumb Code   230  stm32f10x_usart.o(i.USART_ITConfig)
    USART_Init                               0x08001499   Thumb Code   380  stm32f10x_usart.o(i.USART_Init)
    UsageFault_Handler                       0x08001669   Thumb Code     2  stm32f10x_it.o(i.UsageFault_Handler)
    __scatterload_copy                       0x0800166b   Thumb Code    14  handlers.o(i.__scatterload_copy)
    __scatterload_null                       0x08001679   Thumb Code     2  handlers.o(i.__scatterload_null)
    __scatterload_zeroinit                   0x0800167b   Thumb Code    14  handlers.o(i.__scatterload_zeroinit)
    assert_failed                            0x08001689   Thumb Code    28  startup.o(i.assert_failed)
    main                                     0x08001741   Thumb Code    66  startup.o(i.main)
    rt_application_init                      0x080019a5   Thumb Code    86  application.o(i.rt_application_init)
    rt_console_set_device                    0x08001a25   Thumb Code    38  kservice.o(i.rt_console_set_device)
    rt_device_close                          0x08001a51   Thumb Code    48  device.o(i.rt_device_close)
    rt_device_find                           0x08001ab5   Thumb Code    86  device.o(i.rt_device_find)
    rt_device_init_all                       0x08001b11   Thumb Code    64  device.o(i.rt_device_init_all)
    rt_device_open                           0x08001b8d   Thumb Code   120  device.o(i.rt_device_open)
    rt_device_register                       0x08001c71   Thumb Code    30  device.o(i.rt_device_register)
    rt_device_write                          0x08001c91   Thumb Code    48  device.o(i.rt_device_write)
    rt_enter_critical                        0x08001cf5   Thumb Code    22  scheduler.o(i.rt_enter_critical)
    rt_exit_critical                         0x08001d11   Thumb Code    44  scheduler.o(i.rt_exit_critical)
    rt_free                                  0x08001d41   Thumb Code   250  mem.o(i.rt_free)
    rt_hw_board_init                         0x08001e49   Thumb Code    74  board.o(i.rt_hw_board_init)
    rt_hw_console_output                     0x08001ea9   Thumb Code     2  kservice.o(i.rt_hw_console_output)
    rt_hw_hard_fault_exception               0x08001ead   Thumb Code    78  cpuport.o(i.rt_hw_hard_fault_exception)
    rt_hw_rtc_init                           0x08001f9d   Thumb Code   164  rtc.o(i.rt_hw_rtc_init)
    rt_hw_serial_isr                         0x080020b5   Thumb Code   196  serial.o(i.rt_hw_serial_isr)
    rt_hw_serial_register                    0x080021c5   Thumb Code   120  serial.o(i.rt_hw_serial_register)
    rt_hw_stack_init                         0x08002291   Thumb Code    62  cpuport.o(i.rt_hw_stack_init)
    rt_hw_timer_handler                      0x080022cf   Thumb Code    18  board.o(i.rt_hw_timer_handler)
    rt_hw_usart_init                         0x080022e1   Thumb Code   192  usart.o(i.rt_hw_usart_init)
    rt_interrupt_enter                       0x080023b9   Thumb Code    22  irq.o(i.rt_interrupt_enter)
    rt_interrupt_get_nest                    0x080023d5   Thumb Code     6  irq.o(i.rt_interrupt_get_nest)
    rt_interrupt_leave                       0x080023e1   Thumb Code    22  irq.o(i.rt_interrupt_leave)
    rt_kprintf                               0x080023fd   Thumb Code    58  kservice.o(i.rt_kprintf)
    rt_memset                                0x08002441   Thumb Code   168  kservice.o(i.rt_memset)
    rt_mp_alloc                              0x080024e9   Thumb Code   202  mempool.o(i.rt_mp_alloc)
    rt_mp_init                               0x08002605   Thumb Code   110  mempool.o(i.rt_mp_init)
    rt_object_delete                         0x080026a9   Thumb Code    96  object.o(i.rt_object_delete)
    rt_object_detach                         0x08002771   Thumb Code    68  object.o(i.rt_object_detach)
    rt_object_init                           0x080027f1   Thumb Code    74  object.o(i.rt_object_init)
    rt_object_is_systemobject                0x08002845   Thumb Code    36  object.o(i.rt_object_is_systemobject)
    rt_schedule                              0x08002931   Thumb Code   206  scheduler.o(i.rt_schedule)
    rt_schedule_insert_thread                0x08002a1d   Thumb Code    80  scheduler.o(i.rt_schedule_insert_thread)
    rt_schedule_remove_thread                0x08002aad   Thumb Code    86  scheduler.o(i.rt_schedule_remove_thread)
    rt_sem_init                              0x08002b45   Thumb Code    48  ipc.o(i.rt_sem_init)
    rt_sem_release                           0x08002ba9   Thumb Code    66  ipc.o(i.rt_sem_release)
    rt_sem_take                              0x08002bf1   Thumb Code   306  ipc.o(i.rt_sem_take)
    rt_set_errno                             0x08003041   Thumb Code    28  kservice.o(i.rt_set_errno)
    rt_show_version                          0x08003061   Thumb Code   154  kservice.o(i.rt_show_version)
    rt_strncmp                               0x0800318d   Thumb Code    36  kservice.o(i.rt_strncmp)
    rt_strncpy                               0x080031b1   Thumb Code    56  kservice.o(i.rt_strncpy)
    rt_system_heap_init                      0x080031e9   Thumb Code   142  mem.o(i.rt_system_heap_init)
    rt_system_object_init                    0x08003311   Thumb Code     2  object.o(i.rt_system_object_init)
    rt_system_scheduler_init                 0x08003315   Thumb Code    64  scheduler.o(i.rt_system_scheduler_init)
    rt_system_scheduler_start                0x08003361   Thumb Code    74  scheduler.o(i.rt_system_scheduler_start)
    rt_system_tick_init                      0x080033b9   Thumb Code     8  clock.o(i.rt_system_tick_init)
    rt_system_timer_init                     0x080033c5   Thumb Code     8  timer.o(i.rt_system_timer_init)
    rt_system_timer_thread_init              0x080033d1   Thumb Code     2  timer.o(i.rt_system_timer_thread_init)
    rt_thread_delay                          0x080033d5   Thumb Code   114  thread.o(i.rt_thread_delay)
    rt_thread_idle_init                      0x08003565   Thumb Code    40  idle.o(i.rt_thread_idle_init)
    rt_thread_init                           0x080035a1   Thumb Code   184  thread.o(i.rt_thread_init)
    rt_thread_resume                         0x080036b5   Thumb Code   108  thread.o(i.rt_thread_resume)
    rt_thread_self                           0x08003725   Thumb Code     6  thread.o(i.rt_thread_self)
    rt_thread_startup                        0x08003731   Thumb Code   154  thread.o(i.rt_thread_startup)
    rt_thread_suspend                        0x080037d5   Thumb Code    68  thread.o(i.rt_thread_suspend)
    rt_thread_timeout                        0x0800381d   Thumb Code    82  thread.o(i.rt_thread_timeout)
    rt_thread_yield                          0x080038cd   Thumb Code    88  thread.o(i.rt_thread_yield)
    rt_tick_get                              0x0800392d   Thumb Code     6  clock.o(i.rt_tick_get)
    rt_tick_increase                         0x08003939   Thumb Code    38  clock.o(i.rt_tick_increase)
    rt_timer_check                           0x08003965   Thumb Code   282  timer.o(i.rt_timer_check)
    rt_timer_control                         0x08003a8d   Thumb Code    72  timer.o(i.rt_timer_control)
    rt_timer_init                            0x08003b0d   Thumb Code    66  timer.o(i.rt_timer_init)
    rt_timer_start                           0x08003b89   Thumb Code   172  timer.o(i.rt_timer_start)
    rt_lowest_bitmap                         0x0800460c   Data         256  scheduler.o(.constdata)
    Region$$Table$$Base                      0x080049f8   Number         0  anon$$obj.o(Region$$Table)
    Region$$Table$$Limit                     0x08004a18   Number         0  anon$$obj.o(Region$$Table)
    uart1                                    0x20000000   Data          12  usart.o(.data)
    rt_interrupt_nest                        0x20000014   Data           1  irq.o(.data)
    rt_object_trytake_hook                   0x20000050   Data           4  object.o(.data)
    rt_object_take_hook                      0x20000054   Data           4  object.o(.data)
    rt_object_put_hook                       0x20000058   Data           4  object.o(.data)
    rt_object_container                      0x2000005c   Data         144  object.o(.data)
    rt_current_priority                      0x200000ec   Data           1  scheduler.o(.data)
    rt_current_thread                        0x200000f0   Data           4  scheduler.o(.data)
    rt_thread_ready_priority_group           0x200000f4   Data           4  scheduler.o(.data)
    rt_thread_defunct                        0x200000fc   Data           8  scheduler.o(.data)
    SystemCoreClock                          0x20000124   Data           4  system_stm32f10x.o(.data)
    AHBPrescTable                            0x20000128   Data          16  system_stm32f10x.o(.data)
    rt_interrupt_from_thread                 0x20000138   Data           4  cpuport.o(.data)
    rt_interrupt_to_thread                   0x2000013c   Data           4  cpuport.o(.data)
    rt_thread_switch_interrupt_flag          0x20000140   Data           4  cpuport.o(.data)
    uart1_int_rx                             0x20000180   Data          72  usart.o(.bss)
    uart1_device                             0x20000200   Data          64  usart.o(.bss)
    rt_thread_priority_table                 0x200009c0   Data         256  scheduler.o(.bss)
    Image$$RW_IRAM1$$ZI$$Limit               0x20000ec0   Number         0  startup_stm32f10x_hd.o(STACK)
    __initial_sp                             0x20000ec0   Data           0  startup_stm32f10x_hd.o(STACK)



==============================================================================

Memory Map of the image

  Image Entry point : 0x08000131

  Load Region LR_IROM1 (Base: 0x08000000, Size: 0x00004b5c, Max: 0x00080000, ABSOLUTE, COMPRESSED[0x00004a8c])

    Execution Region ER_IROM1 (Base: 0x08000000, Size: 0x00004a18, Max: 0x00080000, ABSOLUTE)

    Base Addr    Size         Type   Attr      Idx    E Section Name        Object

    0x08000000   0x00000130   Data   RO         4413    RESET               startup_stm32f10x_hd.o
    0x08000130   0x00000000   Code   RO         4522  * .ARM.Collect$$$$00000000  mc_w.l(entry.o)(mc_w.l)
    0x08000130   0x00000004   Code   RO         4525    .ARM.Collect$$$$00000001  mc_w.l(entry2.o)(mc_w.l)
    0x08000134   0x00000004   Code   RO         4528    .ARM.Collect$$$$00000004  mc_w.l(entry5.o)(mc_w.l)
    0x08000138   0x00000008   Code   RO         4529    .ARM.Collect$$$$00000007  mc_w.l(entry7.o)(mc_w.l)
    0x08000140   0x00000004   Code   RO         4526    .ARM.Collect$$$$00002712  mc_w.l(entry2.o)(mc_w.l)
    0x08000144   0x00000024   Code   RO         4414    .text               startup_stm32f10x_hd.o
    0x08000168   0x000000c4   Code   RO         4419    .text               context_rvds.o
    0x0800022c   0x00000024   Code   RO         4530    .text               mc_w.l(init.o)(mc_w.l)
    0x08000250   0x0000005c   Code   RO         4540    .text               mc_w.l(__dczerorl2.o)(mc_w.l)
    0x080002ac   0x00000012   Code   RO         1734    i.BKP_DeInit        stm32f10x_bkp.o
    0x080002be   0x00000002   PAD
    0x080002c0   0x000000fc   Code   RO         1739    i.BKP_ReadBackupRegister  stm32f10x_bkp.o
    0x080003bc   0x000000fc   Code   RO         1743    i.BKP_WriteBackupRegister  stm32f10x_bkp.o
    0x080004b8   0x00000002   Code   RO          327    i.BusFault_Handler  stm32f10x_it.o
    0x080004ba   0x00000002   Code   RO          328    i.DMA1_Channel2_IRQHandler  stm32f10x_it.o
    0x080004bc   0x000000e8   Code   RO         2196    i.DMA_Cmd           stm32f10x_dma.o
    0x080005a4   0x00000002   Code   RO          329    i.DebugMon_Handler  stm32f10x_it.o
    0x080005a6   0x00000002   PAD
    0x080005a8   0x00000194   Code   RO         2618    i.GPIO_Init         stm32f10x_gpio.o
    0x0800073c   0x000000a4   Code   RO         2625    i.GPIO_ResetBits    stm32f10x_gpio.o
    0x080007e0   0x000000a4   Code   RO         2626    i.GPIO_SetBits      stm32f10x_gpio.o
    0x08000884   0x00000034   Code   RO          188    i.LED_GPIO_Config   led.o
    0x080008b8   0x00000002   Code   RO          330    i.MemManage_Handler  stm32f10x_it.o
    0x080008ba   0x00000002   Code   RO          331    i.NMI_Handler       stm32f10x_it.o
    0x080008bc   0x000000cc   Code   RO         1474    i.NVIC_Init         misc.o
    0x08000988   0x00000074   Code   RO         1476    i.NVIC_SetVectorTable  misc.o
    0x080009fc   0x00000058   Code   RO         2972    i.PWR_BackupAccessCmd  stm32f10x_pwr.o
    0x08000a54   0x00000080   Code   RO         3034    i.RCC_APB1PeriphClockCmd  stm32f10x_rcc.o
    0x08000ad4   0x00000080   Code   RO         3036    i.RCC_APB2PeriphClockCmd  stm32f10x_rcc.o
    0x08000b54   0x0000005c   Code   RO         3039    i.RCC_BackupResetCmd  stm32f10x_rcc.o
    0x08000bb0   0x000000b0   Code   RO         3044    i.RCC_GetClocksFreq  stm32f10x_rcc.o
    0x08000c60   0x0000006c   Code   RO         3045    i.RCC_GetFlagStatus  stm32f10x_rcc.o
    0x08000ccc   0x00000078   Code   RO         3052    i.RCC_LSEConfig     stm32f10x_rcc.o
    0x08000d44   0x0000005c   Code   RO         3059    i.RCC_RTCCLKCmd     stm32f10x_rcc.o
    0x08000da0   0x00000068   Code   RO         3060    i.RCC_RTCCLKConfig  stm32f10x_rcc.o
    0x08000e08   0x00000010   Code   RO         3237    i.RTC_GetCounter    stm32f10x_rtc.o
    0x08000e18   0x00000020   Code   RO         3243    i.RTC_SetCounter    stm32f10x_rtc.o
    0x08000e38   0x00000070   Code   RO         3244    i.RTC_SetPrescaler  stm32f10x_rtc.o
    0x08000ea8   0x00000014   Code   RO         3245    i.RTC_WaitForLastTask  stm32f10x_rtc.o
    0x08000ebc   0x00000020   Code   RO         3246    i.RTC_WaitForSynchro  stm32f10x_rtc.o
    0x08000edc   0x00000002   Code   RO          332    i.SVC_Handler       stm32f10x_it.o
    0x08000ede   0x00000004   Code   RO          333    i.SysTick_Handler   stm32f10x_it.o
    0x08000ee2   0x00000002   PAD
    0x08000ee4   0x000000d4   Code   RO         4434    i.SystemInit        system_stm32f10x.o
    0x08000fb8   0x00000018   Code   RO          334    i.USART1_IRQHandler  stm32f10x_it.o
    0x08000fd0   0x00000002   Code   RO          335    i.USART2_IRQHandler  stm32f10x_it.o
    0x08000fd2   0x00000002   Code   RO          336    i.USART3_IRQHandler  stm32f10x_it.o
    0x08000fd4   0x000000d8   Code   RO         4178    i.USART_ClearITPendingBit  stm32f10x_usart.o
    0x080010ac   0x000000e4   Code   RO         4179    i.USART_ClockInit   stm32f10x_usart.o
    0x08001190   0x000000a4   Code   RO         4181    i.USART_Cmd         stm32f10x_usart.o
    0x08001234   0x00000130   Code   RO         4185    i.USART_GetITStatus  stm32f10x_usart.o
    0x08001364   0x00000134   Code   RO         4187    i.USART_ITConfig    stm32f10x_usart.o
    0x08001498   0x000001d0   Code   RO         4188    i.USART_Init        stm32f10x_usart.o
    0x08001668   0x00000002   Code   RO          337    i.UsageFault_Handler  stm32f10x_it.o
    0x0800166a   0x0000000e   Code   RO         4534    i.__scatterload_copy  mc_w.l(handlers.o)(mc_w.l)
    0x08001678   0x00000002   Code   RO         4535    i.__scatterload_null  mc_w.l(handlers.o)(mc_w.l)
    0x0800167a   0x0000000e   Code   RO         4536    i.__scatterload_zeroinit  mc_w.l(handlers.o)(mc_w.l)
    0x08001688   0x0000006c   Code   RO          303    i.assert_failed     startup.o
    0x080016f4   0x00000028   Code   RO          130    i.led1_thread_entry  application.o
    0x0800171c   0x00000024   Code   RO          131    i.led2_thread_entry  application.o
    0x08001740   0x0000004c   Code   RO          304    i.main              startup.o
    0x0800178c   0x000000ac   Code   RO          972    i.plug_holes        mem.o
    0x08001838   0x0000016c   Code   RO          825    i.print_number      kservice.o
    0x080019a4   0x00000080   Code   RO          132    i.rt_application_init  application.o
    0x08001a24   0x0000002c   Code   RO          827    i.rt_console_set_device  kservice.o
    0x08001a50   0x00000064   Code   RO          441    i.rt_device_close   device.o
    0x08001ab4   0x0000005c   Code   RO          443    i.rt_device_find    device.o
    0x08001b10   0x0000007c   Code   RO          445    i.rt_device_init_all  device.o
    0x08001b8c   0x000000e4   Code   RO          446    i.rt_device_open    device.o
    0x08001c70   0x0000001e   Code   RO          448    i.rt_device_register  device.o
    0x08001c8e   0x00000002   PAD
    0x08001c90   0x00000064   Code   RO          452    i.rt_device_write   device.o
    0x08001cf4   0x0000001c   Code   RO         1236    i.rt_enter_critical  scheduler.o
    0x08001d10   0x00000030   Code   RO         1237    i.rt_exit_critical  scheduler.o
    0x08001d40   0x00000108   Code   RO          974    i.rt_free           mem.o
    0x08001e48   0x00000060   Code   RO          161    i.rt_hw_board_init  board.o
    0x08001ea8   0x00000002   Code   RO          829    i.rt_hw_console_output  kservice.o
    0x08001eaa   0x00000002   PAD
    0x08001eac   0x000000f0   Code   RO         4492    i.rt_hw_hard_fault_exception  cpuport.o
    0x08001f9c   0x00000118   Code   RO          201    i.rt_hw_rtc_init    rtc.o
    0x080020b4   0x00000110   Code   RO          249    i.rt_hw_serial_isr  serial.o
    0x080021c4   0x000000cc   Code   RO          250    i.rt_hw_serial_register  serial.o
    0x08002290   0x0000003e   Code   RO         4493    i.rt_hw_stack_init  cpuport.o
    0x080022ce   0x00000012   Code   RO          162    i.rt_hw_timer_handler  board.o
    0x080022e0   0x000000d8   Code   RO            1    i.rt_hw_usart_init  usart.o
    0x080023b8   0x0000001c   Code   RO          797    i.rt_interrupt_enter  irq.o
    0x080023d4   0x0000000c   Code   RO          798    i.rt_interrupt_get_nest  irq.o
    0x080023e0   0x0000001c   Code   RO          799    i.rt_interrupt_leave  irq.o
    0x080023fc   0x00000044   Code   RO          830    i.rt_kprintf        kservice.o
    0x08002440   0x000000a8   Code   RO          834    i.rt_memset         kservice.o
    0x080024e8   0x0000011c   Code   RO         1035    i.rt_mp_alloc       mempool.o
    0x08002604   0x000000a4   Code   RO         1042    i.rt_mp_init        mempool.o
    0x080026a8   0x000000c8   Code   RO         1127    i.rt_object_delete  object.o
    0x08002770   0x00000080   Code   RO         1128    i.rt_object_detach  object.o
    0x080027f0   0x00000054   Code   RO         1132    i.rt_object_init    object.o
    0x08002844   0x0000005c   Code   RO         1133    i.rt_object_is_systemobject  object.o
    0x080028a0   0x00000088   Code   RO          202    i.rt_rtc_control    rtc.o
    0x08002928   0x00000004   Code   RO          203    i.rt_rtc_open       rtc.o
    0x0800292c   0x00000004   Code   RO          204    i.rt_rtc_read       rtc.o
    0x08002930   0x000000ec   Code   RO         1238    i.rt_schedule       scheduler.o
    0x08002a1c   0x00000090   Code   RO         1239    i.rt_schedule_insert_thread  scheduler.o
    0x08002aac   0x00000098   Code   RO         1240    i.rt_schedule_remove_thread  scheduler.o
    0x08002b44   0x00000064   Code   RO          594    i.rt_sem_init       ipc.o
    0x08002ba8   0x00000048   Code   RO          595    i.rt_sem_release    ipc.o
    0x08002bf0   0x00000140   Code   RO          596    i.rt_sem_take       ipc.o
    0x08002d30   0x00000004   Code   RO          251    i.rt_serial_close   serial.o
    0x08002d34   0x00000078   Code   RO          252    i.rt_serial_control  serial.o
    0x08002dac   0x000000c4   Code   RO          253    i.rt_serial_init    serial.o
    0x08002e70   0x00000004   Code   RO          254    i.rt_serial_open    serial.o
    0x08002e74   0x00000094   Code   RO          255    i.rt_serial_read    serial.o
    0x08002f08   0x00000138   Code   RO          256    i.rt_serial_write   serial.o
    0x08003040   0x00000020   Code   RO          835    i.rt_set_errno      kservice.o
    0x08003060   0x0000012c   Code   RO          836    i.rt_show_version   kservice.o
    0x0800318c   0x00000024   Code   RO          843    i.rt_strncmp        kservice.o
    0x080031b0   0x00000038   Code   RO          844    i.rt_strncpy        kservice.o
    0x080031e8   0x00000128   Code   RO          980    i.rt_system_heap_init  mem.o
    0x08003310   0x00000002   Code   RO         1137    i.rt_system_object_init  object.o
    0x08003312   0x00000002   PAD
    0x08003314   0x0000004c   Code   RO         1242    i.rt_system_scheduler_init  scheduler.o
    0x08003360   0x00000058   Code   RO         1243    i.rt_system_scheduler_start  scheduler.o
    0x080033b8   0x0000000c   Code   RO          403    i.rt_system_tick_init  clock.o
    0x080033c4   0x0000000c   Code   RO         1399    i.rt_system_timer_init  timer.o
    0x080033d0   0x00000002   Code   RO         1400    i.rt_system_timer_thread_init  timer.o
    0x080033d2   0x00000002   PAD
    0x080033d4   0x0000007c   Code   RO         1306    i.rt_thread_delay   thread.o
    0x08003450   0x00000074   Code   RO         1309    i.rt_thread_exit    thread.o
    0x080034c4   0x000000a0   Code   RO          524    i.rt_thread_idle_entry  idle.o
    0x08003564   0x0000003c   Code   RO          526    i.rt_thread_idle_init  idle.o
    0x080035a0   0x00000114   Code   RO         1311    i.rt_thread_init    thread.o
    0x080036b4   0x00000070   Code   RO         1312    i.rt_thread_resume  thread.o
    0x08003724   0x0000000c   Code   RO         1313    i.rt_thread_self    thread.o
    0x08003730   0x000000a4   Code   RO         1315    i.rt_thread_startup  thread.o
    0x080037d4   0x00000048   Code   RO         1316    i.rt_thread_suspend  thread.o
    0x0800381c   0x000000b0   Code   RO         1317    i.rt_thread_timeout  thread.o
    0x080038cc   0x00000060   Code   RO         1318    i.rt_thread_yield   thread.o
    0x0800392c   0x0000000c   Code   RO          405    i.rt_tick_get       clock.o
    0x08003938   0x0000002c   Code   RO          406    i.rt_tick_increase  clock.o
    0x08003964   0x00000128   Code   RO         1401    i.rt_timer_check    timer.o
    0x08003a8c   0x00000080   Code   RO         1402    i.rt_timer_control  timer.o
    0x08003b0c   0x0000007c   Code   RO         1406    i.rt_timer_init     timer.o
    0x08003b88   0x000000b8   Code   RO         1407    i.rt_timer_start    timer.o
    0x08003c40   0x000002d4   Code   RO          847    i.vsnprintf         kservice.o
    0x08003f14   0x0000000f   Data   RO          207    .constdata          rtc.o
    0x08003f23   0x00000001   PAD
    0x08003f24   0x000000bf   Data   RO          257    .constdata          serial.o
    0x08003fe3   0x000000a8   Data   RO          453    .constdata          device.o
    0x0800408b   0x00000001   PAD
    0x0800408c   0x00000060   Data   RO          529    .constdata          idle.o
    0x080040ec   0x0000022e   Data   RO          598    .constdata          ipc.o
    0x0800431a   0x00000022   Data   RO          849    .constdata          kservice.o
    0x0800433c   0x00000231   Data   RO          982    .constdata          mem.o
    0x0800456d   0x0000003e   Data   RO         1043    .constdata          mempool.o
    0x080045ab   0x0000005e   Data   RO         1138    .constdata          object.o
    0x08004609   0x00000003   PAD
    0x0800460c   0x000001d5   Data   RO         1245    .constdata          scheduler.o
    0x080047e1   0x00000003   PAD
    0x080047e4   0x00000123   Data   RO         1319    .constdata          thread.o
    0x08004907   0x00000001   PAD
    0x08004908   0x000000b1   Data   RO         1410    .constdata          timer.o
    0x080049b9   0x00000003   PAD
    0x080049bc   0x0000003c   Data   RO         3064    .constdata          stm32f10x_rcc.o
    0x080049f8   0x00000020   Data   RO         4532    Region$$Table       anon$$obj.o


    Execution Region RW_IRAM1 (Base: 0x20000000, Size: 0x00000ec0, Max: 0x00010000, ABSOLUTE, COMPRESSED[0x00000074])

    Base Addr    Size         Type   Attr      Idx    E Section Name        Object

    0x20000000   0x0000000c   Data   RW            4    .data               usart.o
    0x2000000c   0x00000004   Data   RW          408    .data               clock.o
    0x20000010   0x00000004   Data   RW          530    .data               idle.o
    0x20000014   0x00000001   Data   RW          800    .data               irq.o
    0x20000015   0x00000003   PAD
    0x20000018   0x00000008   Data   RW          850    .data               kservice.o
    0x20000020   0x00000020   Data   RW          983    .data               mem.o
    0x20000040   0x00000008   Data   RW         1044    .data               mempool.o
    0x20000048   0x000000a4   Data   RW         1139    .data               object.o
    0x200000ec   0x00000018   Data   RW         1246    .data               scheduler.o
    0x20000104   0x0000000c   Data   RW         1411    .data               timer.o
    0x20000110   0x00000014   Data   RW         3065    .data               stm32f10x_rcc.o
    0x20000124   0x00000014   Data   RW         4435    .data               system_stm32f10x.o
    0x20000138   0x00000004   Data   RW         4495    .data               cpuport.o
    0x2000013c   0x00000004   Data   RW         4496    .data               cpuport.o
    0x20000140   0x00000004   Data   RW         4497    .data               cpuport.o
    0x20000144   0x0000003c   PAD
    0x20000180   0x00000048   Zero   RW            2    .bss                usart.o
    0x200001c8   0x00000038   PAD
    0x20000200   0x00000040   Zero   RW            3    .bss                usart.o
    0x20000240   0x00000500   Zero   RW          133    .bss                application.o
    0x20000740   0x00000040   Zero   RW          206    .bss                rtc.o
    0x20000780   0x00000180   Zero   RW          528    .bss                idle.o
    0x20000900   0x00000080   Zero   RW          848    .bss                kservice.o
    0x20000980   0x00000020   Zero   RW          981    .bss                mem.o
    0x200009a0   0x00000020   PAD
    0x200009c0   0x00000100   Zero   RW         1244    .bss                scheduler.o
    0x20000ac0   0x00000400   Zero   RW         4411    STACK               startup_stm32f10x_hd.o


==============================================================================

Image component sizes


      Code (inc. data)   RO Data    RW Data    ZI Data      Debug   Object Name

       204         50          0          0       1280          0   application.o
       114         22          0          0          0          0   board.o
        68         16          0          4          0          0   clock.o
       196         20          0          0          0          0   context_rvds.o
       302        162          0         12          0          0   cpuport.o
       674        278        168          0          0          0   device.o
       220         32         96          4        384          0   idle.o
       492         72        558          0          0          0   ipc.o
        68         18          0          1          0          0   irq.o
      1794        186         34          8        128          0   kservice.o
        52          4          0          0          0          0   led.o
       732        178        561         32         32          0   mem.o
       448        136         62          8          0          0   mempool.o
       320        112          0          0          0          0   misc.o
       506        230         94        164          0          0   object.o
       424        168         15          0         64          0   rtc.o
       772        196        469         24        256          0   scheduler.o
      1260        338        191          0          0          0   serial.o
       184         90          0          0          0          0   startup.o
        36          8        304          0       1024          0   startup_stm32f10x_hd.o
       522        130          0          0          0          0   stm32f10x_bkp.o
       232        108          0          0          0          0   stm32f10x_dma.o
       732        192          0          0          0          0   stm32f10x_gpio.o
        46          4          0          0          0          0   stm32f10x_it.o
        88         64          0          0          0          0   stm32f10x_pwr.o
       948        430         60         20          0          0   stm32f10x_rcc.o
       212         82          0          0          0          0   stm32f10x_rtc.o
      1684        446          0          0          0          0   stm32f10x_usart.o
       212         16          0         20          0          0   system_stm32f10x.o
      1148        238        291          0          0          0   thread.o
       746        144        177         12          0          0   timer.o
       216         24          0         12        136          0   usart.o

    ----------------------------------------------------------------------
     15666       4194       3124        324       3452          0   Object Totals
         0          0         32          0          0          0   (incl. Generated)
        14          0         12          3        148          1   (incl. Padding)

    ----------------------------------------------------------------------

      Code (inc. data)   RO Data    RW Data    ZI Data      Debug   Library Member Name

        92          0          0          0          0          0   __dczerorl2.o
         0          0          0          0          0          0   entry.o
         8          4          0          0          0          0   entry2.o
         4          0          0          0          0          0   entry5.o
         8          4          0          0          0          0   entry7.o
        30          0          0          0          0          0   handlers.o
        36          8          0          0          0          0   init.o

    ----------------------------------------------------------------------
       178         16          0          0          0          0   Library Totals
         0          0          0          0          0          0   (incl. Padding)

    ----------------------------------------------------------------------

      Code (inc. data)   RO Data    RW Data    ZI Data      Debug   Library Name

       178         16          0          0          0         68   mc_w.l

    ----------------------------------------------------------------------
       178         16          0          0          0          0   Library Totals

    ----------------------------------------------------------------------

==============================================================================


      Code (inc. data)   RO Data    RW Data    ZI Data      Debug   

     15844       4210       3124        324       3452     415216   Grand Totals
     15844       4210       3124        116       3452     415216   ELF Image Totals (compressed)
     15844       4210       3124        116          0          0   ROM Totals

==============================================================================

    Total RO  Size (Code + RO Data)                18968 (  18.52kB)
    Total RW  Size (RW Data + ZI Data)              3776 (   3.69kB)
    Total ROM Size (Code + RO Data + RW Data)      19084 (  18.64kB)

==============================================================================

