<html>
<body>
<pre>
<h1>µVision Build Log</h1>
<h2>Project:</h2>
D:\GitHub\Ò°»ðM3-RT-Thread-LED\proj\RTT_LED.uvproj
Project File Date:  03/03/2012

<h2>Output:</h2>
Build target 'Target 1'
compiling usart.c...
compiling application.c...
compiling board.c...
compiling led.c...
compiling rtc.c...
compiling serial.c...
compiling startup.c...
compiling stm32f10x_it.c...
compiling clock.c...
compiling device.c...
compiling idle.c...
compiling ipc.c...
compiling irq.c...
compiling kservice.c...
kservice.c: Warning:  #68-D: integer conversion resulted in a change of sign
kservice.c: Warning:  #68-D: integer conversion resulted in a change of sign
kservice.c: Warning:  #68-D: integer conversion resulted in a change of sign
kservice.c: Warning:  #68-D: integer conversion resulted in a change of sign
kservice.c: Warning:  #68-D: integer conversion resulted in a change of sign
kservice.c: Warning:  #68-D: integer conversion resulted in a change of sign
kservice.c: Warning:  #68-D: integer conversion resulted in a change of sign
kservice.c: ..\rtt\src\kservice.c: 7 warnings, 0 errors
compiling mem.c...
compiling mempool.c...
compiling module.c...
compiling object.c...
compiling rtm.c...
compiling scheduler.c...
compiling slab.c...
compiling thread.c...
compiling timer.c...
compiling misc.c...
compiling stm32f10x_adc.c...
compiling stm32f10x_bkp.c...
compiling stm32f10x_can.c...
compiling stm32f10x_cec.c...
compiling stm32f10x_crc.c...
compiling stm32f10x_dac.c...
compiling stm32f10x_dbgmcu.c...
compiling stm32f10x_dma.c...
compiling stm32f10x_exti.c...
compiling stm32f10x_flash.c...
compiling stm32f10x_fsmc.c...
compiling stm32f10x_gpio.c...
compiling stm32f10x_i2c.c...
compiling stm32f10x_iwdg.c...
compiling stm32f10x_pwr.c...
compiling stm32f10x_rcc.c...
compiling stm32f10x_rtc.c...
compiling stm32f10x_sdio.c...
compiling stm32f10x_spi.c...
compiling stm32f10x_tim.c...
compiling stm32f10x_usart.c...
compiling stm32f10x_wwdg.c...
compiling core_cm3.c...
compiling system_stm32f10x.c...
compiling backtrace.c...
compiling showmem.c...
compiling cpuport.c...
linking...
Program Size: Code=15844 RO-data=3124 RW-data=324 ZI-data=3452  
"RTT_LED.axf" - 0 Error(s), 7 Warning(s).
